Microchip MPLAB XC8 Compiler V1.40 ()

Linker command line:

-W-3 --edf=C:\Program Files (x86)\Microchip\xc8\v1.40\dat\en_msgs.txt -cs \
  -h+dist/default/production\clcd_usart_cmd_consol.X.production.sym \
  --cmf=dist/default/production\clcd_usart_cmd_consol.X.production.cmf -z \
  -Q18F46K22 -oC:\Users\NOYEL_~1\AppData\Local\Temp\s4j8.2 \
  -Mdist/default/production/clcd_usart_cmd_consol.X.production.map -E1 \
  -ver=XC8 -ASTACK=0A0Dh-0f37h -pstack=STACK -ACODE=00h-0FFFFh \
  -ACONST=00h-0FFFFh -ASMALLCONST=01000h-010FFhx240 \
  -AMEDIUMCONST=01000h-0FFFFh -ACOMRAM=01h-05Fh -AABS1=00h-0F37h \
  -ABIGRAM=01h-0F37h -ARAM=060h-0FFh,0100h-01FFhx14,0F00h-0F37h \
  -ABANK0=060h-0FFh -ABANK1=0100h-01FFh -ABANK2=0200h-02FFh \
  -ABANK3=0300h-03FFh -ABANK4=0400h-04FFh -ABANK5=0500h-05FFh \
  -ABANK6=0600h-06FFh -ABANK7=0700h-07FFh -ABANK8=0800h-08FFh \
  -ABANK9=0900h-09FFh -ABANK10=0A00h-0AFFh -ABANK11=0B00h-0BFFh \
  -ABANK12=0C00h-0CFFh -ABANK13=0D00h-0DFFh -ABANK14=0E00h-0EFFh \
  -ABANK15=0F00h-0F37h -ASFR=0F38h-0F5Fh,0F60h-0FFFh \
  -preset_vec=00h,intcode=08h,intcodelo,powerup,init -pramtop=01000h \
  -psmallconst=SMALLCONST -pmediumconst=MEDIUMCONST -pconst=CONST \
  -AFARRAM=00h-00h -ACONFIG=0300000h-030000Dh -pconfig=CONFIG \
  -AIDLOC=0200000h-0200007h -pidloc=IDLOC -AEEDATA=0F00000h-0F003FFh \
  -peeprom_data=EEDATA \
  -prdata=COMRAM,nvrram=COMRAM,nvbit=COMRAM,rbss=COMRAM,rbit=COMRAM \
  -pfarbss=FARRAM,fardata=FARRAM,nvFARRAM=FARRAM \
  -pintsave_regs=BIGRAM,bigbss=BIGRAM,bigdata=BIGRAM -pbss=RAM \
  -pidata=CODE,irdata=CODE,ibigdata=CODE,ifardata=CODE -prparam=COMRAM \
  C:\Users\NOYEL_~1\AppData\Local\Temp\s4j8.obj \
  dist/default/production\clcd_usart_cmd_consol.X.production.obj 

Object code version is 3.11

Machine type is 18F46K22

Call graph: (short form)




                Name                               Link     Load   Length Selector   Space Scale
C:\Users\NOYEL_~1\AppData\Local\Temp\s4j8.obj
                init                                 A6       A6        4        4       0
                reset_vec                             0        0        4        0       0
                idloc                            200000   200000        8   200000       0
                config                           300000   300000        E   300000       0
dist/default/production\clcd_usart_cmd_consol.X.production.obj
                intcode                               8        8       9E        4       0
                temp                                 50       50        1        1       1
                mediumconst                        FC5C     FC5C      3A4     7E2E       0
                text107                            4BDC     4BDC       2C        4       0
                text106                            4AF6     4AF6       32        4       0
                text105                            4D3A     4D3A       1E        4       0
                text104                            4E70     4E70        C        4       0
                text103                            4ECC     4ECC        2        4       0
                text102                            4C78     4C78       24        4       0
                text101                            4DCE     4DCE       10        4       0
                text99                             4A5A     4A5A       36        4       0
                text98                             4D72     4D72       16        4       0
                text97                             4EC8     4EC8        4        4       0
                text96                             4E32     4E32        E        4       0
                text95                             475E     475E       4A        4       0
                text94                             4E9A     4E9A        A        4       0
                text93                             4EC4     4EC4        4        4       0
                text92                             49EC     49EC       38        4       0
                text91                             4EC0     4EC0        4        4       0
                text90                             4D1C     4D1C       1E        4       0
                text89                             4EB2     4EB2        6        4       0
                text88                             4C2E     4C2E       26        4       0
                text87                             4CBE     4CBE       22        4       0
                text86                             4EBC     4EBC        4        4       0
                text85                             4A90     4A90       34        4       0
                text84                             4C08     4C08       26        4       0
                text83                             4CFE     4CFE       1E        4       0
                text82                             398C     398C       CE        4       0
                text81                             4BB0     4BB0       2C        4       0
                text80                             4AC4     4AC4       32        4       0
                text79                             45D8     45D8       52        4       0
                text78                             4872     4872       42        4       0
                text77                             4E64     4E64        C        4       0
                text76                             4E90     4E90        A        4       0
                text75                             16D0     16D0      3E8        4       0
                text74                             4A24     4A24       36        4       0
                text73                             4584     4584       54        4       0
                text72                             3D30     3D30       AE        4       0
                text71                             3C82     3C82       AE        4       0
                text70                             3DDE     3DDE       A4        4       0
                text69                             3FBA     3FBA       98        4       0
                text68                             3F22     3F22       98        4       0
                text67                             4B56     4B56       2E        4       0
                text66                             43B6     43B6       68        4       0
                text65                             3B18     3B18       B6        4       0
                text64                             4714     4714       4A        4       0
                text63                             4346     4346       70        4       0
                text62                             467A     467A       50        4       0
                text61                             462A     462A       50        4       0
                text60                             3A5A     3A5A       BE        4       0
                text59                               AA       AA      C82        4       0
                text58                             4E24     4E24        E        4       0
                text57                             4E16     4E16        E        4       0
                text56                             40DE     40DE       84        4       0
                text55                             4E58     4E58        C        4       0
                text54                             4E4C     4E4C        C        4       0
                text53                             4EB8     4EB8        4        4       0
                text52                             47EC     47EC       44        4       0
                text51                             4934     4934       40        4       0
                text50                             46CA     46CA       4A        4       0
                text49                             48F4     48F4       40        4       0
                text48                             49B2     49B2       3A        4       0
                text47                             447C     447C       5A        4       0
                text46                             4CE0     4CE0       1E        4       0
                text45                             4DBE     4DBE       10        4       0
                text44                             4C9C     4C9C       22        4       0
                text43                             4E86     4E86        A        4       0
                text42                             48B4     48B4       40        4       0
                text41                             3BCE     3BCE       B4        4       0
                text40                             37DE     37DE       DE        4       0
                text39                             4E08     4E08        E        4       0
                text38                             4E7C     4E7C        A        4       0
                text37                             4DFA     4DFA        E        4       0
                text36                             4DEC     4DEC        E        4       0
                text35                             4974     4974       3E        4       0
                text34                             4C54     4C54       24        4       0
                text33                             4830     4830       42        4       0
                text32                             3444     3444      150        4       0
                text31                             4B28     4B28       2E        4       0
                text30                             4D88     4D88       14        4       0
                text29                             2B2C     2B2C      280        4       0
                text28                             3020     3020      230        4       0
                text27                             42D6     42D6       70        4       0
                text26                             452E     452E       56        4       0
                text25                             44D6     44D6       58        4       0
                text24                             4DAE     4DAE       10        4       0
                text23                             36D8     36D8      106        4       0
                text22                             2586     2586      2F6        4       0
                text21                             287C     287C      2B0        4       0
                text20                             3250     3250      1F4        4       0
                text19                             4EA4     4EA4        8        4       0
                text18                             4E40     4E40        C        4       0
                text17                             4DDE     4DDE        E        4       0
                text16                             4EAC     4EAC        6        4       0
                text15                             47A8     47A8       44        4       0
                text14                             4B84     4B84       2C        4       0
                text13                             4D58     4D58       1A        4       0
                text12                             4162     4162       80        4       0
                text11                             441E     441E       5E        4       0
                text10                             2246     2246      340        4       0
                text9                              3594     3594      144        4       0
                text8                              1E92     1E92      3B4        4       0
                text7                              12DE     12DE      3F2        4       0
                text6                              2DAC     2DAC      274        4       0
                text5                               D2C      D2C      5B2        4       0
                text4                              38BC     38BC       D0        4       0
                text3                              3E82     3E82       A0        4       0
                text2                              1AB8     1AB8      3DA        4       0
                text1                              4260     4260       76        4       0
                text0                              4052     4052       8C        4       0
                cstackCOMRAM                          1        1       40        1       1
                cstackBANK0                          60       60       15       60       1
                cstackBANK5                         500      500       99      500       1
                bssBIGRAM                           599      599      474      599       1
                bssBANK4                            400      400       96      400       1
                bssBANK3                            300      300       96      300       1
                bssBANK2                            200      200       CC      200       1
                dataBANK1                           1DA      1DA       12      100       1
                bssBANK1                            100      100       DA      100       1
                bssBANK0                             75       75        1       60       1
                bssCOMRAM                            41       41        D        1       1
                cinit                              41E2     41E2       7E        4       0
                nvBANK1                             1EC      1EC        7      100       1
                nvCOMRAM                             4E       4E        2        1       1
                idataBANK1                         4D9C     4D9C       12        4       0

TOTAL           Name                               Link     Load   Length     Space
        CLASS   STACK          

        CLASS   CODE           
                intcode                               8        8       9E         0
                init                                 A6       A6        4         0
                reset_vec                             0        0        4         0
                text107                            4BDC     4BDC       2C         0
                text106                            4AF6     4AF6       32         0
                text105                            4D3A     4D3A       1E         0
                text104                            4E70     4E70        C         0
                text103                            4ECC     4ECC        2         0
                text102                            4C78     4C78       24         0
                text101                            4DCE     4DCE       10         0
                text99                             4A5A     4A5A       36         0
                text98                             4D72     4D72       16         0
                text97                             4EC8     4EC8        4         0
                text96                             4E32     4E32        E         0
                text95                             475E     475E       4A         0
                text94                             4E9A     4E9A        A         0
                text93                             4EC4     4EC4        4         0
                text92                             49EC     49EC       38         0
                text91                             4EC0     4EC0        4         0
                text90                             4D1C     4D1C       1E         0
                text89                             4EB2     4EB2        6         0
                text88                             4C2E     4C2E       26         0
                text87                             4CBE     4CBE       22         0
                text86                             4EBC     4EBC        4         0
                text85                             4A90     4A90       34         0
                text84                             4C08     4C08       26         0
                text83                             4CFE     4CFE       1E         0
                text82                             398C     398C       CE         0
                text81                             4BB0     4BB0       2C         0
                text80                             4AC4     4AC4       32         0
                text79                             45D8     45D8       52         0
                text78                             4872     4872       42         0
                text77                             4E64     4E64        C         0
                text76                             4E90     4E90        A         0
                text75                             16D0     16D0      3E8         0
                text74                             4A24     4A24       36         0
                text73                             4584     4584       54         0
                text72                             3D30     3D30       AE         0
                text71                             3C82     3C82       AE         0
                text70                             3DDE     3DDE       A4         0
                text69                             3FBA     3FBA       98         0
                text68                             3F22     3F22       98         0
                text67                             4B56     4B56       2E         0
                text66                             43B6     43B6       68         0
                text65                             3B18     3B18       B6         0
                text64                             4714     4714       4A         0
                text63                             4346     4346       70         0
                text62                             467A     467A       50         0
                text61                             462A     462A       50         0
                text60                             3A5A     3A5A       BE         0
                text59                               AA       AA      C82         0
                text58                             4E24     4E24        E         0
                text57                             4E16     4E16        E         0
                text56                             40DE     40DE       84         0
                text55                             4E58     4E58        C         0
                text54                             4E4C     4E4C        C         0
                text53                             4EB8     4EB8        4         0
                text52                             47EC     47EC       44         0
                text51                             4934     4934       40         0
                text50                             46CA     46CA       4A         0
                text49                             48F4     48F4       40         0
                text48                             49B2     49B2       3A         0
                text47                             447C     447C       5A         0
                text46                             4CE0     4CE0       1E         0
                text45                             4DBE     4DBE       10         0
                text44                             4C9C     4C9C       22         0
                text43                             4E86     4E86        A         0
                text42                             48B4     48B4       40         0
                text41                             3BCE     3BCE       B4         0
                text40                             37DE     37DE       DE         0
                text39                             4E08     4E08        E         0
                text38                             4E7C     4E7C        A         0
                text37                             4DFA     4DFA        E         0
                text36                             4DEC     4DEC        E         0
                text35                             4974     4974       3E         0
                text34                             4C54     4C54       24         0
                text33                             4830     4830       42         0
                text32                             3444     3444      150         0
                text31                             4B28     4B28       2E         0
                text30                             4D88     4D88       14         0
                text29                             2B2C     2B2C      280         0
                text28                             3020     3020      230         0
                text27                             42D6     42D6       70         0
                text26                             452E     452E       56         0
                text25                             44D6     44D6       58         0
                text24                             4DAE     4DAE       10         0
                text23                             36D8     36D8      106         0
                text22                             2586     2586      2F6         0
                text21                             287C     287C      2B0         0
                text20                             3250     3250      1F4         0
                text19                             4EA4     4EA4        8         0
                text18                             4E40     4E40        C         0
                text17                             4DDE     4DDE        E         0
                text16                             4EAC     4EAC        6         0
                text15                             47A8     47A8       44         0
                text14                             4B84     4B84       2C         0
                text13                             4D58     4D58       1A         0
                text12                             4162     4162       80         0
                text11                             441E     441E       5E         0
                text10                             2246     2246      340         0
                text9                              3594     3594      144         0
                text8                              1E92     1E92      3B4         0
                text7                              12DE     12DE      3F2         0
                text6                              2DAC     2DAC      274         0
                text5                               D2C      D2C      5B2         0
                text4                              38BC     38BC       D0         0
                text3                              3E82     3E82       A0         0
                text2                              1AB8     1AB8      3DA         0
                text1                              4260     4260       76         0
                text0                              4052     4052       8C         0
                cinit                              41E2     41E2       7E         0
                idataBANK1                         4D9C     4D9C       12         0

        CLASS   CONST          

        CLASS   SMALLCONST     

        CLASS   MEDIUMCONST    
                mediumconst                        FC5C     FC5C      3A4         0

        CLASS   COMRAM         
                temp                                 50       50        1         1
                cstackCOMRAM                          1        1       40         1
                bssCOMRAM                            41       41        D         1
                nvCOMRAM                             4E       4E        2         1

        CLASS   ABS1           

        CLASS   BIGRAM         
                bssBIGRAM                           599      599      474         1

        CLASS   RAM            

        CLASS   BANK0          
                cstackBANK0                          60       60       15         1
                bssBANK0                             75       75        1         1

        CLASS   BANK1          
                dataBANK1                           1DA      1DA       12         1
                bssBANK1                            100      100       DA         1
                nvBANK1                             1EC      1EC        7         1

        CLASS   BANK2          
                bssBANK2                            200      200       CC         1

        CLASS   BANK3          
                bssBANK3                            300      300       96         1

        CLASS   BANK4          
                bssBANK4                            400      400       96         1

        CLASS   BANK5          
                cstackBANK5                         500      500       99         1

        CLASS   BANK6          

        CLASS   BANK7          

        CLASS   BANK8          

        CLASS   BANK9          

        CLASS   BANK10         

        CLASS   BANK11         

        CLASS   BANK12         

        CLASS   BANK13         

        CLASS   BANK14         

        CLASS   BANK15         

        CLASS   SFR            

        CLASS   FARRAM         

        CLASS   CONFIG         
                config                           300000   300000        E         0

        CLASS   IDLOC          
                idloc                            200000   200000        8         0

        CLASS   EEDATA         



SEGMENTS        Name                           Load    Length   Top    Selector   Space  Class

                reset_vec                      000000  000004  000004         0       0  CODE    
                cstackCOMRAM                   000001  000050  000051         1       1  COMRAM  
                intcode                        000008  004EC6  004ECE         4       0  CODE    
                cstackBANK0                    000060  000016  000076        60       1  BANK0   
                bssBANK1                       000100  0000F3  0001F3       100       1  BANK1   
                bssBANK2                       000200  0000CC  0002CC       200       1  BANK2   
                bssBANK3                       000300  000096  000396       300       1  BANK3   
                bssBANK4                       000400  000096  000496       400       1  BANK4   
                cstackBANK5                    000500  000099  000599       500       1  BANK5   
                bssBIGRAM                      000599  000474  000A0D       599       1  BIGRAM  
                mediumconst                    00FC5C  0003A4  010000      7E2E       0  MEDIUMCO
                idloc                          200000  000008  200008    200000       0  IDLOC   
                config                         300000  00000E  30000E    300000       0  CONFIG  


UNUSED ADDRESS RANGES

        Name                Unused          Largest block    Delta
        BANK0            000076-0000FF               8A
        BANK1            0001F3-0001FF                D
        BANK10           000A0D-000AFF               F3
        BANK11           000B00-000BFF              100
        BANK12           000C00-000CFF              100
        BANK13           000D00-000DFF              100
        BANK14           000E00-000EFF              100
        BANK15           000F00-000F37               38
        BANK2            0002CC-0002FF               34
        BANK3            000396-0003FF               6A
        BANK4            000496-0004FF               6A
        BIGRAM           000051-00005F                F
                         000076-0000FF               8A
                         0001F3-0001FF                D
                         0002CC-0002FF               34
                         000396-0003FF               6A
                         000496-0004FF               6A
                         000A0D-000F37              52B
        CODE             000004-000007                4
                         004ECE-00FC5B             AD8E
        COMRAM           000051-00005F                F
        CONST            000004-000007                4
                         004ECE-00FC5B             AD8E
        EEDATA           F00000-F003FF              400
        MEDIUMCONST      004ECE-00FC5B             AD8E
        RAM              000076-0000FF               8A
                         0001F3-0001FF                D
                         0002CC-0002FF               34
                         000396-0003FF               6A
                         000496-0004FF               6A
                         000A0D-000F37              100
        SFR              000F38-000FFF               28
        SMALLCONST       004ECE-00FC5B              100
        STACK            000A0D-000F37              52B

                                  Symbol Table

?___awdiv                                        cstackCOMRAM 000010
?___awmod                                        cstackCOMRAM 00001E
?___lmul                                         cstackCOMRAM 000010
?___lwdiv                                        cstackCOMRAM 000010
?___lwmod                                        cstackCOMRAM 000017
?___wmul                                         cstackCOMRAM 000018
?__doprnt                                        cstackCOMRAM 00001C
?_atoi                                           cstackCOMRAM 00001E
?_get_new_uid                                    cstackCOMRAM 000024
?_max_display_support                            cstackCOMRAM 000010
?_printf                                         cstackCOMRAM 00002B
?_rand                                           cstackCOMRAM 00001C
?_sprintf                                        cstackCOMRAM 00002B
?_strchr                                         cstackCOMRAM 000010
?_strcmp                                         cstackCOMRAM 000010
?_strcspn                                        cstackCOMRAM 000016
?_strlen                                         cstackCOMRAM 00001E
?_strncmp                                        cstackCOMRAM 000024
?_strspn                                         cstackCOMRAM 000016
?_strstr                                         cstackCOMRAM 00002D
?_strtok                                         cstackCOMRAM 00001D
EUSART1_Read@readValue                           cstackCOMRAM 000010
EUSART1_Write@txData                             cstackCOMRAM 000010
EUSART2_Write@txData                             cstackCOMRAM 000010
TMR0_SetInterruptHandler@InterruptHandler        cstackCOMRAM 000010
_ANSELA                                          (abs)        000F38
_ANSELB                                          (abs)        000F39
_ANSELC                                          (abs)        000F3A
_ANSELD                                          (abs)        000F3B
_ANSELE                                          (abs)        000F3C
_BAUDCON1                                        (abs)        000FB8
_BAUDCON2                                        (abs)        000F70
_CMD                                             bssBANK1     0001CB
_EUSART1_Initialize                              text99       004A5A
_EUSART1_Read                                    text85       004A90
_EUSART1_Receive_ISR                             text107      004BDC
_EUSART1_Transmit_ISR                            text106      004AF6
_EUSART1_Write                                   text35       004974
_EUSART2_Initialize                              text98       004D72
_EUSART2_Write                                   text77       004E64
_INTCON2bits                                     (abs)        000FF1
_INTCONbits                                      (abs)        000FF2
_INTERRUPT_Initialize                            text97       004EC8
_INTERRUPT_InterruptManager                      intcode      000008
_LATA                                            (abs)        000F89
_LATB                                            (abs)        000F8A
_LATC                                            (abs)        000F8B
_LATD                                            (abs)        000F8C
_LATE                                            (abs)        000F8D
_LATEbits                                        (abs)        000F8D
_LCD_16x2_DISPLAY                                bssBANK1     000116
_LCD_20x4_DISPLAY                                bssBANK1     000117
_OSCCON                                          (abs)        000FD3
_OSCCON2                                         (abs)        000FD2
_OSCILLATOR_Initialize                           text96       004E32
_OSCTUNE                                         (abs)        000F9B
_PIE1bits                                        (abs)        000F9D
_PIN_MANAGER_Initialize                          text95       00475E
_PIR1bits                                        (abs)        000F9E
_PIR3bits                                        (abs)        000FA4
_PIR5bits                                        (abs)        000F7E
_PORTAbits                                       (abs)        000F80
_PORTC                                           (abs)        000F82
_PORTCbits                                       (abs)        000F82
_PORTD                                           (abs)        000F83
_RCONbits                                        (abs)        000FD0
_RCREG1                                          (abs)        000FAE
_RCREG2                                          (abs)        000F74
_RCSTA1                                          (abs)        000FAB
_RCSTA1bits                                      (abs)        000FAB
_RCSTA2                                          (abs)        000F71
_RCSTA2bits                                      (abs)        000F71
_SPBRG1                                          (abs)        000FAF
_SPBRG2                                          (abs)        000F75
_SPBRGH1                                         (abs)        000FB0
_SPBRGH2                                         (abs)        000F76
_SYSTEM_Initialize                               text87       004CBE
_T0CON                                           (abs)        000FD5
_T0CONbits                                       (abs)        000FD5
_T1CON                                           (abs)        000FCD
_T1CONbits                                       (abs)        000FCD
_T1GCON                                          (abs)        000FCC
_T1GCONbits                                      (abs)        000FCC
_T5CON                                           (abs)        000F4E
_T5CONbits                                       (abs)        000F4E
_T5GCON                                          (abs)        000F4D
_T5GCONbits                                      (abs)        000F4D
_TMR0H                                           (abs)        000FD7
_TMR0L                                           (abs)        000FD6
_TMR0_CallBack                                   text102      004C78
_TMR0_DefaultInterruptHandler                    text103      004ECC
_TMR0_ISR                                        text101      004DCE
_TMR0_Initialize                                 text92       0049EC
_TMR0_InterruptHandler                           nvBANK1      0001EC
_TMR0_SetInterruptHandler                        text94       004E9A
_TMR0_StartTimer                                 text93       004EC4
_TMR0_StopTimer                                  text86       004EBC
_TMR1                                            (abs)        000FCE
_TMR1H                                           (abs)        000FCF
_TMR1L                                           (abs)        000FCE
_TMR1_HasOverflowOccured                         text55       004E58
_TMR1_Initialize                                 text90       004D1C
_TMR1_InterruptHandler                           bssBANK1     000108
_TMR1_Reload                                     text54       004E4C
_TMR1_StartTimer                                 text91       004EC0
_TMR1_StopTimer                                  text53       004EB8
_TMR5                                            (abs)        000F4F
_TMR5H                                           (abs)        000F50
_TMR5L                                           (abs)        000F4F
_TMR5_HasOverflowOccured                         text18       004E40
_TMR5_Initialize                                 text88       004C2E
_TMR5_InterruptHandler                           bssBANK1     00010A
_TMR5_Reload                                     text17       004DDE
_TMR5_StartTimer                                 text89       004EB2
_TMR5_StopTimer                                  text16       004EAC
_TRISA                                           (abs)        000F92
_TRISB                                           (abs)        000F93
_TRISC                                           (abs)        000F94
_TRISCbits                                       (abs)        000F94
_TRISD                                           (abs)        000F95
_TRISE                                           (abs)        000F96
_TXREG1                                          (abs)        000FAD
_TXREG2                                          (abs)        000F73
_TXSTA1                                          (abs)        000FAC
_TXSTA2                                          (abs)        000F72
_WPUB                                            (abs)        000F61
__CFG_BOREN$SBORDIS                              (abs)        000000
__CFG_BORV$190                                   (abs)        000000
__CFG_CCP2MX$PORTC1                              (abs)        000000
__CFG_CCP3MX$PORTB5                              (abs)        000000
__CFG_CP0$OFF                                    (abs)        000000
__CFG_CP1$OFF                                    (abs)        000000
__CFG_CP2$OFF                                    (abs)        000000
__CFG_CP3$OFF                                    (abs)        000000
__CFG_CPB$OFF                                    (abs)        000000
__CFG_CPD$OFF                                    (abs)        000000
__CFG_DEBUG$OFF                                  (abs)        000000
__CFG_EBTR0$OFF                                  (abs)        000000
__CFG_EBTR1$OFF                                  (abs)        000000
__CFG_EBTR2$OFF                                  (abs)        000000
__CFG_EBTR3$OFF                                  (abs)        000000
__CFG_EBTRB$OFF                                  (abs)        000000
__CFG_FCMEN$OFF                                  (abs)        000000
__CFG_FOSC$INTIO67                               (abs)        000000
__CFG_HFOFST$ON                                  (abs)        000000
__CFG_IESO$OFF                                   (abs)        000000
__CFG_LVP$ON                                     (abs)        000000
__CFG_MCLRE$EXTMCLR                              (abs)        000000
__CFG_P2BMX$PORTD2                               (abs)        000000
__CFG_PBADEN$ON                                  (abs)        000000
__CFG_PLLCFG$ON                                  (abs)        000000
__CFG_PRICLKEN$ON                                (abs)        000000
__CFG_PWRTEN$OFF                                 (abs)        000000
__CFG_STVREN$ON                                  (abs)        000000
__CFG_T3CMX$PORTC0                               (abs)        000000
__CFG_WDTEN$OFF                                  (abs)        000000
__CFG_WDTPS$32768                                (abs)        000000
__CFG_WRT0$OFF                                   (abs)        000000
__CFG_WRT1$OFF                                   (abs)        000000
__CFG_WRT2$OFF                                   (abs)        000000
__CFG_WRT3$OFF                                   (abs)        000000
__CFG_WRTB$OFF                                   (abs)        000000
__CFG_WRTC$OFF                                   (abs)        000000
__CFG_WRTD$OFF                                   (abs)        000000
__CFG_XINST$OFF                                  (abs)        000000
__HRAM                                           (abs)        000000
__Habs1                                          abs1         000000
__Hbank0                                         bank0        000000
__Hbank1                                         bank1        000000
__Hbank10                                        bank10       000000
__Hbank11                                        bank11       000000
__Hbank12                                        bank12       000000
__Hbank13                                        bank13       000000
__Hbank14                                        bank14       000000
__Hbank15                                        bank15       000000
__Hbank2                                         bank2        000000
__Hbank3                                         bank3        000000
__Hbank4                                         bank4        000000
__Hbank5                                         bank5        000000
__Hbank6                                         bank6        000000
__Hbank7                                         bank7        000000
__Hbank8                                         bank8        000000
__Hbank9                                         bank9        000000
__Hbigbss                                        bigbss       000000
__Hbigdata                                       bigdata      000000
__Hbigram                                        bigram       000000
__Hbss                                           bss          000000
__HbssBANK0                                      bssBANK0     000000
__HbssBANK1                                      bssBANK1     000000
__HbssBANK2                                      bssBANK2     000000
__HbssBANK3                                      bssBANK3     000000
__HbssBANK4                                      bssBANK4     000000
__HbssBIGRAM                                     bssBIGRAM    000000
__HbssCOMRAM                                     bssCOMRAM    000000
__Hcinit                                         cinit        000000
__Hclrtext                                       clrtext      000000
__Hcomram                                        comram       000000
__Hconfig                                        config       30000E
__Hconst                                         const        000000
__HcstackBANK0                                   cstackBANK0  000000
__HcstackBANK5                                   cstackBANK5  000000
__HcstackCOMRAM                                  cstackCOMRAM 000000
__Hdata                                          data         000000
__HdataBANK1                                     dataBANK1    000000
__Heeprom_data                                   eeprom_data  000000
__Hfarbss                                        farbss       000000
__Hfardata                                       fardata      000000
__Hibigdata                                      ibigdata     000000
__Hidata                                         idata        000000
__HidataBANK1                                    idataBANK1   000000
__Hidloc                                         idloc        200008
__Hifardata                                      ifardata     000000
__Hinit                                          init         0000AA
__Hintcode                                       intcode      0000A6
__Hintcode_body                                  intcode_body 000000
__Hintcodelo                                     intcodelo    0000A6
__Hintentry                                      intentry     000000
__Hintret                                        intret       000000
__Hintsave_regs                                  intsave_regs 000000
__Hirdata                                        irdata       000000
__Hmediumconst                                   mediumconst  010000
__HnvBANK1                                       nvBANK1      000000
__HnvCOMRAM                                      nvCOMRAM     000000
__HnvFARRAM                                      nvFARRAM     000000
__Hnvbit                                         nvbit        000000
__Hnvrram                                        nvrram       000000
__Hparam                                         rparam       000000
__Hpowerup                                       powerup      0000A6
__Hram                                           ram          000000
__Hramtop                                        ramtop       001000
__Hrbit                                          rbit         000000
__Hrbss                                          rbss         000000
__Hrdata                                         rdata        000000
__Hreset_vec                                     reset_vec    000004
__Hrparam                                        rparam       000000
__Hsfr                                           sfr          000000
__Hsmallconst                                    smallconst   000000
__Hspace_0                                       (abs)        30000E
__Hspace_1                                       (abs)        000A0D
__Hspace_2                                       (abs)        000000
__Hstack                                         stack        000000
__Hstruct                                        struct       000000
__Htemp                                          temp         000051
__Htext                                          text         000000
__Htext0                                         text0        000000
__Htext1                                         text1        000000
__Htext10                                        text10       000000
__Htext101                                       text101      000000
__Htext102                                       text102      000000
__Htext103                                       text103      000000
__Htext104                                       text104      000000
__Htext105                                       text105      000000
__Htext106                                       text106      000000
__Htext107                                       text107      000000
__Htext108                                       text108      000000
__Htext11                                        text11       000000
__Htext12                                        text12       000000
__Htext13                                        text13       000000
__Htext14                                        text14       000000
__Htext15                                        text15       000000
__Htext16                                        text16       000000
__Htext17                                        text17       000000
__Htext18                                        text18       000000
__Htext19                                        text19       000000
__Htext2                                         text2        000000
__Htext20                                        text20       000000
__Htext21                                        text21       000000
__Htext22                                        text22       000000
__Htext23                                        text23       000000
__Htext24                                        text24       000000
__Htext25                                        text25       000000
__Htext26                                        text26       000000
__Htext27                                        text27       000000
__Htext28                                        text28       000000
__Htext29                                        text29       000000
__Htext3                                         text3        000000
__Htext30                                        text30       000000
__Htext31                                        text31       000000
__Htext32                                        text32       000000
__Htext33                                        text33       000000
__Htext34                                        text34       000000
__Htext35                                        text35       000000
__Htext36                                        text36       000000
__Htext37                                        text37       000000
__Htext38                                        text38       000000
__Htext39                                        text39       000000
__Htext4                                         text4        000000
__Htext40                                        text40       000000
__Htext41                                        text41       000000
__Htext42                                        text42       000000
__Htext43                                        text43       000000
__Htext44                                        text44       000000
__Htext45                                        text45       000000
__Htext46                                        text46       000000
__Htext47                                        text47       000000
__Htext48                                        text48       000000
__Htext49                                        text49       000000
__Htext5                                         text5        000000
__Htext50                                        text50       000000
__Htext51                                        text51       000000
__Htext52                                        text52       000000
__Htext53                                        text53       000000
__Htext54                                        text54       000000
__Htext55                                        text55       000000
__Htext56                                        text56       000000
__Htext57                                        text57       000000
__Htext58                                        text58       000000
__Htext59                                        text59       000000
__Htext6                                         text6        000000
__Htext60                                        text60       000000
__Htext61                                        text61       000000
__Htext62                                        text62       000000
__Htext63                                        text63       000000
__Htext64                                        text64       000000
__Htext65                                        text65       000000
__Htext66                                        text66       000000
__Htext67                                        text67       000000
__Htext68                                        text68       000000
__Htext69                                        text69       000000
__Htext7                                         text7        000000
__Htext70                                        text70       000000
__Htext71                                        text71       000000
__Htext72                                        text72       000000
__Htext73                                        text73       000000
__Htext74                                        text74       000000
__Htext75                                        text75       000000
__Htext76                                        text76       000000
__Htext77                                        text77       000000
__Htext78                                        text78       000000
__Htext79                                        text79       000000
__Htext8                                         text8        000000
__Htext80                                        text80       000000
__Htext81                                        text81       000000
__Htext82                                        text82       000000
__Htext83                                        text83       000000
__Htext84                                        text84       000000
__Htext85                                        text85       000000
__Htext86                                        text86       000000
__Htext87                                        text87       000000
__Htext88                                        text88       000000
__Htext89                                        text89       000000
__Htext9                                         text9        000000
__Htext90                                        text90       000000
__Htext91                                        text91       000000
__Htext92                                        text92       000000
__Htext93                                        text93       000000
__Htext94                                        text94       000000
__Htext95                                        text95       000000
__Htext96                                        text96       000000
__Htext97                                        text97       000000
__Htext98                                        text98       000000
__Htext99                                        text99       000000
__LRAM                                           (abs)        000001
__Labs1                                          abs1         000000
__Lbank0                                         bank0        000000
__Lbank1                                         bank1        000000
__Lbank10                                        bank10       000000
__Lbank11                                        bank11       000000
__Lbank12                                        bank12       000000
__Lbank13                                        bank13       000000
__Lbank14                                        bank14       000000
__Lbank15                                        bank15       000000
__Lbank2                                         bank2        000000
__Lbank3                                         bank3        000000
__Lbank4                                         bank4        000000
__Lbank5                                         bank5        000000
__Lbank6                                         bank6        000000
__Lbank7                                         bank7        000000
__Lbank8                                         bank8        000000
__Lbank9                                         bank9        000000
__Lbigbss                                        bigbss       000000
__Lbigdata                                       bigdata      000000
__Lbigram                                        bigram       000000
__Lbss                                           bss          000000
__LbssBANK0                                      bssBANK0     000000
__LbssBANK1                                      bssBANK1     000000
__LbssBANK2                                      bssBANK2     000000
__LbssBANK3                                      bssBANK3     000000
__LbssBANK4                                      bssBANK4     000000
__LbssBIGRAM                                     bssBIGRAM    000000
__LbssCOMRAM                                     bssCOMRAM    000000
__Lcinit                                         cinit        000000
__Lclrtext                                       clrtext      000000
__Lcomram                                        comram       000000
__Lconfig                                        config       300000
__Lconst                                         const        000000
__LcstackBANK0                                   cstackBANK0  000000
__LcstackBANK5                                   cstackBANK5  000000
__LcstackCOMRAM                                  cstackCOMRAM 000000
__Ldata                                          data         000000
__LdataBANK1                                     dataBANK1    000000
__Leeprom_data                                   eeprom_data  000000
__Lfarbss                                        farbss       000000
__Lfardata                                       fardata      000000
__Libigdata                                      ibigdata     000000
__Lidata                                         idata        000000
__LidataBANK1                                    idataBANK1   000000
__Lidloc                                         idloc        200000
__Lifardata                                      ifardata     000000
__Linit                                          init         0000A6
__Lintcode                                       intcode      000008
__Lintcode_body                                  intcode_body 000000
__Lintcodelo                                     intcodelo    0000A6
__Lintentry                                      intentry     000000
__Lintret                                        intret       000000
__Lintsave_regs                                  intsave_regs 000000
__Lirdata                                        irdata       000000
__Lmediumconst                                   mediumconst  00FC5C
__LnvBANK1                                       nvBANK1      000000
__LnvCOMRAM                                      nvCOMRAM     000000
__LnvFARRAM                                      nvFARRAM     000000
__Lnvbit                                         nvbit        000000
__Lnvrram                                        nvrram       000000
__Lparam                                         rparam       000000
__Lpowerup                                       powerup      0000A6
__Lram                                           ram          000000
__Lramtop                                        ramtop       001000
__Lrbit                                          rbit         000000
__Lrbss                                          rbss         000000
__Lrdata                                         rdata        000000
__Lreset_vec                                     reset_vec    000000
__Lrparam                                        rparam       000000
__Lsfr                                           sfr          000000
__Lsmallconst                                    smallconst   000000
__Lspace_0                                       (abs)        000000
__Lspace_1                                       (abs)        000000
__Lspace_2                                       (abs)        000000
__Lstack                                         stack        000000
__Lstruct                                        struct       000000
__Ltemp                                          temp         000050
__Ltext                                          text         000000
__Ltext0                                         text0        000000
__Ltext1                                         text1        000000
__Ltext10                                        text10       000000
__Ltext101                                       text101      000000
__Ltext102                                       text102      000000
__Ltext103                                       text103      000000
__Ltext104                                       text104      000000
__Ltext105                                       text105      000000
__Ltext106                                       text106      000000
__Ltext107                                       text107      000000
__Ltext108                                       text108      000000
__Ltext11                                        text11       000000
__Ltext12                                        text12       000000
__Ltext13                                        text13       000000
__Ltext14                                        text14       000000
__Ltext15                                        text15       000000
__Ltext16                                        text16       000000
__Ltext17                                        text17       000000
__Ltext18                                        text18       000000
__Ltext19                                        text19       000000
__Ltext2                                         text2        000000
__Ltext20                                        text20       000000
__Ltext21                                        text21       000000
__Ltext22                                        text22       000000
__Ltext23                                        text23       000000
__Ltext24                                        text24       000000
__Ltext25                                        text25       000000
__Ltext26                                        text26       000000
__Ltext27                                        text27       000000
__Ltext28                                        text28       000000
__Ltext29                                        text29       000000
__Ltext3                                         text3        000000
__Ltext30                                        text30       000000
__Ltext31                                        text31       000000
__Ltext32                                        text32       000000
__Ltext33                                        text33       000000
__Ltext34                                        text34       000000
__Ltext35                                        text35       000000
__Ltext36                                        text36       000000
__Ltext37                                        text37       000000
__Ltext38                                        text38       000000
__Ltext39                                        text39       000000
__Ltext4                                         text4        000000
__Ltext40                                        text40       000000
__Ltext41                                        text41       000000
__Ltext42                                        text42       000000
__Ltext43                                        text43       000000
__Ltext44                                        text44       000000
__Ltext45                                        text45       000000
__Ltext46                                        text46       000000
__Ltext47                                        text47       000000
__Ltext48                                        text48       000000
__Ltext49                                        text49       000000
__Ltext5                                         text5        000000
__Ltext50                                        text50       000000
__Ltext51                                        text51       000000
__Ltext52                                        text52       000000
__Ltext53                                        text53       000000
__Ltext54                                        text54       000000
__Ltext55                                        text55       000000
__Ltext56                                        text56       000000
__Ltext57                                        text57       000000
__Ltext58                                        text58       000000
__Ltext59                                        text59       000000
__Ltext6                                         text6        000000
__Ltext60                                        text60       000000
__Ltext61                                        text61       000000
__Ltext62                                        text62       000000
__Ltext63                                        text63       000000
__Ltext64                                        text64       000000
__Ltext65                                        text65       000000
__Ltext66                                        text66       000000
__Ltext67                                        text67       000000
__Ltext68                                        text68       000000
__Ltext69                                        text69       000000
__Ltext7                                         text7        000000
__Ltext70                                        text70       000000
__Ltext71                                        text71       000000
__Ltext72                                        text72       000000
__Ltext73                                        text73       000000
__Ltext74                                        text74       000000
__Ltext75                                        text75       000000
__Ltext76                                        text76       000000
__Ltext77                                        text77       000000
__Ltext78                                        text78       000000
__Ltext79                                        text79       000000
__Ltext8                                         text8        000000
__Ltext80                                        text80       000000
__Ltext81                                        text81       000000
__Ltext82                                        text82       000000
__Ltext83                                        text83       000000
__Ltext84                                        text84       000000
__Ltext85                                        text85       000000
__Ltext86                                        text86       000000
__Ltext87                                        text87       000000
__Ltext88                                        text88       000000
__Ltext89                                        text89       000000
__Ltext9                                         text9        000000
__Ltext90                                        text90       000000
__Ltext91                                        text91       000000
__Ltext92                                        text92       000000
__Ltext93                                        text93       000000
__Ltext94                                        text94       000000
__Ltext95                                        text95       000000
__Ltext96                                        text96       000000
__Ltext97                                        text97       000000
__Ltext98                                        text98       000000
__Ltext99                                        text99       000000
__S0                                             (abs)        30000E
__S1                                             (abs)        000A0D
__S2                                             (abs)        000000
___awdiv                                         text56       0040DE
___awdiv@counter                                 cstackCOMRAM 000014
___awdiv@dividend                                cstackCOMRAM 000010
___awdiv@divisor                                 cstackCOMRAM 000012
___awdiv@quotient                                cstackCOMRAM 000016
___awdiv@sign                                    cstackCOMRAM 000015
___awmod                                         text27       0042D6
___awmod@counter                                 cstackCOMRAM 000022
___awmod@dividend                                cstackCOMRAM 00001E
___awmod@divisor                                 cstackCOMRAM 000020
___awmod@sign                                    cstackCOMRAM 000023
___inthi_sp                                      stack        000000
___intlo_sp                                      stack        000000
___lmul                                          text26       00452E
___lmul@multiplicand                             cstackCOMRAM 000014
___lmul@multiplier                               cstackCOMRAM 000010
___lmul@product                                  cstackCOMRAM 000018
___lwdiv                                         text79       0045D8
___lwdiv@counter                                 cstackCOMRAM 000014
___lwdiv@dividend                                cstackCOMRAM 000010
___lwdiv@divisor                                 cstackCOMRAM 000012
___lwdiv@quotient                                cstackCOMRAM 000015
___lwmod                                         text78       004872
___lwmod@counter                                 cstackCOMRAM 00001B
___lwmod@dividend                                cstackCOMRAM 000017
___lwmod@divisor                                 cstackCOMRAM 000019
___param_bank                                    (abs)        000000
___rparam_used                                   (abs)        000001
___sp                                            stack        000000
___wmul                                          text84       004C08
___wmul@multiplicand                             cstackCOMRAM 00001A
___wmul@multiplier                               cstackCOMRAM 000018
___wmul@product                                  cstackCOMRAM 00001C
__accesstop                                      (abs)        000060
__activetblptr                                   (abs)        000003
__delay_10uS                                     text15       0047A8
__delay_10uS@delay                               cstackCOMRAM 000010
__delay_10uS@val                                 cstackCOMRAM 000013
__delay_MS                                       text52       0047EC
__delay_MS@delay                                 cstackCOMRAM 000010
__delay_MS@val                                   cstackCOMRAM 000013
__doprnt                                         text75       0016D0
__doprnt@ap                                      cstackCOMRAM 000020
__doprnt@c                                       cstackCOMRAM 00002A
__doprnt@cp                                      cstackCOMRAM 000028
__doprnt@f                                       cstackCOMRAM 00001E
__doprnt@flag                                    cstackCOMRAM 000024
__doprnt@pb                                      cstackCOMRAM 00001C
__doprnt@prec                                    cstackCOMRAM 000025
__doprnt@val                                     cstackCOMRAM 000026
__end_of_EUSART1_Initialize                      text99       004A90
__end_of_EUSART1_Read                            text85       004AC4
__end_of_EUSART1_Receive_ISR                     text107      004C08
__end_of_EUSART1_Transmit_ISR                    text106      004B28
__end_of_EUSART1_Write                           text35       0049B2
__end_of_EUSART2_Initialize                      text98       004D88
__end_of_EUSART2_Write                           text77       004E70
__end_of_INTERRUPT_Initialize                    text97       004ECC
__end_of_INTERRUPT_InterruptManager              intcode      0000A6
__end_of_OSCILLATOR_Initialize                   text96       004E40
__end_of_PIN_MANAGER_Initialize                  text95       0047A8
__end_of_SYSTEM_Initialize                       text87       004CE0
__end_of_TMR0_CallBack                           text102      004C9C
__end_of_TMR0_DefaultInterruptHandler            text103      004ECE
__end_of_TMR0_ISR                                text101      004DDE
__end_of_TMR0_Initialize                         text92       004A24
__end_of_TMR0_SetInterruptHandler                text94       004EA4
__end_of_TMR0_StartTimer                         text93       004EC8
__end_of_TMR0_StopTimer                          text86       004EC0
__end_of_TMR1_HasOverflowOccured                 text55       004E64
__end_of_TMR1_Initialize                         text90       004D3A
__end_of_TMR1_Reload                             text54       004E58
__end_of_TMR1_StartTimer                         text91       004EC4
__end_of_TMR1_StopTimer                          text53       004EBC
__end_of_TMR5_HasOverflowOccured                 text18       004E4C
__end_of_TMR5_Initialize                         text88       004C54
__end_of_TMR5_Reload                             text17       004DEC
__end_of_TMR5_StartTimer                         text89       004EB8
__end_of_TMR5_StopTimer                          text16       004EB2
__end_of___awdiv                                 text56       004162
__end_of___awmod                                 text27       004346
__end_of___lmul                                  text26       004584
__end_of___lwdiv                                 text79       00462A
__end_of___lwmod                                 text78       0048B4
__end_of___wmul                                  text84       004C2E
__end_of__delay_10uS                             text15       0047EC
__end_of__delay_MS                               text52       004830
__end_of__doprnt                                 text75       001AB8
__end_of__initialization                         cinit        004256
__end_of_atoi                                    text82       003A5A
__end_of_char_enter_mode_left_to_right           text19       004EAC
__end_of_clcd_display_string_config              text47       0044D6
__end_of_clcd_max_col                            text58       004E32
__end_of_clcd_max_row                            text57       004E24
__end_of_clear_cmd_data                          text80       004AF6
__end_of_clear_display_array                     text44       004CBE
__end_of_clear_display_structure                 text46       004CFE
__end_of_cmd_consol_task                         text2        001E92
__end_of_collect_column                          text72       003DDE
__end_of_collect_row                             text71       003D30
__end_of_conflict                                text29       002DAC
__end_of_conflict_check                          text21       002B2C
__end_of_console_init                            text1        0042D6
__end_of_copy_data                               text20       003444
__end_of_copy_display_struct                     text28       003250
__end_of_cputs                                   text31       004B56
__end_of_delay                                   text50       004714
__end_of_display_text                            text12       0041E2
__end_of_dpowers                                 mediumconst  00FC67
__end_of_get_direction                           text70       003E82
__end_of_get_dis_frq                             text69       004052
__end_of_get_new_uid                             text23       0037DE
__end_of_get_over_write_data                     text68       003FBA
__end_of_get_str                                 text66       00441E
__end_of_get_uid                                 text65       003BCE
__end_of_heart_beat                              text105      004D58
__end_of_init_CLCD_config                        text41       003C82
__end_of_init_clcd_cusotom_lcd                   text40       0038BC
__end_of_is_busy                                 text14       004BB0
__end_of_isdigit                                 text83       004D1C
__end_of_main                                    text0        0040DE
__end_of_make_array                              text104      004E7C
__end_of_make_display                            text7        0016D0
__end_of_max_display_str                         text39       004E16
__end_of_max_display_support                     text38       004E86
__end_of_max_uid_range                           text37       004E08
__end_of_memcpy                                  text51       004974
__end_of_memset                                  text81       004BDC
__end_of_min_uid_range                           text36       004DFA
__end_of_parse_cmd_str                           text59       000D2C
__end_of_print_conflict_ids                      text32       003594
__end_of_printf                                  text74       004A5A
__end_of_put_string_usart1                       text34       004C78
__end_of_putch                                   text76       004E9A
__end_of_puts                                    text30       004D9C
__end_of_rand                                    text25       00452E
__end_of_reply_to_host                           text5        0012DE
__end_of_reset_clcd                              text43       004E90
__end_of_reset_display_structure_count           text45       004DCE
__end_of_scroll_left_to_right                    text10       002586
__end_of_scroll_off                              text9        0036D8
__end_of_scroll_right_to_left                    text8        002246
__end_of_set_cursor                              text13       004D72
__end_of_set_string_data                         text22       00287C
__end_of_sprintf                                 text33       004872
__end_of_srand                                   text24       004DBE
__end_of_strchr                                  text63       0043B6
__end_of_strcmp                                  text64       00475E
__end_of_strcpy                                  text67       004B84
__end_of_strcspn                                 text62       0046CA
__end_of_strlen                                  text73       0045D8
__end_of_strncmp                                 text4        00398C
__end_of_strncpy                                 text11       00447C
__end_of_strspn                                  text61       00467A
__end_of_strstr                                  text3        003F22
__end_of_strtok                                  text60       003B18
__end_of_update_string_data                      text6        003020
__end_of_write_lcd_cmd                           text42       0048F4
__end_of_write_lcd_data                          text49       004934
__end_of_write_str                               text48       0049EC
__initialization                                 cinit        0041E2
__mediumconst                                    mediumconst  00FC5C
__pbssBANK0                                      bssBANK0     000075
__pbssBANK1                                      bssBANK1     000100
__pbssBANK2                                      bssBANK2     000200
__pbssBANK3                                      bssBANK3     000300
__pbssBANK4                                      bssBANK4     000400
__pbssBIGRAM                                     bssBIGRAM    000599
__pbssCOMRAM                                     bssCOMRAM    000041
__pcinit                                         cinit        0041E2
__pcstackBANK0                                   cstackBANK0  000060
__pcstackBANK5                                   cstackBANK5  000500
__pcstackCOMRAM                                  cstackCOMRAM 000001
__pdataBANK1                                     dataBANK1    0001DA
__pidataBANK1                                    idataBANK1   004D9C
__pintcode                                       intcode      000008
__pmediumconst                                   mediumconst  00FC5C
__pnvBANK1                                       nvBANK1      0001EC
__pnvCOMRAM                                      nvCOMRAM     00004E
[...]
      Locals:         0       0       0       0       0       0       0       0       0       0       0       0       0       0       0       0       0
      Temps:          0       0       0       0       0       0       0       0       0       0       0       0       0       0       0       0       0
      Totals:         0       0       0       0       0       0       0       0       0       0       0       0       0       0       0       0       0
Total ram usage:        0 bytes
 Hardware stack levels used:    1
 Hardware stack levels required when called:    3
 This function calls:
		_TMR0_CallBack
 This function is called by:
		_INTERRUPT_InterruptManager
 This function uses a non-reentrant model


 *************** function _TMR0_CallBack *****************
 Defined at:
		line 152 in file "mcc_generated_files/tmr0.c"
 Parameters:    Size  Location     Type
		None
 Auto vars:     Size  Location     Type
		None
 Return value:  Size  Location     Type
                  1    wreg      void 
 Registers used:
		wreg, status,2, status,0, pclath, tosl, cstack
 Tracked objects:
		On entry : 
		On exit  : 
		Unchanged: 
 Data sizes:     COMRAM   BANK0   BANK1   BANK2   BANK3   BANK4   BANK5   BANK6   BANK7   BANK8   BANK9  BANK10  BANK11  BANK12  BANK13  BANK14  BANK15
      Params:         0       0       0       0       0       0       0       0       0       0       0       0       0       0       0       0       0
      Locals:         0       0       0       0       0       0       0       0       0       0       0       0       0       0       0       0       0
      Temps:          0       0       0       0       0       0       0       0       0       0       0       0       0       0       0       0       0
      Totals:         0       0       0       0       0       0       0       0       0       0       0       0       0       0       0       0       0
Total ram usage:        0 bytes
 Hardware stack levels used:    1
 Hardware stack levels required when called:    2
 This function calls:
		Absolute function
		_TMR0_DefaultInterruptHandler
		_make_array
 This function is called by:
		_TMR0_ISR
 This function uses a non-reentrant model


 *************** function _TMR0_DefaultInterruptHandler *****************
 Defined at:
		line 166 in file "mcc_generated_files/tmr0.c"
 Parameters:    Size  Location     Type
		None
 Auto vars:     Size  Location     Type
		None
 Return value:  Size  Location     Type
                  1    wreg      void 
 Registers used:
		None
 Tracked objects:
		On entry : 
		On exit  : 
		Unchanged: 
 Data sizes:     COMRAM   BANK0   BANK1   BANK2   BANK3   BANK4   BANK5   BANK6   BANK7   BANK8   BANK9  BANK10  BANK11  BANK12  BANK13  BANK14  BANK15
      Params:         0       0       0       0       0       0       0       0       0       0       0       0       0       0       0       0       0
      Locals:         0       0       0       0       0       0       0       0       0       0       0       0       0       0       0       0       0
      Temps:          0       0       0       0       0       0       0       0       0       0       0       0       0       0       0       0       0
      Totals:         0       0       0       0       0       0       0       0       0       0       0       0       0       0       0       0       0
Total ram usage:        0 bytes
 Hardware stack levels used:    1
 This function calls:
		Nothing
 This function is called by:
		_TMR0_Initialize
		_TMR0_CallBack
 This function uses a non-reentrant model


 *************** function _make_array *****************
 Defined at:
		line 52 in file "main.c"
 Parameters:    Size  Location     Type
		None
 Auto vars:     Size  Location     Type
		None
 Return value:  Size  Location     Type
                  1    wreg      void 
 Registers used:
		wreg, status,2, status,0, cstack
 Tracked objects:
		On entry : 
		On exit  : 
		Unchanged: 
 Data sizes:     COMRAM   BANK0   BANK1   BANK2   BANK3   BANK4   BANK5   BANK6   BANK7   BANK8   BANK9  BANK10  BANK11  BANK12  BANK13  BANK14  BANK15
      Params:         0       0       0       0       0       0       0       0       0       0       0       0       0       0       0       0       0
      Locals:         0       0       0       0       0       0       0       0       0       0       0       0       0       0       0       0       0
      Temps:          0       0       0       0       0       0       0       0       0       0       0       0       0       0       0       0       0
      Totals:         0       0       0       0       0       0       0       0       0       0       0       0       0       0       0       0       0
Total ram usage:        0 bytes
 Hardware stack levels used:    1
 Hardware stack levels required when called:    1
 This function calls:
		_heart_beat
 This function is called by:
		_main
		_TMR0_CallBack
 This function uses a non-reentrant model


 *************** function _heart_beat *****************
 Defined at:
		line 47 in file "main.c"
 Parameters:    Size  Location     Type
		None
 Auto vars:     Size  Location     Type
		None
 Return value:  Size  Location     Type
                  1    wreg      void 
 Registers used:
		wreg, status,2, status,0
 Tracked objects:
		On entry : 
		On exit  : 
		Unchanged: 
 Data sizes:     COMRAM   BANK0   BANK1   BANK2   BANK3   BANK4   BANK5   BANK6   BANK7   BANK8   BANK9  BANK10  BANK11  BANK12  BANK13  BANK14  BANK15
      Params:         0       0       0       0       0       0       0       0       0       0       0       0       0       0       0       0       0
      Locals:         0       0       0       0       0       0       0       0       0       0       0       0       0       0       0       0       0
      Temps:          1       0       0       0       0       0       0       0       0       0       0       0       0       0       0       0       0
      Totals:         1       0       0       0       0       0       0       0       0       0       0       0       0       0       0       0       0
Total ram usage:        1 bytes
 Hardware stack levels used:    1
 This function calls:
		Nothing
 This function is called by:
		_make_array
 This function uses a non-reentrant model


 *************** function _EUSART1_Transmit_ISR *****************
 Defined at:
		line 155 in file "mcc_generated_files/eusart1.c"
 Parameters:    Size  Location     Type
		None
 Auto vars:     Size  Location     Type
		None
 Return value:  Size  Location     Type
                  1    wreg      void 
 Registers used:
		wreg, fsr2l, fsr2h, status,2, status,0, prodl, prodh
 Tracked objects:
		On entry : 
		On exit  : 
		Unchanged: 
 Data sizes:     COMRAM   BANK0   BANK1   BANK2   BANK3   BANK4   BANK5   BANK6   BANK7   BANK8   BANK9  BANK10  BANK11  BANK12  BANK13  BANK14  BANK15
      Params:         0       0       0       0       0       0       0       0       0       0       0       0       0       0       0       0       0
      Locals:         0       0       0       0       0       0       0       0       0       0       0       0       0       0       0       0       0
      Temps:          0       0       0       0       0       0       0       0       0       0       0       0       0       0       0       0       0
      Totals:         0       0       0       0       0       0       0       0       0       0       0       0       0       0       0       0       0
Total ram usage:        0 bytes
 Hardware stack levels used:    1
 This function calls:
		Nothing
 This function is called by:
		_INTERRUPT_InterruptManager
 This function uses a non-reentrant model


 *************** function _EUSART1_Receive_ISR *****************
 Defined at:
		line 174 in file "mcc_generated_files/eusart1.c"
 Parameters:    Size  Location     Type
		None
 Auto vars:     Size  Location     Type
		None
 Return value:  Size  Location     Type
                  1    wreg      void 
 Registers used:
		wreg, fsr2l, fsr2h, status,2, status,0, prodl, prodh
 Tracked objects:
		On entry : 
		On exit  : 
		Unchanged: 
 Data sizes:     COMRAM   BANK0   BANK1   BANK2   BANK3   BANK4   BANK5   BANK6   BANK7   BANK8   BANK9  BANK10  BANK11  BANK12  BANK13  BANK14  BANK15
      Params:         0       0       0       0       0       0       0       0       0       0       0       0       0       0       0       0       0
      Locals:         0       0       0       0       0       0       0       0       0       0       0       0       0       0       0       0       0
      Temps:          0       0       0       0       0       0       0       0       0       0       0       0       0       0       0       0       0
      Totals:         0       0       0       0       0       0       0       0       0       0       0       0       0       0       0       0       0
Total ram usage:        0 bytes
 Hardware stack levels used:    1
 This function calls:
		Nothing
 This function is called by:
		_INTERRUPT_InterruptManager
 This function uses a non-reentrant model



MODULE INFORMATION

Module		Function		Class		Link	Load	Size
C:\Program Files (x86)\Microchip\xc8\v1.40\sources\common\strcpy.c
		_strcpy        		CODE           	4B56	0000	47

C:\Program Files (x86)\Microchip\xc8\v1.40\sources\common\strcpy.c estimated size: 47

C:\Program Files (x86)\Microchip\xc8\v1.40\sources\common\memset.c
		_memset        		CODE           	4BB0	0000	45

C:\Program Files (x86)\Microchip\xc8\v1.40\sources\common\memset.c estimated size: 45

delay.c
		_delay         		CODE           	46CA	0000	75
		__delay_MS     		CODE           	47EC	0000	69
		__delay_10uS   		CODE           	47A8	0000	69

delay.c estimated size: 213

mcc_generated_files/eusart2.c
		_putch         		CODE           	4E90	0000	11
		_EUSART2_Write 		CODE           	4E64	0000	13
		_EUSART2_Initialize		CODE           	4D72	0000	23

mcc_generated_files/eusart2.c estimated size: 47

C:\Program Files (x86)\Microchip\xc8\v1.40\sources\common\doprnt.c
		__doprnt       		CODE           	16D0	0000	1001

C:\Program Files (x86)\Microchip\xc8\v1.40\sources\common\doprnt.c estimated size: 1001

mcc_generated_files/interrupt_manager.c
		_INTERRUPT_Initialize		CODE           	4EC8	0000	5
		_INTERRUPT_InterruptManager		CODE           	0008	0000	159

mcc_generated_files/interrupt_manager.c estimated size: 164

C:\Program Files (x86)\Microchip\xc8\v1.40\sources\common\strncmp.c
		_strncmp       		CODE           	38BC	0000	209

C:\Program Files (x86)\Microchip\xc8\v1.40\sources\common\strncmp.c estimated size: 209

C:\Program Files (x86)\Microchip\xc8\v1.40\sources\common\strspn.c
		_strspn        		CODE           	462A	0000	81

C:\Program Files (x86)\Microchip\xc8\v1.40\sources\common\strspn.c estimated size: 81

C:\Program Files (x86)\Microchip\xc8\v1.40\sources\common\strncpy.c
		_strncpy       		CODE           	441E	0000	95

C:\Program Files (x86)\Microchip\xc8\v1.40\sources\common\strncpy.c estimated size: 95

C:\Program Files (x86)\Microchip\xc8\v1.40\sources\common\cputs.c
		_cputs         		CODE           	4B28	0000	47

C:\Program Files (x86)\Microchip\xc8\v1.40\sources\common\cputs.c estimated size: 47

mcc_generated_files/tmr0.c
		_TMR0_SetInterruptHandler		CODE           	4E9A	0000	11
		_TMR0_StopTimer		CODE           	4EBC	0000	5
		_TMR0_DefaultInterruptHandler		CODE           	4ECC	0000	3
		_TMR0_CallBack 		CODE           	4C78	0000	37
		_TMR0_StartTimer		CODE           	4EC4	0000	5
		_TMR0_ISR      		CODE           	4DCE	0000	17
		_TMR0_Initialize		CODE           	49EC	0000	57

mcc_generated_files/tmr0.c estimated size: 135

mcc_generated_files/pin_manager.c
		_PIN_MANAGER_Initialize		CODE           	475E	0000	75

mcc_generated_files/pin_manager.c estimated size: 75

cmd_consol.c
		_reply_to_host 		CODE           	0D2C	0000	1459
		_get_direction 		CODE           	3DDE	0000	165
		_cmd_consol_task		CODE           	1AB8	0000	987
		_get_over_write_data		CODE           	3F22	0000	153
		_parse_cmd_str 		CODE           	00AA	0000	3203
		_get_uid       		CODE           	3B18	0000	183
		_get_str       		CODE           	43B6	0000	105
		_collect_row   		CODE           	3C82	0000	175
		_clear_cmd_data		CODE           	4AC4	0000	51
		_console_init  		CODE           	4260	0000	119
		_get_dis_frq   		CODE           	3FBA	0000	153
		_collect_column		CODE           	3D30	0000	175

cmd_consol.c estimated size: 6928

C:\Program Files (x86)\Microchip\xc8\v1.40\sources\common\memcpy.c
		_memcpy        		CODE           	4934	0000	65

C:\Program Files (x86)\Microchip\xc8\v1.40\sources\common\memcpy.c estimated size: 65

C:\Program Files (x86)\Microchip\xc8\v1.40\sources\common\strstr.c
		_strstr        		CODE           	3E82	0000	161

C:\Program Files (x86)\Microchip\xc8\v1.40\sources\common\strstr.c estimated size: 161

C:\Program Files (x86)\Microchip\xc8\v1.40\sources\common\Umul16.c
		___wmul        		CODE           	4C08	0000	39

C:\Program Files (x86)\Microchip\xc8\v1.40\sources\common\Umul16.c estimated size: 39

C:\Program Files (x86)\Microchip\xc8\v1.40\sources\common\lwmod.c
		___lwmod       		CODE           	4872	0000	67

C:\Program Files (x86)\Microchip\xc8\v1.40\sources\common\lwmod.c estimated size: 67

C:\Program Files (x86)\Microchip\xc8\v1.40\sources\common\awmod.c
		___awmod       		CODE           	42D6	0000	113

C:\Program Files (x86)\Microchip\xc8\v1.40\sources\common\awmod.c estimated size: 113

C:\Program Files (x86)\Microchip\xc8\v1.40\sources\common\strcspn.c
		_strcspn       		CODE           	467A	0000	81

C:\Program Files (x86)\Microchip\xc8\v1.40\sources\common\strcspn.c estimated size: 81

C:\Program Files (x86)\Microchip\xc8\v1.40\sources\common\isdigit.c
		_isdigit       		CODE           	4CFE	0000	31

C:\Program Files (x86)\Microchip\xc8\v1.40\sources\common\isdigit.c estimated size: 31

mcc_generated_files/tmr5.c
		_TMR5_HasOverflowOccured		CODE           	4E40	0000	13
		_TMR5_Initialize		CODE           	4C2E	0000	39
		_TMR5_StopTimer		CODE           	4EAC	0000	7
		_TMR5_Reload   		CODE           	4DDE	0000	15
		_TMR5_StartTimer		CODE           	4EB2	0000	7

mcc_generated_files/tmr5.c estimated size: 81

C:\Program Files (x86)\Microchip\xc8\v1.40\sources\common\strtok.c
		_strtok        		CODE           	3A5A	0000	191

C:\Program Files (x86)\Microchip\xc8\v1.40\sources\common\strtok.c estimated size: 191

shared
		_dpowers       		MEDIUMCONST    	FC5D	0000	11
		__initialization		CODE           	41E2	0000	117

shared estimated size: 128

mcc_generated_files/eusart1.c
		_EUSART1_Initialize		CODE           	4A5A	0000	55
		_EUSART1_Read  		CODE           	4A90	0000	53
		_EUSART1_Write 		CODE           	4974	0000	63
		_EUSART1_Receive_ISR		CODE           	4BDC	0000	45
		_put_string_usart1		CODE           	4C54	0000	37
		_EUSART1_Transmit_ISR		CODE           	4AF6	0000	51

mcc_generated_files/eusart1.c estimated size: 304

clcd.c
		_get_new_uid   		CODE           	36D8	0000	263
		_print_conflict_ids		CODE           	3444	0000	337
		_conflict_check		CODE           	287C	0000	689
		_is_busy       		CODE           	4B84	0000	45
		_copy_data     		CODE           	3250	0000	501
		_clear_display_structure		CODE           	4CE0	0000	31
		_display_text  		CODE           	4162	0000	129
		_set_string_data		CODE           	2586	0000	759
		_copy_display_struct		CODE           	3020	0000	561
		_set_cursor    		CODE           	4D58	0000	27
		_write_str     		CODE           	49B2	0000	59
		_clcd_display_string_config		CODE           	447C	0000	91
		_init_clcd_cusotom_lcd		CODE           	37DE	0000	223
		_min_uid_range 		CODE           	4DEC	0000	15
		_char_enter_mode_left_to_right		CODE           	4EA4	0000	9
		_make_display  		CODE           	12DE	0000	1011
		_reset_display_structure_count		CODE           	4DBE	0000	17
		_max_display_str		CODE           	4E08	0000	15
		_scroll_right_to_left		CODE           	1E92	0000	949
		_write_lcd_cmd 		CODE           	48B4	0000	65
		_update_string_data		CODE           	2DAC	0000	629
		_conflict      		CODE           	2B2C	0000	641
		_max_uid_range 		CODE           	4DFA	0000	15
		_init_CLCD_config		CODE           	3BCE	0000	181
		_reset_clcd    		CODE           	4E86	0000	11
		_clear_display_array		CODE           	4C9C	0000	35
		_write_lcd_data		CODE           	48F4	0000	65
		_scroll_left_to_right		CODE           	2246	0000	833
		_max_display_support		CODE           	4E7C	0000	11
		_clcd_max_col  		CODE           	4E24	0000	15
		_clcd_max_row  		CODE           	4E16	0000	15
		_scroll_off    		CODE           	3594	0000	325

clcd.c estimated size: 8572

C:\Program Files (x86)\Microchip\xc8\v1.40\sources\common\printf.c
		_printf        		CODE           	4A24	0000	55

C:\Program Files (x86)\Microchip\xc8\v1.40\sources\common\printf.c estimated size: 55

C:\Program Files (x86)\Microchip\xc8\v1.40\sources\common\rand.c
		_srand         		CODE           	4DAE	0000	17
		_rand          		CODE           	44D6	0000	89

C:\Program Files (x86)\Microchip\xc8\v1.40\sources\common\rand.c estimated size: 106

mcc_generated_files/mcc.c
		_OSCILLATOR_Initialize		CODE           	4E32	0000	15
		_SYSTEM_Initialize		CODE           	4CBE	0000	35

mcc_generated_files/mcc.c estimated size: 50

C:\Program Files (x86)\Microchip\xc8\v1.40\sources\common\atoi.c
		_atoi          		CODE           	398C	0000	207

C:\Program Files (x86)\Microchip\xc8\v1.40\sources\common\atoi.c estimated size: 207

mcc_generated_files/tmr1.c
		_TMR1_Initialize		CODE           	4D1C	0000	31
		_TMR1_StopTimer		CODE           	4EB8	0000	5
		_TMR1_Reload   		CODE           	4E4C	0000	13
		_TMR1_StartTimer		CODE           	4EC0	0000	5
		_TMR1_HasOverflowOccured		CODE           	4E58	0000	13

mcc_generated_files/tmr1.c estimated size: 67

C:\Program Files (x86)\Microchip\xc8\v1.40\sources\common\puts.c
		_puts          		CODE           	4D88	0000	21

C:\Program Files (x86)\Microchip\xc8\v1.40\sources\common\puts.c estimated size: 21

C:\Program Files (x86)\Microchip\xc8\v1.40\sources\common\Umul32.c
		___lmul        		CODE           	452E	0000	87

C:\Program Files (x86)\Microchip\xc8\v1.40\sources\common\Umul32.c estimated size: 87

C:\Program Files (x86)\Microchip\xc8\v1.40\sources\common\sprintf.c
		_sprintf       		CODE           	4830	0000	67

C:\Program Files (x86)\Microchip\xc8\v1.40\sources\common\sprintf.c estimated size: 67

C:\Program Files (x86)\Microchip\xc8\v1.40\sources\common\lwdiv.c
		___lwdiv       		CODE           	45D8	0000	83

C:\Program Files (x86)\Microchip\xc8\v1.40\sources\common\lwdiv.c estimated size: 83

C:\Program Files (x86)\Microchip\xc8\v1.40\sources\common\awdiv.c
		___awdiv       		CODE           	40DE	0000	133

C:\Program Files (x86)\Microchip\xc8\v1.40\sources\common\awdiv.c estimated size: 133

main.c
		_main          		CODE           	4052	0000	141
		_heart_beat    		CODE           	4D3A	0000	31
		_make_array    		CODE           	4E70	0000	13

main.c estimated size: 185

C:\Program Files (x86)\Microchip\xc8\v1.40\sources\common\strlen.c
		_strlen        		CODE           	4584	0000	85

C:\Program Files (x86)\Microchip\xc8\v1.40\sources\common\strlen.c estimated size: 85

C:\Program Files (x86)\Microchip\xc8\v1.40\sources\common\strcmp.c
		_strcmp        		CODE           	4714	0000	75

C:\Program Files (x86)\Microchip\xc8\v1.40\sources\common\strcmp.c estimated size: 75

C:\Program Files (x86)\Microchip\xc8\v1.40\sources\common\strchr.c
		_strchr        		CODE           	4346	0000	113

C:\Program Files (x86)\Microchip\xc8\v1.40\sources\common\strchr.c estimated size: 113

