Microchip MPLAB XC8 Compiler V1.40 ()

Linker command line:

-W-3 --edf=C:\Program Files (x86)\Microchip\xc8\v1.40\dat\en_msgs.txt -cs \
  -h+dist/default/production\clcd_usart_cmd_consol.X.production.sym \
  --cmf=dist/default/production\clcd_usart_cmd_consol.X.production.cmf -z \
  -Q18F46K22 -oC:\Users\NOYEL_~1\AppData\Local\Temp\s1nk.2 \
  -Mdist/default/production/clcd_usart_cmd_consol.X.production.map -E1 \
  -ver=XC8 -ASTACK=06E2h-0f37h -pstack=STACK -ACODE=00h-0FFFFh \
  -ACONST=00h-0FFFFh -ASMALLCONST=01000h-010FFhx240 \
  -AMEDIUMCONST=01000h-0FFFFh -ACOMRAM=01h-05Fh -AABS1=00h-0F37h \
  -ABIGRAM=01h-0F37h -ARAM=060h-0FFh,0100h-01FFhx14,0F00h-0F37h \
  -ABANK0=060h-0FFh -ABANK1=0100h-01FFh -ABANK2=0200h-02FFh \
  -ABANK3=0300h-03FFh -ABANK4=0400h-04FFh -ABANK5=0500h-05FFh \
  -ABANK6=0600h-06FFh -ABANK7=0700h-07FFh -ABANK8=0800h-08FFh \
  -ABANK9=0900h-09FFh -ABANK10=0A00h-0AFFh -ABANK11=0B00h-0BFFh \
  -ABANK12=0C00h-0CFFh -ABANK13=0D00h-0DFFh -ABANK14=0E00h-0EFFh \
  -ABANK15=0F00h-0F37h -ASFR=0F38h-0F5Fh,0F60h-0FFFh \
  -preset_vec=00h,intcode=08h,intcodelo,powerup,init -pramtop=01000h \
  -psmallconst=SMALLCONST -pmediumconst=MEDIUMCONST -pconst=CONST \
  -AFARRAM=00h-00h -ACONFIG=0300000h-030000Dh -pconfig=CONFIG \
  -AIDLOC=0200000h-0200007h -pidloc=IDLOC -AEEDATA=0F00000h-0F003FFh \
  -peeprom_data=EEDATA \
  -prdata=COMRAM,nvrram=COMRAM,nvbit=COMRAM,rbss=COMRAM,rbit=COMRAM \
  -pfarbss=FARRAM,fardata=FARRAM,nvFARRAM=FARRAM \
  -pintsave_regs=BIGRAM,bigbss=BIGRAM,bigdata=BIGRAM -pbss=RAM \
  -pidata=CODE,irdata=CODE,ibigdata=CODE,ifardata=CODE -prparam=COMRAM \
  C:\Users\NOYEL_~1\AppData\Local\Temp\s1nk.obj \
  dist/default/production\clcd_usart_cmd_consol.X.production.obj 

Object code version is 3.11

Machine type is 18F46K22

Call graph: (short form)




                Name                               Link     Load   Length Selector   Space Scale
C:\Users\NOYEL_~1\AppData\Local\Temp\s1nk.obj
                init                                 A6       A6        4        4       0
                reset_vec                             0        0        4        0       0
                idloc                            200000   200000        8   200000       0
                config                           300000   300000        E   300000       0
dist/default/production\clcd_usart_cmd_consol.X.production.obj
                intcode                               8        8       9E        4       0
                temp                                 50       50        1        1       1
                mediumconst                        FC78     FC78      388     7E3C       0
                text97                             3FA2     3FA2       2C        4       0
                text96                             3EE8     3EE8       32        4       0
                text95                             40DA     40DA       1E        4       0
                text94                             4204     4204        C     20F6       0
                text93                             426C     426C        2     212C       0
                text92                             401A     401A       24        4       0
                text91                             417A     417A       10        4       0
                text89                             3E4C     3E4C       36        4       0
                text88                             4268     4268        4     212C       0
                text87                             41D0     41D0        E        4       0
                text86                             3C12     3C12       4A        4       0
                text85                             422E     422E        A     20F6       0
                text84                             4264     4264        4     212C       0
                text83                             3E14     3E14       38        4       0
                text82                             4260     4260        4     212C       0
                text81                             4060     4060       20        4       0
                text80                             424C     424C        6     20F6       0
                text79                             3FF4     3FF4       26        4       0
                text78                             40BC     40BC       1E        4       0
                text77                             425C     425C        4     212C       0
                text76                             4246     4246        6     20F6       0
                text75                             3E82     3E82       34        4       0
                text74                             4240     4240        6     20F6       0
                text73                             3FCE     3FCE       26        4       0
                text72                             409E     409E       1E        4       0
                text71                             2F1E     2F1E       CE        4       0
                text70                             3F76     3F76       2C        4       0
                text69                             3EB6     3EB6       32        4       0
                text68                             3A8C     3A8C       52        4       0
                text67                             3CA0     3CA0       42        4       0
                text66                             3D62     3D62       3E        4       0
                text65                             4224     4224        A     20F6       0
                text64                             2A06     2A06      1D8        4       0
                text63                             3DDA     3DDA       3A        4       0
                text62                             32C2     32C2       AE        4       0
                text61                             3214     3214       AE        4       0
                text60                             3414     3414       A4        4       0
                text59                             3550     3550       98        4       0
                text58                             34B8     34B8       98        4       0
                text57                             3F48     3F48       2E        4       0
                text56                             3866     3866       68        4       0
                text55                             30AA     30AA       B6        4       0
                text54                             3BC8     3BC8       4A        4       0
                text53                             3D22     3D22       40        4       0
                text52                             3B2E     3B2E       50        4       0
                text51                             3ADE     3ADE       50        4       0
                text50                             2FEC     2FEC       BE        4       0
                text49                               AA       AA      BEE        4       0
                text48                             41C2     41C2        E        4       0
                text47                             41B4     41B4        E        4       0
                text46                             36FC     36FC       84        4       0
                text45                             41F8     41F8        C     20F6       0
                text44                             41EC     41EC        C     20F6       0
                text43                             4258     4258        4     212C       0
                text42                             3C5C     3C5C       44        4       0
                text41                             3CE2     3CE2       40        4       0
                text40                             3B7E     3B7E       4A        4       0
                text39                             4114     4114       1C        4       0
                text38                             3DA0     3DA0       3A        4       0
                text37                             392C     392C       5A        4       0
                text36                             4080     4080       1E        4       0
                text35                             416A     416A       10        4       0
                text34                             403E     403E       22        4       0
                text33                             421A     421A        A     20F6       0
                text32                             40F8     40F8       1C        4       0
                text31                             3160     3160       B4        4       0
                text30                             2E40     2E40       DE        4       0
                text29                             41A6     41A6        E        4       0
                text28                             4210     4210        A     20F6       0
                text27                             4198     4198        E        4       0
                text26                             418A     418A        E        4       0
                text25                             3370     3370       A4        4       0
                text24                             3F1A     3F1A       2E        4       0
                text23                             4146     4146       14        4       0
                text22                             1D2E     1D2E      280        4       0
                text21                             2632     2632      1F2        4       0
                text20                             37F6     37F6       70        4       0
                text19                             3A36     3A36       56        4       0
                text18                             39DE     39DE       58        4       0
                text17                             415A     415A       10        4       0
                text16                             2D3A     2D3A      106        4       0
                text15                             17CE     17CE      2CC        4       0
                text14                             1A9A     1A9A      294        4       0
                text13                             243E     243E      1F4        4       0
                text12                             4238     4238        8     20F6       0
                text11                             4130     4130       16        4       0
                text10                             3676     3676       86        4       0
                text9                              38CE     38CE       5E        4       0
                text8                              148E     148E      340        4       0
                text7                              2BDE     2BDE      15C        4       0
                text6                              10DA     10DA      3B4        4       0
                text5                              2824     2824      1E2        4       0
                text4                              1FAE     1FAE      274        4       0
                text3                               C98      C98      442        4       0
                text2                              2222     2222      21C        4       0
                text1                              3780     3780       76        4       0
                text0                              3986     3986       58        4       0
                cstackCOMRAM                          1        1       40        1       1
                cstackBANK0                          FE       FE        2       60       1
                cstackBANK1                         178      178        E      100       1
                bssBIGRAM                           296      296      44C      296       1
                bssBANK2                            200      200       96      200       1
                dataBANK1                           186      186        D      100       1
                bssBANK1                            100      100       78      100       1
                dataBANK0                            F9       F9        5       60       1
                bssBANK0                             60       60       92       60       1
                bssCOMRAM                            41       41        D        1       1
                cinit                              35E8     35E8       8E        4       0
                nvBANK0                              F2       F2        7       60       1
                nvCOMRAM                             4E       4E        2        1       1
                idataBANK1                         41DE     41DE        D        4       0
                idataBANK0                         4252     4252        5     20F6       0

TOTAL           Name                               Link     Load   Length     Space
        CLASS   STACK          

        CLASS   CODE           
                intcode                               8        8       9E         0
                init                                 A6       A6        4         0
                reset_vec                             0        0        4         0
                text97                             3FA2     3FA2       2C         0
                text96                             3EE8     3EE8       32         0
                text95                             40DA     40DA       1E         0
                text94                             4204     4204        C         0
                text93                             426C     426C        2         0
                text92                             401A     401A       24         0
                text91                             417A     417A       10         0
                text89                             3E4C     3E4C       36         0
                text88                             4268     4268        4         0
                text87                             41D0     41D0        E         0
                text86                             3C12     3C12       4A         0
                text85                             422E     422E        A         0
                text84                             4264     4264        4         0
                text83                             3E14     3E14       38         0
                text82                             4260     4260        4         0
                text81                             4060     4060       20         0
                text80                             424C     424C        6         0
                text79                             3FF4     3FF4       26         0
                text78                             40BC     40BC       1E         0
                text77                             425C     425C        4         0
                text76                             4246     4246        6         0
                text75                             3E82     3E82       34         0
                text74                             4240     4240        6         0
                text73                             3FCE     3FCE       26         0
                text72                             409E     409E       1E         0
                text71                             2F1E     2F1E       CE         0
                text70                             3F76     3F76       2C         0
                text69                             3EB6     3EB6       32         0
                text68                             3A8C     3A8C       52         0
                text67                             3CA0     3CA0       42         0
                text66                             3D62     3D62       3E         0
                text65                             4224     4224        A         0
                text64                             2A06     2A06      1D8         0
                text63                             3DDA     3DDA       3A         0
                text62                             32C2     32C2       AE         0
                text61                             3214     3214       AE         0
                text60                             3414     3414       A4         0
                text59                             3550     3550       98         0
                text58                             34B8     34B8       98         0
                text57                             3F48     3F48       2E         0
                text56                             3866     3866       68         0
                text55                             30AA     30AA       B6         0
                text54                             3BC8     3BC8       4A         0
                text53                             3D22     3D22       40         0
                text52                             3B2E     3B2E       50         0
                text51                             3ADE     3ADE       50         0
                text50                             2FEC     2FEC       BE         0
                text49                               AA       AA      BEE         0
                text48                             41C2     41C2        E         0
                text47                             41B4     41B4        E         0
                text46                             36FC     36FC       84         0
                text45                             41F8     41F8        C         0
                text44                             41EC     41EC        C         0
                text43                             4258     4258        4         0
                text42                             3C5C     3C5C       44         0
                text41                             3CE2     3CE2       40         0
                text40                             3B7E     3B7E       4A         0
                text39                             4114     4114       1C         0
                text38                             3DA0     3DA0       3A         0
                text37                             392C     392C       5A         0
                text36                             4080     4080       1E         0
                text35                             416A     416A       10         0
                text34                             403E     403E       22         0
                text33                             421A     421A        A         0
                text32                             40F8     40F8       1C         0
                text31                             3160     3160       B4         0
                text30                             2E40     2E40       DE         0
                text29                             41A6     41A6        E         0
                text28                             4210     4210        A         0
                text27                             4198     4198        E         0
                text26                             418A     418A        E         0
                text25                             3370     3370       A4         0
                text24                             3F1A     3F1A       2E         0
                text23                             4146     4146       14         0
                text22                             1D2E     1D2E      280         0
                text21                             2632     2632      1F2         0
                text20                             37F6     37F6       70         0
                text19                             3A36     3A36       56         0
                text18                             39DE     39DE       58         0
                text17                             415A     415A       10         0
                text16                             2D3A     2D3A      106         0
                text15                             17CE     17CE      2CC         0
                text14                             1A9A     1A9A      294         0
                text13                             243E     243E      1F4         0
                text12                             4238     4238        8         0
                text11                             4130     4130       16         0
                text10                             3676     3676       86         0
                text9                              38CE     38CE       5E         0
                text8                              148E     148E      340         0
                text7                              2BDE     2BDE      15C         0
                text6                              10DA     10DA      3B4         0
                text5                              2824     2824      1E2         0
                text4                              1FAE     1FAE      274         0
                text3                               C98      C98      442         0
                text2                              2222     2222      21C         0
                text1                              3780     3780       76         0
                text0                              3986     3986       58         0
                cinit                              35E8     35E8       8E         0
                idataBANK1                         41DE     41DE        D         0
                idataBANK0                         4252     4252        5         0

        CLASS   CONST          

        CLASS   SMALLCONST     

        CLASS   MEDIUMCONST    
                mediumconst                        FC78     FC78      388         0

        CLASS   COMRAM         
                temp                                 50       50        1         1
                cstackCOMRAM                          1        1       40         1
                bssCOMRAM                            41       41        D         1
                nvCOMRAM                             4E       4E        2         1

        CLASS   ABS1           

        CLASS   BIGRAM         
                bssBIGRAM                           296      296      44C         1

        CLASS   RAM            

        CLASS   BANK0          
                cstackBANK0                          FE       FE        2         1
                dataBANK0                            F9       F9        5         1
                bssBANK0                             60       60       92         1
                nvBANK0                              F2       F2        7         1

        CLASS   BANK1          
                cstackBANK1                         178      178        E         1
                dataBANK1                           186      186        D         1
                bssBANK1                            100      100       78         1

        CLASS   BANK2          
                bssBANK2                            200      200       96         1

        CLASS   BANK3          

        CLASS   BANK4          

        CLASS   BANK5          

        CLASS   BANK6          

        CLASS   BANK7          

        CLASS   BANK8          

        CLASS   BANK9          

        CLASS   BANK10         

        CLASS   BANK11         

        CLASS   BANK12         

        CLASS   BANK13         

        CLASS   BANK14         

        CLASS   BANK15         

        CLASS   SFR            

        CLASS   FARRAM         

        CLASS   CONFIG         
                config                           300000   300000        E         0

        CLASS   IDLOC          
                idloc                            200000   200000        8         0

        CLASS   EEDATA         



SEGMENTS        Name                           Load    Length   Top    Selector   Space  Class

                reset_vec                      000000  000004  000004         0       0  CODE    
                cstackCOMRAM                   000001  000050  000051         1       1  COMRAM  
                intcode                        000008  0041E3  0041EB         4       0  CODE    
                bssBANK0                       000060  0000A0  000100        60       1  BANK0   
                bssBANK1                       000100  000093  000193       100       1  BANK1   
                bssBANK2                       000200  000096  000296       200       1  BANK2   
                bssBIGRAM                      000296  00044C  0006E2       296       1  BIGRAM  
                text44                         0041EC  00006B  004257      20F6       0  CODE    
                text43                         004258  000016  00426E      212C       0  CODE    
                mediumconst                    00FC78  000388  010000      7E3C       0  MEDIUMCO
                idloc                          200000  000008  200008    200000       0  IDLOC   
                config                         300000  00000E  30000E    300000       0  CONFIG  


UNUSED ADDRESS RANGES

        Name                Unused          Largest block    Delta
        BANK1            000193-0001FF               6D
        BANK10           000A00-000AFF              100
        BANK11           000B00-000BFF              100
        BANK12           000C00-000CFF              100
        BANK13           000D00-000DFF              100
        BANK14           000E00-000EFF              100
        BANK15           000F00-000F37               38
        BANK6            0006E2-0006FF               1E
        BANK7            000700-0007FF              100
        BANK8            000800-0008FF              100
        BANK9            000900-0009FF              100
        BIGRAM           000051-00005F                F
                         000193-0001FF               6D
                         0006E2-000F37              856
        CODE             000004-000007                4
                         0041EB-0041EB                1
                         004257-004257                1
                         00426E-00FC77             BA0A
        COMRAM           000051-00005F                F
        CONST            000004-000007                4
                         0041EB-0041EB                1
                         004257-004257                1
                         00426E-00FC77             BA0A
        EEDATA           F00000-F003FF              400
        MEDIUMCONST      0041EB-0041EB                1
                         004257-004257                1
                         00426E-00FC77             BA0A
        RAM              000193-0001FF               6D
                         0006E2-000F37              100
        SFR              000F38-000FFF               28
        SMALLCONST       0041EB-0041EB                1
                         004257-004257                1
                         00426E-00FC77              100
        STACK            0006E2-000F37              856

                                  Symbol Table

?___awdiv                                        cstackCOMRAM 000010
?___awmod                                        cstackCOMRAM 00001E
?___lmul                                         cstackCOMRAM 000010
?___lwdiv                                        cstackCOMRAM 000010
?___lwmod                                        cstackCOMRAM 000017
?___wmul                                         cstackCOMRAM 000018
?_atoi                                           cstackCOMRAM 00001E
?_get_new_uid                                    cstackCOMRAM 000024
?_max_display_support                            cstackCOMRAM 000010
?_printf                                         cstackCOMRAM 00001E
?_rand                                           cstackCOMRAM 00001C
?_strchr                                         cstackCOMRAM 000010
?_strcmp                                         cstackCOMRAM 000010
?_strcspn                                        cstackCOMRAM 000014
?_strlen                                         cstackCOMRAM 00001E
?_strspn                                         cstackCOMRAM 000014
?_strtok                                         cstackCOMRAM 00001B
EUSART1_Read@readValue                           cstackCOMRAM 000010
EUSART1_Write@txData                             cstackCOMRAM 000010
TMR0_SetInterruptHandler@InterruptHandler        cstackCOMRAM 000010
_ANSELA                                          (abs)        000F38
_ANSELB                                          (abs)        000F39
_ANSELC                                          (abs)        000F3A
_ANSELD                                          (abs)        000F3B
_ANSELE                                          (abs)        000F3C
_BAUDCON1                                        (abs)        000FB8
_CMD                                             bssBANK0     0000E3
_EUSART1_Initialize                              text89       003E4C
_EUSART1_Read                                    text75       003E82
_EUSART1_Receive_ISR                             text97       003FA2
_EUSART1_Transmit_ISR                            text96       003EE8
_EUSART1_Write                                   text66       003D62
_INTCON2bits                                     (abs)        000FF1
_INTCONbits                                      (abs)        000FF2
_INTERRUPT_Initialize                            text88       004268
_INTERRUPT_InterruptManager                      intcode      000008
_LATA                                            (abs)        000F89
_LATB                                            (abs)        000F8A
_LATC                                            (abs)        000F8B
_LATD                                            (abs)        000F8C
_LATE                                            (abs)        000F8D
_LATEbits                                        (abs)        000F8D
_LCD_16x2_DISPLAY                                bssBANK0     00007E
_LCD_20x4_DISPLAY                                bssBANK0     00007F
_OSCCON                                          (abs)        000FD3
_OSCCON2                                         (abs)        000FD2
_OSCILLATOR_Initialize                           text87       0041D0
_OSCTUNE                                         (abs)        000F9B
_PIE1bits                                        (abs)        000F9D
_PIN_MANAGER_Initialize                          text86       003C12
_PIR1bits                                        (abs)        000F9E
_PIR5bits                                        (abs)        000F7E
_PORTAbits                                       (abs)        000F80
_PORTD                                           (abs)        000F83
_PORTDbits                                       (abs)        000F83
_RCONbits                                        (abs)        000FD0
_RCREG1                                          (abs)        000FAE
_RCSTA1                                          (abs)        000FAB
_RCSTA1bits                                      (abs)        000FAB
_SPBRG1                                          (abs)        000FAF
_SPBRGH1                                         (abs)        000FB0
_SYSTEM_Initialize                               text78       0040BC
_T0CON                                           (abs)        000FD5
_T0CONbits                                       (abs)        000FD5
_T1CON                                           (abs)        000FCD
_T1CONbits                                       (abs)        000FCD
_T1GCON                                          (abs)        000FCC
_T1GCONbits                                      (abs)        000FCC
_T5CON                                           (abs)        000F4E
_T5CONbits                                       (abs)        000F4E
_T5GCON                                          (abs)        000F4D
_T5GCONbits                                      (abs)        000F4D
_TMR0H                                           (abs)        000FD7
_TMR0L                                           (abs)        000FD6
_TMR0_CallBack                                   text92       00401A
_TMR0_DefaultInterruptHandler                    text93       00426C
_TMR0_ISR                                        text91       00417A
_TMR0_Initialize                                 text83       003E14
_TMR0_InterruptHandler                           nvBANK0      0000F2
_TMR0_SetInterruptHandler                        text85       00422E
_TMR0_StartTimer                                 text84       004264
_TMR0_StopTimer                                  text77       00425C
_TMR1                                            (abs)        000FCE
_TMR1H                                           (abs)        000FCF
_TMR1L                                           (abs)        000FCE
_TMR1_HasOverflowOccured                         text45       0041F8
_TMR1_Initialize                                 text81       004060
_TMR1_InterruptHandler                           bssBANK0     000070
_TMR1_Reload                                     text44       0041EC
_TMR1_StartTimer                                 text82       004260
_TMR1_StopTimer                                  text43       004258
_TMR5                                            (abs)        000F4F
_TMR5H                                           (abs)        000F50
_TMR5L                                           (abs)        000F4F
_TMR5_Initialize                                 text79       003FF4
_TMR5_InterruptHandler                           bssBANK0     000072
_TMR5_StartTimer                                 text80       00424C
_TMR5_StopTimer                                  text76       004246
_TRISA                                           (abs)        000F92
_TRISB                                           (abs)        000F93
_TRISC                                           (abs)        000F94
_TRISD                                           (abs)        000F95
_TRISE                                           (abs)        000F96
_TXREG1                                          (abs)        000FAD
_TXSTA1                                          (abs)        000FAC
_WPUB                                            (abs)        000F61
__CFG_BOREN$SBORDIS                              (abs)        000000
__CFG_BORV$190                                   (abs)        000000
__CFG_CCP2MX$PORTC1                              (abs)        000000
__CFG_CCP3MX$PORTB5                              (abs)        000000
__CFG_CP0$OFF                                    (abs)        000000
__CFG_CP1$OFF                                    (abs)        000000
__CFG_CP2$OFF                                    (abs)        000000
__CFG_CP3$OFF                                    (abs)        000000
__CFG_CPB$OFF                                    (abs)        000000
__CFG_CPD$OFF                                    (abs)        000000
__CFG_DEBUG$OFF                                  (abs)        000000
__CFG_EBTR0$OFF                                  (abs)        000000
__CFG_EBTR1$OFF                                  (abs)        000000
__CFG_EBTR2$OFF                                  (abs)        000000
__CFG_EBTR3$OFF                                  (abs)        000000
__CFG_EBTRB$OFF                                  (abs)        000000
__CFG_FCMEN$OFF                                  (abs)        000000
__CFG_FOSC$INTIO67                               (abs)        000000
__CFG_HFOFST$ON                                  (abs)        000000
__CFG_IESO$OFF                                   (abs)        000000
__CFG_LVP$ON                                     (abs)        000000
__CFG_MCLRE$EXTMCLR                              (abs)        000000
__CFG_P2BMX$PORTD2                               (abs)        000000
__CFG_PBADEN$ON                                  (abs)        000000
__CFG_PLLCFG$ON                                  (abs)        000000
__CFG_PRICLKEN$ON                                (abs)        000000
__CFG_PWRTEN$OFF                                 (abs)        000000
__CFG_STVREN$ON                                  (abs)        000000
__CFG_T3CMX$PORTC0                               (abs)        000000
__CFG_WDTEN$OFF                                  (abs)        000000
__CFG_WDTPS$32768                                (abs)        000000
__CFG_WRT0$OFF                                   (abs)        000000
__CFG_WRT1$OFF                                   (abs)        000000
__CFG_WRT2$OFF                                   (abs)        000000
__CFG_WRT3$OFF                                   (abs)        000000
__CFG_WRTB$OFF                                   (abs)        000000
__CFG_WRTC$OFF                                   (abs)        000000
__CFG_WRTD$OFF                                   (abs)        000000
__CFG_XINST$OFF                                  (abs)        000000
__HRAM                                           (abs)        000000
__Habs1                                          abs1         000000
__Hbank0                                         bank0        000000
__Hbank1                                         bank1        000000
__Hbank10                                        bank10       000000
__Hbank11                                        bank11       000000
__Hbank12                                        bank12       000000
__Hbank13                                        bank13       000000
__Hbank14                                        bank14       000000
__Hbank15                                        bank15       000000
__Hbank2                                         bank2        000000
__Hbank3                                         bank3        000000
__Hbank4                                         bank4        000000
__Hbank5                                         bank5        000000
__Hbank6                                         bank6        000000
__Hbank7                                         bank7        000000
__Hbank8                                         bank8        000000
__Hbank9                                         bank9        000000
__Hbigbss                                        bigbss       000000
__Hbigdata                                       bigdata      000000
__Hbigram                                        bigram       000000
__Hbss                                           bss          000000
__HbssBANK0                                      bssBANK0     000000
__HbssBANK1                                      bssBANK1     000000
__HbssBANK2                                      bssBANK2     000000
__HbssBIGRAM                                     bssBIGRAM    000000
__HbssCOMRAM                                     bssCOMRAM    000000
__Hcinit                                         cinit        000000
__Hclrtext                                       clrtext      000000
__Hcomram                                        comram       000000
__Hconfig                                        config       30000E
__Hconst                                         const        000000
__HcstackBANK0                                   cstackBANK0  000000
__HcstackBANK1                                   cstackBANK1  000000
__HcstackCOMRAM                                  cstackCOMRAM 000000
__Hdata                                          data         000000
__HdataBANK0                                     dataBANK0    000000
__HdataBANK1                                     dataBANK1    000000
__Heeprom_data                                   eeprom_data  000000
__Hfarbss                                        farbss       000000
__Hfardata                                       fardata      000000
__Hibigdata                                      ibigdata     000000
__Hidata                                         idata        000000
__HidataBANK0                                    idataBANK0   000000
__HidataBANK1                                    idataBANK1   000000
__Hidloc                                         idloc        200008
__Hifardata                                      ifardata     000000
__Hinit                                          init         0000AA
__Hintcode                                       intcode      0000A6
__Hintcode_body                                  intcode_body 000000
__Hintcodelo                                     intcodelo    0000A6
__Hintentry                                      intentry     000000
__Hintret                                        intret       000000
__Hintsave_regs                                  intsave_regs 000000
__Hirdata                                        irdata       000000
__Hmediumconst                                   mediumconst  010000
__HnvBANK0                                       nvBANK0      000000
__HnvCOMRAM                                      nvCOMRAM     000000
__HnvFARRAM                                      nvFARRAM     000000
__Hnvbit                                         nvbit        000000
__Hnvrram                                        nvrram       000000
__Hparam                                         rparam       000000
__Hpowerup                                       powerup      0000A6
__Hram                                           ram          000000
__Hramtop                                        ramtop       001000
__Hrbit                                          rbit         000000
__Hrbss                                          rbss         000000
__Hrdata                                         rdata        000000
__Hreset_vec                                     reset_vec    000004
__Hrparam                                        rparam       000000
__Hsfr                                           sfr          000000
__Hsmallconst                                    smallconst   000000
__Hspace_0                                       (abs)        30000E
__Hspace_1                                       (abs)        0006E2
__Hspace_2                                       (abs)        000000
__Hstack                                         stack        000000
__Hstruct                                        struct       000000
__Htemp                                          temp         000051
__Htext                                          text         000000
__Htext0                                         text0        000000
__Htext1                                         text1        000000
__Htext10                                        text10       000000
__Htext11                                        text11       000000
__Htext12                                        text12       000000
__Htext13                                        text13       000000
__Htext14                                        text14       000000
__Htext15                                        text15       000000
__Htext16                                        text16       000000
__Htext17                                        text17       000000
__Htext18                                        text18       000000
__Htext19                                        text19       000000
__Htext2                                         text2        000000
__Htext20                                        text20       000000
__Htext21                                        text21       000000
__Htext22                                        text22       000000
__Htext23                                        text23       000000
__Htext24                                        text24       000000
__Htext25                                        text25       000000
__Htext26                                        text26       000000
__Htext27                                        text27       000000
__Htext28                                        text28       000000
__Htext29                                        text29       000000
__Htext3                                         text3        000000
__Htext30                                        text30       000000
__Htext31                                        text31       000000
__Htext32                                        text32       000000
__Htext33                                        text33       000000
__Htext34                                        text34       000000
__Htext35                                        text35       000000
__Htext36                                        text36       000000
__Htext37                                        text37       000000
__Htext38                                        text38       000000
__Htext39                                        text39       000000
__Htext4                                         text4        000000
__Htext40                                        text40       000000
__Htext41                                        text41       000000
__Htext42                                        text42       000000
__Htext43                                        text43       000000
__Htext44                                        text44       000000
__Htext45                                        text45       000000
__Htext46                                        text46       000000
__Htext47                                        text47       000000
__Htext48                                        text48       000000
__Htext49                                        text49       000000
__Htext5                                         text5        000000
__Htext50                                        text50       000000
__Htext51                                        text51       000000
__Htext52                                        text52       000000
__Htext53                                        text53       000000
__Htext54                                        text54       000000
__Htext55                                        text55       000000
__Htext56                                        text56       000000
__Htext57                                        text57       000000
__Htext58                                        text58       000000
__Htext59                                        text59       000000
__Htext6                                         text6        000000
__Htext60                                        text60       000000
__Htext61                                        text61       000000
__Htext62                                        text62       000000
__Htext63                                        text63       000000
__Htext64                                        text64       000000
__Htext65                                        text65       000000
__Htext66                                        text66       000000
__Htext67                                        text67       000000
__Htext68                                        text68       000000
__Htext69                                        text69       000000
__Htext7                                         text7        000000
__Htext70                                        text70       000000
__Htext71                                        text71       000000
__Htext72                                        text72       000000
__Htext73                                        text73       000000
__Htext74                                        text74       000000
__Htext75                                        text75       000000
__Htext76                                        text76       000000
__Htext77                                        text77       000000
__Htext78                                        text78       000000
__Htext79                                        text79       000000
__Htext8                                         text8        000000
__Htext80                                        text80       000000
__Htext81                                        text81       000000
__Htext82                                        text82       000000
__Htext83                                        text83       000000
__Htext84                                        text84       000000
__Htext85                                        text85       000000
__Htext86                                        text86       000000
__Htext87                                        text87       000000
__Htext88                                        text88       000000
__Htext89                                        text89       000000
__Htext9                                         text9        000000
__Htext91                                        text91       000000
__Htext92                                        text92       000000
__Htext93                                        text93       000000
__Htext94                                        text94       000000
__Htext95                                        text95       000000
__Htext96                                        text96       000000
__Htext97                                        text97       000000
__Htext98                                        text98       000000
__LRAM                                           (abs)        000001
__Labs1                                          abs1         000000
__Lbank0                                         bank0        000000
__Lbank1                                         bank1        000000
__Lbank10                                        bank10       000000
__Lbank11                                        bank11       000000
__Lbank12                                        bank12       000000
__Lbank13                                        bank13       000000
__Lbank14                                        bank14       000000
__Lbank15                                        bank15       000000
__Lbank2                                         bank2        000000
__Lbank3                                         bank3        000000
__Lbank4                                         bank4        000000
__Lbank5                                         bank5        000000
__Lbank6                                         bank6        000000
__Lbank7                                         bank7        000000
__Lbank8                                         bank8        000000
__Lbank9                                         bank9        000000
__Lbigbss                                        bigbss       000000
__Lbigdata                                       bigdata      000000
__Lbigram                                        bigram       000000
__Lbss                                           bss          000000
__LbssBANK0                                      bssBANK0     000000
__LbssBANK1                                      bssBANK1     000000
__LbssBANK2                                      bssBANK2     000000
__LbssBIGRAM                                     bssBIGRAM    000000
__LbssCOMRAM                                     bssCOMRAM    000000
__Lcinit                                         cinit        000000
__Lclrtext                                       clrtext      000000
__Lcomram                                        comram       000000
__Lconfig                                        config       300000
__Lconst                                         const        000000
__LcstackBANK0                                   cstackBANK0  000000
__LcstackBANK1                                   cstackBANK1  000000
__LcstackCOMRAM                                  cstackCOMRAM 000000
__Ldata                                          data         000000
__LdataBANK0                                     dataBANK0    000000
__LdataBANK1                                     dataBANK1    000000
__Leeprom_data                                   eeprom_data  000000
__Lfarbss                                        farbss       000000
__Lfardata                                       fardata      000000
__Libigdata                                      ibigdata     000000
__Lidata                                         idata        000000
__LidataBANK0                                    idataBANK0   000000
__LidataBANK1                                    idataBANK1   000000
__Lidloc                                         idloc        200000
__Lifardata                                      ifardata     000000
__Linit                                          init         0000A6
__Lintcode                                       intcode      000008
__Lintcode_body                                  intcode_body 000000
__Lintcodelo                                     intcodelo    0000A6
__Lintentry                                      intentry     000000
__Lintret                                        intret       000000
__Lintsave_regs                                  intsave_regs 000000
__Lirdata                                        irdata       000000
__Lmediumconst                                   mediumconst  00FC78
__LnvBANK0                                       nvBANK0      000000
__LnvCOMRAM                                      nvCOMRAM     000000
__LnvFARRAM                                      nvFARRAM     000000
__Lnvbit                                         nvbit        000000
__Lnvrram                                        nvrram       000000
__Lparam                                         rparam       000000
__Lpowerup                                       powerup      0000A6
__Lram                                           ram          000000
__Lramtop                                        ramtop       001000
__Lrbit                                          rbit         000000
__Lrbss                                          rbss         000000
__Lrdata                                         rdata        000000
__Lreset_vec                                     reset_vec    000000
__Lrparam                                        rparam       000000
__Lsfr                                           sfr          000000
__Lsmallconst                                    smallconst   000000
__Lspace_0                                       (abs)        000000
__Lspace_1                                       (abs)        000000
__Lspace_2                                       (abs)        000000
__Lstack                                         stack        000000
__Lstruct                                        struct       000000
__Ltemp                                          temp         000050
__Ltext                                          text         000000
__Ltext0                                         text0        000000
__Ltext1                                         text1        000000
__Ltext10                                        text10       000000
__Ltext11                                        text11       000000
__Ltext12                                        text12       000000
__Ltext13                                        text13       000000
__Ltext14                                        text14       000000
__Ltext15                                        text15       000000
__Ltext16                                        text16       000000
__Ltext17                                        text17       000000
__Ltext18                                        text18       000000
__Ltext19                                        text19       000000
__Ltext2                                         text2        000000
__Ltext20                                        text20       000000
__Ltext21                                        text21       000000
__Ltext22                                        text22       000000
__Ltext23                                        text23       000000
__Ltext24                                        text24       000000
__Ltext25                                        text25       000000
__Ltext26                                        text26       000000
__Ltext27                                        text27       000000
__Ltext28                                        text28       000000
__Ltext29                                        text29       000000
__Ltext3                                         text3        000000
__Ltext30                                        text30       000000
__Ltext31                                        text31       000000
__Ltext32                                        text32       000000
__Ltext33                                        text33       000000
__Ltext34                                        text34       000000
__Ltext35                                        text35       000000
__Ltext36                                        text36       000000
__Ltext37                                        text37       000000
__Ltext38                                        text38       000000
__Ltext39                                        text39       000000
__Ltext4                                         text4        000000
__Ltext40                                        text40       000000
__Ltext41                                        text41       000000
__Ltext42                                        text42       000000
__Ltext43                                        text43       000000
__Ltext44                                        text44       000000
__Ltext45                                        text45       000000
__Ltext46                                        text46       000000
__Ltext47                                        text47       000000
__Ltext48                                        text48       000000
__Ltext49                                        text49       000000
__Ltext5                                         text5        000000
__Ltext50                                        text50       000000
__Ltext51                                        text51       000000
__Ltext52                                        text52       000000
__Ltext53                                        text53       000000
__Ltext54                                        text54       000000
__Ltext55                                        text55       000000
__Ltext56                                        text56       000000
__Ltext57                                        text57       000000
__Ltext58                                        text58       000000
__Ltext59                                        text59       000000
__Ltext6                                         text6        000000
__Ltext60                                        text60       000000
__Ltext61                                        text61       000000
__Ltext62                                        text62       000000
__Ltext63                                        text63       000000
__Ltext64                                        text64       000000
__Ltext65                                        text65       000000
__Ltext66                                        text66       000000
__Ltext67                                        text67       000000
__Ltext68                                        text68       000000
__Ltext69                                        text69       000000
__Ltext7                                         text7        000000
__Ltext70                                        text70       000000
__Ltext71                                        text71       000000
__Ltext72                                        text72       000000
__Ltext73                                        text73       000000
__Ltext74                                        text74       000000
__Ltext75                                        text75       000000
__Ltext76                                        text76       000000
__Ltext77                                        text77       000000
__Ltext78                                        text78       000000
__Ltext79                                        text79       000000
__Ltext8                                         text8        000000
__Ltext80                                        text80       000000
__Ltext81                                        text81       000000
__Ltext82                                        text82       000000
__Ltext83                                        text83       000000
__Ltext84                                        text84       000000
__Ltext85                                        text85       000000
__Ltext86                                        text86       000000
__Ltext87                                        text87       000000
__Ltext88                                        text88       000000
__Ltext89                                        text89       000000
__Ltext9                                         text9        000000
__Ltext91                                        text91       000000
__Ltext92                                        text92       000000
__Ltext93                                        text93       000000
__Ltext94                                        text94       000000
__Ltext95                                        text95       000000
__Ltext96                                        text96       000000
__Ltext97                                        text97       000000
__Ltext98                                        text98       000000
__S0                                             (abs)        30000E
__S1                                             (abs)        0006E2
__S2                                             (abs)        000000
___awdiv                                         text46       0036FC
___awdiv@counter                                 cstackCOMRAM 000014
___awdiv@dividend                                cstackCOMRAM 000010
___awdiv@divisor                                 cstackCOMRAM 000012
___awdiv@quotient                                cstackCOMRAM 000016
___awdiv@sign                                    cstackCOMRAM 000015
___awmod                                         text20       0037F6
___awmod@counter                                 cstackCOMRAM 000022
___awmod@dividend                                cstackCOMRAM 00001E
___awmod@divisor                                 cstackCOMRAM 000020
___awmod@sign                                    cstackCOMRAM 000023
___inthi_sp                                      stack        000000
___intlo_sp                                      stack        000000
___lmul                                          text19       003A36
___lmul@multiplicand                             cstackCOMRAM 000014
___lmul@multiplier                               cstackCOMRAM 000010
___lmul@product                                  cstackCOMRAM 000018
___lwdiv                                         text68       003A8C
___lwdiv@counter                                 cstackCOMRAM 000014
___lwdiv@dividend                                cstackCOMRAM 000010
___lwdiv@divisor                                 cstackCOMRAM 000012
___lwdiv@quotient                                cstackCOMRAM 000015
___lwmod                                         text67       003CA0
___lwmod@counter                                 cstackCOMRAM 00001B
___lwmod@dividend                                cstackCOMRAM 000017
___lwmod@divisor                                 cstackCOMRAM 000019
___param_bank                                    (abs)        000000
___rparam_used                                   (abs)        000001
___sp                                            stack        000000
___wmul                                          text73       003FCE
___wmul@multiplicand                             cstackCOMRAM 00001A
___wmul@multiplier                               cstackCOMRAM 000018
___wmul@product                                  cstackCOMRAM 00001C
__accesstop                                      (abs)        000060
__activetblptr                                   (abs)        000003
__delay_MS                                       text42       003C5C
__delay_MS@delay                                 cstackCOMRAM 000010
__delay_MS@val                                   cstackCOMRAM 000013
__end_of_EUSART1_Initialize                      text89       003E82
__end_of_EUSART1_Read                            text75       003EB6
__end_of_EUSART1_Receive_ISR                     text97       003FCE
__end_of_EUSART1_Transmit_ISR                    text96       003F1A
__end_of_EUSART1_Write                           text66       003DA0
__end_of_INTERRUPT_Initialize                    text88       00426C
__end_of_INTERRUPT_InterruptManager              intcode      0000A6
__end_of_OSCILLATOR_Initialize                   text87       0041DE
__end_of_PIN_MANAGER_Initialize                  text86       003C5C
__end_of_SYSTEM_Initialize                       text78       0040DA
__end_of_TMR0_CallBack                           text92       00403E
__end_of_TMR0_DefaultInterruptHandler            text93       00426E
__end_of_TMR0_ISR                                text91       00418A
__end_of_TMR0_Initialize                         text83       003E4C
__end_of_TMR0_SetInterruptHandler                text85       004238
__end_of_TMR0_StartTimer                         text84       004268
__end_of_TMR0_StopTimer                          text77       004260
__end_of_TMR1_HasOverflowOccured                 text45       004204
__end_of_TMR1_Initialize                         text81       004080
__end_of_TMR1_Reload                             text44       0041F8
__end_of_TMR1_StartTimer                         text82       004264
__end_of_TMR1_StopTimer                          text43       00425C
__end_of_TMR5_Initialize                         text79       00401A
__end_of_TMR5_StartTimer                         text80       004252
__end_of_TMR5_StopTimer                          text76       00424C
__end_of___awdiv                                 text46       003780
__end_of___awmod                                 text20       003866
__end_of___lmul                                  text19       003A8C
__end_of___lwdiv                                 text68       003ADE
__end_of___lwmod                                 text67       003CE2
__end_of___wmul                                  text73       003FF4
__end_of__delay_MS                               text42       003CA0
__end_of__initialization                         cinit        00366C
__end_of_atoi                                    text71       002FEC
__end_of_char_enter_mode_left_to_right           text12       004240
__end_of_clcd_display_string_config              text37       003986
__end_of_clcd_max_col                            text48       0041D0
__end_of_clcd_max_row                            text47       0041C2
__end_of_clear_cmd_data                          text69       003EE8
__end_of_clear_display_array                     text34       004060
__end_of_clear_display_structure                 text36       00409E
__end_of_cmd_consol_task                         text2        00243E
__end_of_collect_column                          text62       003370
__end_of_collect_row                             text61       0032C2
__end_of_conflict                                text22       001FAE
__end_of_conflict_check                          text14       001D2E
__end_of_console_init                            text1        0037F6
__end_of_copy_data                               text13       002632
__end_of_copy_display_struct                     text21       002824
__end_of_cputs                                   text24       003F48
__end_of_delay                                   text40       003BC8
__end_of_display_text                            text10       0036FC
__end_of_dpowers                                 mediumconst  00FC83
__end_of_get_direction                           text60       0034B8
__end_of_get_dis_frq                             text59       0035E8
__end_of_get_new_uid                             text16       002E40
__end_of_get_over_write_data                     text58       003550
__end_of_get_str                                 text56       0038CE
__end_of_get_uid                                 text55       003160
__end_of_getch                                   text74       004246
__end_of_heart_beat                              text95       0040F8
__end_of_init_CLCD_config                        text31       003214
__end_of_init_clcd_cusotom_lcd                   text30       002F1E
__end_of_isdigit                                 text72       0040BC
__end_of_main                                    text0        0039DE
__end_of_make_array                              text94       004210
__end_of_make_display                            text5        002A06
__end_of_max_display_str                         text29       0041B4
__end_of_max_display_support                     text28       00421A
__end_of_max_uid_range                           text27       0041A6
__end_of_memcpy                                  text41       003D22
__end_of_memset                                  text70       003FA2
__end_of_min_uid_range                           text26       004198
__end_of_parse_cmd_str                           text49       000C98
__end_of_print_conflict_ids                      text25       003414
__end_of_printf                                  text64       002BDE
__end_of_putch                                   text65       00422E
__end_of_puts                                    text23       00415A
__end_of_rand                                    text18       003A36
__end_of_reply_to_host                           text3        0010DA
__end_of_reset_clcd                              text33       004224
__end_of_reset_display_structure_count           text35       00417A
__end_of_scroll_left_to_right                    text8        0017CE
__end_of_scroll_off                              text7        002D3A
__end_of_scroll_right_to_left                    text6        00148E
__end_of_set_cursor                              text11       004146
__end_of_set_string_data                         text15       001A9A
__end_of_srand                                   text17       00416A
__end_of_strchr                                  text53       003D62
__end_of_strcmp                                  text54       003C12
__end_of_strcpy                                  text57       003F76
__end_of_strcspn                                 text52       003B7E
__end_of_strlen                                  text63       003E14
__end_of_strncpy                                 text9        00392C
__end_of_strspn                                  text51       003B2E
__end_of_strtok                                  text50       0030AA
__end_of_update_string_data                      text4        002222
__end_of_write_lcd_cmd                           text32       004114
__end_of_write_lcd_data                          text39       004130
__end_of_write_str                               text38       003DDA
__initialization                                 cinit        0035E8
__mediumconst                                    mediumconst  00FC78
__pbssBANK0                                      bssBANK0     000060
__pbssBANK1                                      bssBANK1     000100
__pbssBANK2                                      bssBANK2     000200
__pbssBIGRAM                                     bssBIGRAM    000296
__pbssCOMRAM                                     bssCOMRAM    000041
__pcinit                                         cinit        0035E8
__pcstackBANK0                                   cstackBANK0  0000FE
__pcstackBANK1                                   cstackBANK1  000178
__pcstackCOMRAM                                  cstackCOMRAM 000001
__pdataBANK0                                     dataBANK0    0000F9
__pdataBANK1                                     dataBANK1    000186
__pidataBANK0                                    idataBANK0   004252
__pidataBANK1                                    idataBANK1   0041DE
__pintcode                                       intcode      000008
__pmediumconst                                   mediumconst  00FC78
__pnvBANK0                                       nvBANK0      0000F2
__pnvCOMRAM                                      nvCOMRAM     00004E
__ptext0                                         text0        003986
__ptext1                                         text1        003780
__ptext10                                        text10       003676
__ptext11                                        text11       004130
__ptext12                                        text12       004238
__ptext13                                        text13       00243E
__ptext14                                        text14       001A9A
__ptext15                                        text15       0017CE
__ptext16                                        text16       002D3A
__ptext17                                        text17       00415A
__ptext18                                        text18       0039DE
__ptext19                                        text19       003A36
__ptext2                                         text2        002222
__ptext20                                        text20       0037F6
__ptext21                                        text21       002632
__ptext22                                        text22       001D2E
__ptext23                                        text23       004146
__ptext24                                        text24       003F1A
__ptext25                                        text25       003370
__ptext26                                        text26       00418A
__ptext27                                        text27       004198
__ptext28                                        text28       004210
__ptext29                                        text29       0041A6
__ptext3                                         text3        000C98
__ptext30                                        text30       002E40
__ptext31                                        text31       003160
__ptext32                                        text32       0040F8
__ptext33                                        text33       00421A
__ptext34                                        text34       00403E
__ptext35                                        text35       00416A
__ptext36                                        text36       004080
__ptext37                                        text37       00392C
__ptext38                                        text38       003DA0
__ptext39                                        text39       004114
__ptext4                                         text4        001FAE
__ptext40                                        text40       003B7E
__ptext41                                        text41       003CE2
__ptext42                                        text42       003C5C
__ptext43                                        text43       004258
__ptext44                                        text44       0041EC
__ptext45                                        text45       0041F8
__ptext46                                        text46       0036FC
__ptext47                                        text47       0041B4
__ptext48                                        text48       0041C2
__ptext49                                        text49       0000AA
__ptext5                                         text5        002824
__ptext50                                        text50       002FEC
__ptext51                                        text51       003ADE
__ptext52                                        text52       003B2E
__ptext53                                        text53       003D22
__ptext54                                        text54       003BC8
__ptext55                                        text55       0030AA
__ptext56                                        text56       003866
__ptext57                                        text57       003F48
__ptext58                                        text58       0034B8
__ptext59                                        text59       003550
__ptext6                                         text6        0010DA
__ptext60                                        text60       003414
__ptext61                                        text61       003214
__ptext62                                        text62       0032C2
__ptext63                                        text63       003DDA
__ptext64                                        text64       002A06
__ptext65                                        text65       004224
__ptext66                                        text66       003D62
__ptext67                                        text67       003CA0
__ptext68                                        text68       003A8C
__ptext69                                        text69       003EB6
__ptext7                                         text7        002BDE
__ptext70                                        text70       003F76
__ptext71                                        text71       002F1E
__ptext72                                        text72       00409E
__ptext73                                        text73       003FCE
__ptext74                                        text74       004240
__ptext75                                        text75       003E82
__ptext76                                        text76       004246
__ptext77                                        text77       00425C
__ptext78                                        text78       0040BC
__ptext79                                        text79       003FF4
__ptext8                                         text8        00148E
__ptext80                                        text80       00424C
__ptext81                                        text81       004060
__ptext82                                        text82       004260
__ptext83                                        text83       003E14
__ptext84                                        text84       004264
__ptext85                                        text85       00422E
__ptext86                                        text86       003C12
__ptext87                                        text87       0041D0
__ptext88                                        text88       004268
__ptext89                                        text89       003E4C
[...]
      Totals:        14       0       0       0       0       0       0       0       0       0       0       0       0       0       0       0       0
Total ram usage:       14 bytes
 Hardware stack levels used:    1
 Hardware stack levels required when called:    4
 This function calls:
		_EUSART1_Receive_ISR
		_EUSART1_Transmit_ISR
		_TMR0_ISR
 This function is called by:
		Interrupt level 2
 This function uses a non-reentrant model


 *************** function _TMR0_ISR *****************
 Defined at:
		line 134 in file "mcc_generated_files/tmr0.c"
 Parameters:    Size  Location     Type
		None
 Auto vars:     Size  Location     Type
		None
 Return value:  Size  Location     Type
                  1    wreg      void 
 Registers used:
		wreg, status,2, status,0, pclath, tosl, cstack
 Tracked objects:
		On entry : 
		On exit  : 
		Unchanged: 
 Data sizes:     COMRAM   BANK0   BANK1   BANK2   BANK3   BANK4   BANK5   BANK6   BANK7   BANK8   BANK9  BANK10  BANK11  BANK12  BANK13  BANK14  BANK15
      Params:         0       0       0       0       0       0       0       0       0       0       0       0       0       0       0       0       0
      Locals:         0       0       0       0       0       0       0       0       0       0       0       0       0       0       0       0       0
      Temps:          0       0       0       0       0       0       0       0       0       0       0       0       0       0       0       0       0
      Totals:         0       0       0       0       0       0       0       0       0       0       0       0       0       0       0       0       0
Total ram usage:        0 bytes
 Hardware stack levels used:    1
 Hardware stack levels required when called:    3
 This function calls:
		_TMR0_CallBack
 This function is called by:
		_INTERRUPT_InterruptManager
 This function uses a non-reentrant model


 *************** function _TMR0_CallBack *****************
 Defined at:
		line 152 in file "mcc_generated_files/tmr0.c"
 Parameters:    Size  Location     Type
		None
 Auto vars:     Size  Location     Type
		None
 Return value:  Size  Location     Type
                  1    wreg      void 
 Registers used:
		wreg, status,2, status,0, pclath, tosl, cstack
 Tracked objects:
		On entry : 
		On exit  : 
		Unchanged: 
 Data sizes:     COMRAM   BANK0   BANK1   BANK2   BANK3   BANK4   BANK5   BANK6   BANK7   BANK8   BANK9  BANK10  BANK11  BANK12  BANK13  BANK14  BANK15
      Params:         0       0       0       0       0       0       0       0       0       0       0       0       0       0       0       0       0
      Locals:         0       0       0       0       0       0       0       0       0       0       0       0       0       0       0       0       0
      Temps:          0       0       0       0       0       0       0       0       0       0       0       0       0       0       0       0       0
      Totals:         0       0       0       0       0       0       0       0       0       0       0       0       0       0       0       0       0
Total ram usage:        0 bytes
 Hardware stack levels used:    1
 Hardware stack levels required when called:    2
 This function calls:
		Absolute function
		_TMR0_DefaultInterruptHandler
		_make_array
 This function is called by:
		_TMR0_ISR
 This function uses a non-reentrant model


 *************** function _TMR0_DefaultInterruptHandler *****************
 Defined at:
		line 166 in file "mcc_generated_files/tmr0.c"
 Parameters:    Size  Location     Type
		None
 Auto vars:     Size  Location     Type
		None
 Return value:  Size  Location     Type
                  1    wreg      void 
 Registers used:
		None
 Tracked objects:
		On entry : 
		On exit  : 
		Unchanged: 
 Data sizes:     COMRAM   BANK0   BANK1   BANK2   BANK3   BANK4   BANK5   BANK6   BANK7   BANK8   BANK9  BANK10  BANK11  BANK12  BANK13  BANK14  BANK15
      Params:         0       0       0       0       0       0       0       0       0       0       0       0       0       0       0       0       0
      Locals:         0       0       0       0       0       0       0       0       0       0       0       0       0       0       0       0       0
      Temps:          0       0       0       0       0       0       0       0       0       0       0       0       0       0       0       0       0
      Totals:         0       0       0       0       0       0       0       0       0       0       0       0       0       0       0       0       0
Total ram usage:        0 bytes
 Hardware stack levels used:    1
 This function calls:
		Nothing
 This function is called by:
		_TMR0_Initialize
		_TMR0_CallBack
 This function uses a non-reentrant model


 *************** function _make_array *****************
 Defined at:
		line 59 in file "main.c"
 Parameters:    Size  Location     Type
		None
 Auto vars:     Size  Location     Type
		None
 Return value:  Size  Location     Type
                  1    wreg      void 
 Registers used:
		wreg, status,2, status,0, cstack
 Tracked objects:
		On entry : 
		On exit  : 
		Unchanged: 
 Data sizes:     COMRAM   BANK0   BANK1   BANK2   BANK3   BANK4   BANK5   BANK6   BANK7   BANK8   BANK9  BANK10  BANK11  BANK12  BANK13  BANK14  BANK15
      Params:         0       0       0       0       0       0       0       0       0       0       0       0       0       0       0       0       0
      Locals:         0       0       0       0       0       0       0       0       0       0       0       0       0       0       0       0       0
      Temps:          0       0       0       0       0       0       0       0       0       0       0       0       0       0       0       0       0
      Totals:         0       0       0       0       0       0       0       0       0       0       0       0       0       0       0       0       0
Total ram usage:        0 bytes
 Hardware stack levels used:    1
 Hardware stack levels required when called:    1
 This function calls:
		_heart_beat
 This function is called by:
		_main
		_TMR0_CallBack
 This function uses a non-reentrant model


 *************** function _heart_beat *****************
 Defined at:
		line 54 in file "main.c"
 Parameters:    Size  Location     Type
		None
 Auto vars:     Size  Location     Type
		None
 Return value:  Size  Location     Type
                  1    wreg      void 
 Registers used:
		wreg, status,2, status,0
 Tracked objects:
		On entry : 
		On exit  : 
		Unchanged: 
 Data sizes:     COMRAM   BANK0   BANK1   BANK2   BANK3   BANK4   BANK5   BANK6   BANK7   BANK8   BANK9  BANK10  BANK11  BANK12  BANK13  BANK14  BANK15
      Params:         0       0       0       0       0       0       0       0       0       0       0       0       0       0       0       0       0
      Locals:         0       0       0       0       0       0       0       0       0       0       0       0       0       0       0       0       0
      Temps:          1       0       0       0       0       0       0       0       0       0       0       0       0       0       0       0       0
      Totals:         1       0       0       0       0       0       0       0       0       0       0       0       0       0       0       0       0
Total ram usage:        1 bytes
 Hardware stack levels used:    1
 This function calls:
		Nothing
 This function is called by:
		_make_array
 This function uses a non-reentrant model


 *************** function _EUSART1_Transmit_ISR *****************
 Defined at:
		line 165 in file "mcc_generated_files/eusart1.c"
 Parameters:    Size  Location     Type
		None
 Auto vars:     Size  Location     Type
		None
 Return value:  Size  Location     Type
                  1    wreg      void 
 Registers used:
		wreg, fsr2l, fsr2h, status,2, status,0, prodl, prodh
 Tracked objects:
		On entry : 
		On exit  : 
		Unchanged: 
 Data sizes:     COMRAM   BANK0   BANK1   BANK2   BANK3   BANK4   BANK5   BANK6   BANK7   BANK8   BANK9  BANK10  BANK11  BANK12  BANK13  BANK14  BANK15
      Params:         0       0       0       0       0       0       0       0       0       0       0       0       0       0       0       0       0
      Locals:         0       0       0       0       0       0       0       0       0       0       0       0       0       0       0       0       0
      Temps:          0       0       0       0       0       0       0       0       0       0       0       0       0       0       0       0       0
      Totals:         0       0       0       0       0       0       0       0       0       0       0       0       0       0       0       0       0
Total ram usage:        0 bytes
 Hardware stack levels used:    1
 This function calls:
		Nothing
 This function is called by:
		_INTERRUPT_InterruptManager
 This function uses a non-reentrant model


 *************** function _EUSART1_Receive_ISR *****************
 Defined at:
		line 184 in file "mcc_generated_files/eusart1.c"
 Parameters:    Size  Location     Type
		None
 Auto vars:     Size  Location     Type
		None
 Return value:  Size  Location     Type
                  1    wreg      void 
 Registers used:
		wreg, fsr2l, fsr2h, status,2, status,0, prodl, prodh
 Tracked objects:
		On entry : 
		On exit  : 
		Unchanged: 
 Data sizes:     COMRAM   BANK0   BANK1   BANK2   BANK3   BANK4   BANK5   BANK6   BANK7   BANK8   BANK9  BANK10  BANK11  BANK12  BANK13  BANK14  BANK15
      Params:         0       0       0       0       0       0       0       0       0       0       0       0       0       0       0       0       0
      Locals:         0       0       0       0       0       0       0       0       0       0       0       0       0       0       0       0       0
      Temps:          0       0       0       0       0       0       0       0       0       0       0       0       0       0       0       0       0
      Totals:         0       0       0       0       0       0       0       0       0       0       0       0       0       0       0       0       0
Total ram usage:        0 bytes
 Hardware stack levels used:    1
 This function calls:
		Nothing
 This function is called by:
		_INTERRUPT_InterruptManager
 This function uses a non-reentrant model



MODULE INFORMATION

Module		Function		Class		Link	Load	Size
C:\Program Files (x86)\Microchip\xc8\v1.40\sources\common\strcpy.c
		_strcpy        		CODE           	3F48	0000	47

C:\Program Files (x86)\Microchip\xc8\v1.40\sources\common\strcpy.c estimated size: 47

C:\Program Files (x86)\Microchip\xc8\v1.40\sources\common\memset.c
		_memset        		CODE           	3F76	0000	45

C:\Program Files (x86)\Microchip\xc8\v1.40\sources\common\memset.c estimated size: 45

delay.c
		_delay         		CODE           	3B7E	0000	75
		__delay_MS     		CODE           	3C5C	0000	69

delay.c estimated size: 144

C:\Program Files (x86)\Microchip\xc8\v1.40\sources\common\doprnt.c
		_printf        		CODE           	2A06	0000	473

C:\Program Files (x86)\Microchip\xc8\v1.40\sources\common\doprnt.c estimated size: 473

mcc_generated_files/interrupt_manager.c
		_INTERRUPT_Initialize		CODE           	4268	0000	5
		_INTERRUPT_InterruptManager		CODE           	0008	0000	159

mcc_generated_files/interrupt_manager.c estimated size: 164

C:\Program Files (x86)\Microchip\xc8\v1.40\sources\common\strspn.c
		_strspn        		CODE           	3ADE	0000	81

C:\Program Files (x86)\Microchip\xc8\v1.40\sources\common\strspn.c estimated size: 81

C:\Program Files (x86)\Microchip\xc8\v1.40\sources\common\strncpy.c
		_strncpy       		CODE           	38CE	0000	95

C:\Program Files (x86)\Microchip\xc8\v1.40\sources\common\strncpy.c estimated size: 95

C:\Program Files (x86)\Microchip\xc8\v1.40\sources\common\cputs.c
		_cputs         		CODE           	3F1A	0000	47

C:\Program Files (x86)\Microchip\xc8\v1.40\sources\common\cputs.c estimated size: 47

mcc_generated_files/tmr0.c
		_TMR0_SetInterruptHandler		CODE           	422E	0000	11
		_TMR0_StopTimer		CODE           	425C	0000	5
		_TMR0_DefaultInterruptHandler		CODE           	426C	0000	3
		_TMR0_CallBack 		CODE           	401A	0000	37
		_TMR0_StartTimer		CODE           	4264	0000	5
		_TMR0_ISR      		CODE           	417A	0000	17
		_TMR0_Initialize		CODE           	3E14	0000	57

mcc_generated_files/tmr0.c estimated size: 135

mcc_generated_files/pin_manager.c
		_PIN_MANAGER_Initialize		CODE           	3C12	0000	75

mcc_generated_files/pin_manager.c estimated size: 75

cmd_consol.c
		_reply_to_host 		CODE           	0C98	0000	1091
		_get_direction 		CODE           	3414	0000	165
		_cmd_consol_task		CODE           	2222	0000	541
		_get_over_write_data		CODE           	34B8	0000	153
		_parse_cmd_str 		CODE           	00AA	0000	3055
		_get_uid       		CODE           	30AA	0000	183
		_get_str       		CODE           	3866	0000	105
		_collect_row   		CODE           	3214	0000	175
		_clear_cmd_data		CODE           	3EB6	0000	51
		_console_init  		CODE           	3780	0000	119
		_get_dis_frq   		CODE           	3550	0000	153
		_collect_column		CODE           	32C2	0000	175

cmd_consol.c estimated size: 5966

C:\Program Files (x86)\Microchip\xc8\v1.40\sources\common\memcpy.c
		_memcpy        		CODE           	3CE2	0000	65

C:\Program Files (x86)\Microchip\xc8\v1.40\sources\common\memcpy.c estimated size: 65

C:\Program Files (x86)\Microchip\xc8\v1.40\sources\common\Umul16.c
		___wmul        		CODE           	3FCE	0000	39

C:\Program Files (x86)\Microchip\xc8\v1.40\sources\common\Umul16.c estimated size: 39

C:\Program Files (x86)\Microchip\xc8\v1.40\sources\common\lwmod.c
		___lwmod       		CODE           	3CA0	0000	67

C:\Program Files (x86)\Microchip\xc8\v1.40\sources\common\lwmod.c estimated size: 67

C:\Program Files (x86)\Microchip\xc8\v1.40\sources\common\awmod.c
		___awmod       		CODE           	37F6	0000	113

C:\Program Files (x86)\Microchip\xc8\v1.40\sources\common\awmod.c estimated size: 113

C:\Program Files (x86)\Microchip\xc8\v1.40\sources\common\strcspn.c
		_strcspn       		CODE           	3B2E	0000	81

C:\Program Files (x86)\Microchip\xc8\v1.40\sources\common\strcspn.c estimated size: 81

C:\Program Files (x86)\Microchip\xc8\v1.40\sources\common\isdigit.c
		_isdigit       		CODE           	409E	0000	31

C:\Program Files (x86)\Microchip\xc8\v1.40\sources\common\isdigit.c estimated size: 31

mcc_generated_files/tmr5.c
		_TMR5_Initialize		CODE           	3FF4	0000	39
		_TMR5_StopTimer		CODE           	4246	0000	7
		_TMR5_StartTimer		CODE           	424C	0000	7

mcc_generated_files/tmr5.c estimated size: 53

C:\Program Files (x86)\Microchip\xc8\v1.40\sources\common\strtok.c
		_strtok        		CODE           	2FEC	0000	191

C:\Program Files (x86)\Microchip\xc8\v1.40\sources\common\strtok.c estimated size: 191

shared
		_dpowers       		MEDIUMCONST    	FC79	0000	11
		__initialization		CODE           	35E8	0000	133

shared estimated size: 144

mcc_generated_files/eusart1.c
		_EUSART1_Initialize		CODE           	3E4C	0000	55
		_putch         		CODE           	4224	0000	11
		_EUSART1_Read  		CODE           	3E82	0000	53
		_EUSART1_Write 		CODE           	3D62	0000	63
		_EUSART1_Receive_ISR		CODE           	3FA2	0000	45
		_getch         		CODE           	4240	0000	7
		_EUSART1_Transmit_ISR		CODE           	3EE8	0000	51

mcc_generated_files/eusart1.c estimated size: 285

clcd.c
		_get_new_uid   		CODE           	2D3A	0000	263
		_print_conflict_ids		CODE           	3370	0000	165
		_conflict_check		CODE           	1A9A	0000	661
		_copy_data     		CODE           	243E	0000	501
		_clear_display_structure		CODE           	4080	0000	31
		_display_text  		CODE           	3676	0000	135
		_set_string_data		CODE           	17CE	0000	717
		_copy_display_struct		CODE           	2632	0000	499
		_set_cursor    		CODE           	4130	0000	23
		_write_str     		CODE           	3DA0	0000	59
		_clcd_display_string_config		CODE           	392C	0000	91
		_init_clcd_cusotom_lcd		CODE           	2E40	0000	223
		_min_uid_range 		CODE           	418A	0000	15
		_char_enter_mode_left_to_right		CODE           	4238	0000	9
		_make_display  		CODE           	2824	0000	483
		_reset_display_structure_count		CODE           	416A	0000	17
		_max_display_str		CODE           	41A6	0000	15
		_scroll_right_to_left		CODE           	10DA	0000	949
		_write_lcd_cmd 		CODE           	40F8	0000	29
		_update_string_data		CODE           	1FAE	0000	629
		_conflict      		CODE           	1D2E	0000	641
		_max_uid_range 		CODE           	4198	0000	15
		_init_CLCD_config		CODE           	3160	0000	181
		_reset_clcd    		CODE           	421A	0000	11
		_clear_display_array		CODE           	403E	0000	35
		_write_lcd_data		CODE           	4114	0000	29
		_scroll_left_to_right		CODE           	148E	0000	833
		_max_display_support		CODE           	4210	0000	11
		_clcd_max_col  		CODE           	41C2	0000	15
		_clcd_max_row  		CODE           	41B4	0000	15
		_scroll_off    		CODE           	2BDE	0000	349

clcd.c estimated size: 7649

C:\Program Files (x86)\Microchip\xc8\v1.40\sources\common\rand.c
		_srand         		CODE           	415A	0000	17
		_rand          		CODE           	39DE	0000	89

C:\Program Files (x86)\Microchip\xc8\v1.40\sources\common\rand.c estimated size: 106

mcc_generated_files/mcc.c
		_OSCILLATOR_Initialize		CODE           	41D0	0000	15
		_SYSTEM_Initialize		CODE           	40BC	0000	31

mcc_generated_files/mcc.c estimated size: 46

C:\Program Files (x86)\Microchip\xc8\v1.40\sources\common\atoi.c
		_atoi          		CODE           	2F1E	0000	207

C:\Program Files (x86)\Microchip\xc8\v1.40\sources\common\atoi.c estimated size: 207

mcc_generated_files/tmr1.c
		_TMR1_Initialize		CODE           	4060	0000	33
		_TMR1_StopTimer		CODE           	4258	0000	5
		_TMR1_Reload   		CODE           	41EC	0000	13
		_TMR1_StartTimer		CODE           	4260	0000	5
		_TMR1_HasOverflowOccured		CODE           	41F8	0000	13

mcc_generated_files/tmr1.c estimated size: 69

C:\Program Files (x86)\Microchip\xc8\v1.40\sources\common\puts.c
		_puts          		CODE           	4146	0000	21

C:\Program Files (x86)\Microchip\xc8\v1.40\sources\common\puts.c estimated size: 21

C:\Program Files (x86)\Microchip\xc8\v1.40\sources\common\Umul32.c
		___lmul        		CODE           	3A36	0000	87

C:\Program Files (x86)\Microchip\xc8\v1.40\sources\common\Umul32.c estimated size: 87

C:\Program Files (x86)\Microchip\xc8\v1.40\sources\common\lwdiv.c
		___lwdiv       		CODE           	3A8C	0000	83

C:\Program Files (x86)\Microchip\xc8\v1.40\sources\common\lwdiv.c estimated size: 83

C:\Program Files (x86)\Microchip\xc8\v1.40\sources\common\awdiv.c
		___awdiv       		CODE           	36FC	0000	133

C:\Program Files (x86)\Microchip\xc8\v1.40\sources\common\awdiv.c estimated size: 133

main.c
		_main          		CODE           	3986	0000	89
		_heart_beat    		CODE           	40DA	0000	31
		_make_array    		CODE           	4204	0000	13

main.c estimated size: 133

C:\Program Files (x86)\Microchip\xc8\v1.40\sources\common\strlen.c
		_strlen        		CODE           	3DDA	0000	59

C:\Program Files (x86)\Microchip\xc8\v1.40\sources\common\strlen.c estimated size: 59

C:\Program Files (x86)\Microchip\xc8\v1.40\sources\common\strcmp.c
		_strcmp        		CODE           	3BC8	0000	75

C:\Program Files (x86)\Microchip\xc8\v1.40\sources\common\strcmp.c estimated size: 75

C:\Program Files (x86)\Microchip\xc8\v1.40\sources\common\strchr.c
		_strchr        		CODE           	3D22	0000	65

C:\Program Files (x86)\Microchip\xc8\v1.40\sources\common\strchr.c estimated size: 65

