Microchip MPLAB XC8 Compiler V1.40 ()

Linker command line:

-W-3 --edf=C:\Program Files (x86)\Microchip\xc8\v1.40\dat\en_msgs.txt -cs \
  -h+dist/default/production\clcd_usart_cmd_consol.X.production.sym \
  --cmf=dist/default/production\clcd_usart_cmd_consol.X.production.cmf -z \
  -Q18F46K22 -oC:\Users\NOYEL_~1\AppData\Local\Temp\s598.2 \
  -Mdist/default/production/clcd_usart_cmd_consol.X.production.map -E1 \
  -ver=XC8 -ASTACK=06CEh-0f37h -pstack=STACK -ACODE=00h-0FFFFh \
  -ACONST=00h-0FFFFh -ASMALLCONST=01000h-010FFhx240 \
  -AMEDIUMCONST=01000h-0FFFFh -ACOMRAM=01h-05Fh -AABS1=00h-0F37h \
  -ABIGRAM=01h-0F37h -ARAM=060h-0FFh,0100h-01FFhx14,0F00h-0F37h \
  -ABANK0=060h-0FFh -ABANK1=0100h-01FFh -ABANK2=0200h-02FFh \
  -ABANK3=0300h-03FFh -ABANK4=0400h-04FFh -ABANK5=0500h-05FFh \
  -ABANK6=0600h-06FFh -ABANK7=0700h-07FFh -ABANK8=0800h-08FFh \
  -ABANK9=0900h-09FFh -ABANK10=0A00h-0AFFh -ABANK11=0B00h-0BFFh \
  -ABANK12=0C00h-0CFFh -ABANK13=0D00h-0DFFh -ABANK14=0E00h-0EFFh \
  -ABANK15=0F00h-0F37h -ASFR=0F38h-0F5Fh,0F60h-0FFFh \
  -preset_vec=00h,intcode=08h,intcodelo,powerup,init -pramtop=01000h \
  -psmallconst=SMALLCONST -pmediumconst=MEDIUMCONST -pconst=CONST \
  -AFARRAM=00h-00h -ACONFIG=0300000h-030000Dh -pconfig=CONFIG \
  -AIDLOC=0200000h-0200007h -pidloc=IDLOC -AEEDATA=0F00000h-0F003FFh \
  -peeprom_data=EEDATA \
  -prdata=COMRAM,nvrram=COMRAM,nvbit=COMRAM,rbss=COMRAM,rbit=COMRAM \
  -pfarbss=FARRAM,fardata=FARRAM,nvFARRAM=FARRAM \
  -pintsave_regs=BIGRAM,bigbss=BIGRAM,bigdata=BIGRAM -pbss=RAM \
  -pidata=CODE,irdata=CODE,ibigdata=CODE,ifardata=CODE -prparam=COMRAM \
  C:\Users\NOYEL_~1\AppData\Local\Temp\s598.obj \
  dist/default/production\clcd_usart_cmd_consol.X.production.obj 

Object code version is 3.11

Machine type is 18F46K22

Call graph: (short form)




                Name                               Link     Load   Length Selector   Space Scale
C:\Users\NOYEL_~1\AppData\Local\Temp\s598.obj
                init                                 A6       A6        4        4       0
                reset_vec                             0        0        4        0       0
                idloc                            200000   200000        8   200000       0
                config                           300000   300000        E   300000       0
dist/default/production\clcd_usart_cmd_consol.X.production.obj
                intcode                               8        8       9E        4       0
                temp                                 50       50        1        1       1
                mediumconst                        FCE8     FCE8      318     7E74       0
                text88                             397E     397E       2C        4       0
                text87                             391E     391E       32        4       0
                text86                             3AB6     3AB6       1E        4       0
                text85                             3BD0     3BD0        C     1DDC       0
                text84                             3C32     3C32        2     1DDC       0
                text83                             39F6     39F6       24        4       0
                text82                             3B46     3B46       10        4       0
                text80                             3882     3882       36        4       0
                text79                             3C2E     3C2E        4     1DDC       0
                text78                             3B9C     3B9C        E        4       0
                text77                             3636     3636       4A        4       0
                text76                             3BFA     3BFA        A     1DDC       0
                text75                             3C2A     3C2A        4     1DDC       0
                text74                             384A     384A       38        4       0
                text73                             3C26     3C26        4     1DDC       0
                text72                             3A3C     3A3C       20        4       0
                text71                             3C18     3C18        6     1DDC       0
                text70                             39D0     39D0       26        4       0
                text69                             3A98     3A98       1E        4       0
                text68                             3C22     3C22        4     1DDC       0
                text67                             3C12     3C12        6     1DDC       0
                text66                             38B8     38B8       34        4       0
                text65                             3C0C     3C0C        6     1DDC       0
                text64                             39AA     39AA       26        4       0
                text63                             3A7A     3A7A       1E        4       0
                text62                             2668     2668      15E        4       0
                text61                             34B0     34B0       52        4       0
                text60                             3750     3750       42        4       0
                text59                             37D2     37D2       3E        4       0
                text58                             3BF0     3BF0        A     1DDC       0
                text57                             2490     2490      1D8        4       0
                text56                             345C     345C       54        4       0
                text55                             2A10     2A10       EE        4       0
                text54                             2922     2922       EE        4       0
                text53                             2BE2     2BE2       E4        4       0
                text52                             2AFE     2AFE       E4        4       0
                text51                             36C6     36C6       46        4       0
                text50                             3680     3680       46        4       0
                text49                             32E4     32E4       68        4       0
                text48                             3206     3206       70        4       0
                text47                             2DA4     2DA4       D0        4       0
                text46                             2FE6     2FE6       A0        4       0
                text45                             3552     3552       50        4       0
                text44                             3502     3502       50        4       0
                text43                             2E74     2E74       BE        4       0
                text42                               AA       AA      F0A        4       0
                text41                             3B8E     3B8E        E        4       0
                text40                             3B80     3B80        E        4       0
                text39                             310C     310C       84        4       0
                text38                             3BC4     3BC4        C     1DDC       0
                text37                             3BB8     3BB8        C     1DDC       0
                text36                             3C1E     3C1E        4     1DDC       0
                text35                             370C     370C       44        4       0
                text34                             3792     3792       40        4       0
                text33                             35EC     35EC       4A        4       0
                text32                             3AF0     3AF0       1C        4       0
                text31                             3810     3810       3A        4       0
                text30                             33AA     33AA       5A        4       0
                text29                             3A5C     3A5C       1E        4       0
                text28                             3B36     3B36       10        4       0
                text27                             3A1A     3A1A       22        4       0
                text26                             3BE6     3BE6        A     1DDC       0
                text25                             3AD4     3AD4       1C        4       0
                text24                             2F32     2F32       B4        4       0
                text23                             2CC6     2CC6       DE        4       0
                text22                             3B72     3B72        E        4       0
                text21                             3BDC     3BDC        A     1DDC       0
                text20                             3B64     3B64        E        4       0
                text19                             3B56     3B56        E        4       0
                text18                             3950     3950       2E        4       0
                text17                             3B22     3B22       14        4       0
                text16                             35A2     35A2       4A        4       0
                text15                             19A4     19A4      290        4       0
                text14                             20B4     20B4      1FA        4       0
                text13                             3C04     3C04        8     1DDC       0
                text12                             3B0C     3B0C       16        4       0
                text11                             3086     3086       86        4       0
                text10                             166C     166C      338        4       0
                text9                              27C6     27C6      15C        4       0
                text8                              334C     334C       5E        4       0
                text7                               FB4      FB4      36A        4       0
                text6                              22AE     22AE      1E2        4       0
                text5                              1C34     1C34      264        4       0
                text4                              131E     131E      34E        4       0
                text3                              1E98     1E98      21C        4       0
                text2                              38EC     38EC       32        4       0
                text1                              3190     3190       76        4       0
                text0                              3404     3404       58        4       0
                cstackCOMRAM                          1        1       40        1       1
                cstackBANK0                          DB       DB       10       60       1
                bssBIGRAM                           296      296      438      296       1
                bssBANK2                            200      200       96      200       1
                bssBANK1                            100      100       78      100       1
                dataBANK0                            EB       EB        D       60       1
                bssBANK0                             60       60       7B       60       1
                bssCOMRAM                            41       41        D        1       1
                cinit                              3276     3276       6E        4       0
                nvBANK0                              F8       F8        7       60       1
                nvCOMRAM                             4E       4E        2        1       1
                idataBANK0                         3BAA     3BAA        D        4       0

TOTAL           Name                               Link     Load   Length     Space
        CLASS   STACK          

        CLASS   CODE           
                intcode                               8        8       9E         0
                init                                 A6       A6        4         0
                reset_vec                             0        0        4         0
                text88                             397E     397E       2C         0
                text87                             391E     391E       32         0
                text86                             3AB6     3AB6       1E         0
                text85                             3BD0     3BD0        C         0
                text84                             3C32     3C32        2         0
                text83                             39F6     39F6       24         0
                text82                             3B46     3B46       10         0
                text80                             3882     3882       36         0
                text79                             3C2E     3C2E        4         0
                text78                             3B9C     3B9C        E         0
                text77                             3636     3636       4A         0
                text76                             3BFA     3BFA        A         0
                text75                             3C2A     3C2A        4         0
                text74                             384A     384A       38         0
                text73                             3C26     3C26        4         0
                text72                             3A3C     3A3C       20         0
                text71                             3C18     3C18        6         0
                text70                             39D0     39D0       26         0
                text69                             3A98     3A98       1E         0
                text68                             3C22     3C22        4         0
                text67                             3C12     3C12        6         0
                text66                             38B8     38B8       34         0
                text65                             3C0C     3C0C        6         0
                text64                             39AA     39AA       26         0
                text63                             3A7A     3A7A       1E         0
                text62                             2668     2668      15E         0
                text61                             34B0     34B0       52         0
                text60                             3750     3750       42         0
                text59                             37D2     37D2       3E         0
                text58                             3BF0     3BF0        A         0
                text57                             2490     2490      1D8         0
                text56                             345C     345C       54         0
                text55                             2A10     2A10       EE         0
                text54                             2922     2922       EE         0
                text53                             2BE2     2BE2       E4         0
                text52                             2AFE     2AFE       E4         0
                text51                             36C6     36C6       46         0
                text50                             3680     3680       46         0
                text49                             32E4     32E4       68         0
                text48                             3206     3206       70         0
                text47                             2DA4     2DA4       D0         0
                text46                             2FE6     2FE6       A0         0
                text45                             3552     3552       50         0
                text44                             3502     3502       50         0
                text43                             2E74     2E74       BE         0
                text42                               AA       AA      F0A         0
                text41                             3B8E     3B8E        E         0
                text40                             3B80     3B80        E         0
                text39                             310C     310C       84         0
                text38                             3BC4     3BC4        C         0
                text37                             3BB8     3BB8        C         0
                text36                             3C1E     3C1E        4         0
                text35                             370C     370C       44         0
                text34                             3792     3792       40         0
                text33                             35EC     35EC       4A         0
                text32                             3AF0     3AF0       1C         0
                text31                             3810     3810       3A         0
                text30                             33AA     33AA       5A         0
                text29                             3A5C     3A5C       1E         0
                text28                             3B36     3B36       10         0
                text27                             3A1A     3A1A       22         0
                text26                             3BE6     3BE6        A         0
                text25                             3AD4     3AD4       1C         0
                text24                             2F32     2F32       B4         0
                text23                             2CC6     2CC6       DE         0
                text22                             3B72     3B72        E         0
                text21                             3BDC     3BDC        A         0
                text20                             3B64     3B64        E         0
                text19                             3B56     3B56        E         0
                text18                             3950     3950       2E         0
                text17                             3B22     3B22       14         0
                text16                             35A2     35A2       4A         0
                text15                             19A4     19A4      290         0
                text14                             20B4     20B4      1FA         0
                text13                             3C04     3C04        8         0
                text12                             3B0C     3B0C       16         0
                text11                             3086     3086       86         0
                text10                             166C     166C      338         0
                text9                              27C6     27C6      15C         0
                text8                              334C     334C       5E         0
                text7                               FB4      FB4      36A         0
                text6                              22AE     22AE      1E2         0
                text5                              1C34     1C34      264         0
                text4                              131E     131E      34E         0
                text3                              1E98     1E98      21C         0
                text2                              38EC     38EC       32         0
                text1                              3190     3190       76         0
                text0                              3404     3404       58         0
                cinit                              3276     3276       6E         0
                idataBANK0                         3BAA     3BAA        D         0

        CLASS   CONST          

        CLASS   SMALLCONST     

        CLASS   MEDIUMCONST    
                mediumconst                        FCE8     FCE8      318         0

        CLASS   COMRAM         
                temp                                 50       50        1         1
                cstackCOMRAM                          1        1       40         1
                bssCOMRAM                            41       41        D         1
                nvCOMRAM                             4E       4E        2         1

        CLASS   ABS1           

        CLASS   BIGRAM         
                bssBIGRAM                           296      296      438         1

        CLASS   RAM            

        CLASS   BANK0          
                cstackBANK0                          DB       DB       10         1
                dataBANK0                            EB       EB        D         1
                bssBANK0                             60       60       7B         1
                nvBANK0                              F8       F8        7         1

        CLASS   BANK1          
                bssBANK1                            100      100       78         1

        CLASS   BANK2          
                bssBANK2                            200      200       96         1

        CLASS   BANK3          

        CLASS   BANK4          

        CLASS   BANK5          

        CLASS   BANK6          

        CLASS   BANK7          

        CLASS   BANK8          

        CLASS   BANK9          

        CLASS   BANK10         

        CLASS   BANK11         

        CLASS   BANK12         

        CLASS   BANK13         

        CLASS   BANK14         

        CLASS   BANK15         

        CLASS   SFR            

        CLASS   FARRAM         

        CLASS   CONFIG         
                config                           300000   300000        E         0

        CLASS   IDLOC          
                idloc                            200000   200000        8         0

        CLASS   EEDATA         



SEGMENTS        Name                           Load    Length   Top    Selector   Space  Class

                reset_vec                      000000  000004  000004         0       0  CODE    
                cstackCOMRAM                   000001  000050  000051         1       1  COMRAM  
                intcode                        000008  003BAF  003BB7         4       0  CODE    
                bssBANK0                       000060  00009F  0000FF        60       1  BANK0   
                bssBANK1                       000100  000078  000178       100       1  BANK1   
                bssBANK2                       000200  000096  000296       200       1  BANK2   
                bssBIGRAM                      000296  000438  0006CE       296       1  BIGRAM  
                text37                         003BB8  00007C  003C34      1DDC       0  CODE    
                mediumconst                    00FCE8  000318  010000      7E74       0  MEDIUMCO
                idloc                          200000  000008  200008    200000       0  IDLOC   
                config                         300000  00000E  30000E    300000       0  CONFIG  


UNUSED ADDRESS RANGES

        Name                Unused          Largest block    Delta
        BANK0            0000FF-0000FF                1
        BANK1            000178-0001FF               88
        BANK10           000A00-000AFF              100
        BANK11           000B00-000BFF              100
        BANK12           000C00-000CFF              100
        BANK13           000D00-000DFF              100
        BANK14           000E00-000EFF              100
        BANK15           000F00-000F37               38
        BANK6            0006CE-0006FF               32
        BANK7            000700-0007FF              100
        BANK8            000800-0008FF              100
        BANK9            000900-0009FF              100
        BIGRAM           000051-00005F                F
                         0000FF-0000FF                1
                         000178-0001FF               88
                         0006CE-000F37              86A
        CODE             000004-000007                4
                         003BB7-003BB7                1
                         003C34-00FCE7             C0B4
        COMRAM           000051-00005F                F
        CONST            000004-000007                4
                         003BB7-003BB7                1
                         003C34-00FCE7             C0B4
        EEDATA           F00000-F003FF              400
        MEDIUMCONST      003BB7-003BB7                1
                         003C34-00FCE7             C0B4
        RAM              0000FF-0000FF                1
                         000178-0001FF               88
                         0006CE-000F37              100
        SFR              000F38-000FFF               28
        SMALLCONST       003BB7-003BB7                1
                         003C34-00FCE7              100
        STACK            0006CE-000F37              86A

                                  Symbol Table

?___awdiv                                        cstackCOMRAM 000010
?___lwdiv                                        cstackCOMRAM 000010
?___lwmod                                        cstackCOMRAM 000017
?___wmul                                         cstackCOMRAM 000018
?_atoi                                           cstackCOMRAM 00001E
?_max_display_support                            cstackCOMRAM 000010
?_printf                                         cstackCOMRAM 00001E
?_strchr                                         cstackCOMRAM 000010
?_strcmp                                         cstackCOMRAM 000010
?_strcspn                                        cstackCOMRAM 000016
?_strlen                                         cstackCOMRAM 00001E
?_strncmp                                        cstackCOMRAM 000024
?_strspn                                         cstackCOMRAM 000016
?_strstr                                         cstackCOMRAM 00002D
?_strtok                                         cstackCOMRAM 00001D
EUSART1_Read@readValue                           cstackCOMRAM 000010
EUSART1_Write@txData                             cstackCOMRAM 000010
TMR0_SetInterruptHandler@InterruptHandler        cstackCOMRAM 000010
_ANSELA                                          (abs)        000F38
_ANSELB                                          (abs)        000F39
_ANSELC                                          (abs)        000F3A
_ANSELD                                          (abs)        000F3B
_ANSELE                                          (abs)        000F3C
_BAUDCON1                                        (abs)        000FB8
_CMD                                             bssBANK0     0000CC
_EUSART1_Initialize                              text80       003882
_EUSART1_Read                                    text66       0038B8
_EUSART1_Receive_ISR                             text88       00397E
_EUSART1_Transmit_ISR                            text87       00391E
_EUSART1_Write                                   text59       0037D2
_INTCON2bits                                     (abs)        000FF1
_INTCONbits                                      (abs)        000FF2
_INTERRUPT_Initialize                            text79       003C2E
_INTERRUPT_InterruptManager                      intcode      000008
_LATA                                            (abs)        000F89
_LATB                                            (abs)        000F8A
_LATC                                            (abs)        000F8B
_LATD                                            (abs)        000F8C
_LATE                                            (abs)        000F8D
_LATEbits                                        (abs)        000F8D
_LCD_16x2_DISPLAY                                bssBANK0     00007E
_LCD_20x4_DISPLAY                                bssBANK0     00007F
_OSCCON                                          (abs)        000FD3
_OSCCON2                                         (abs)        000FD2
_OSCILLATOR_Initialize                           text78       003B9C
_OSCTUNE                                         (abs)        000F9B
_PIE1bits                                        (abs)        000F9D
_PIN_MANAGER_Initialize                          text77       003636
_PIR1bits                                        (abs)        000F9E
_PIR5bits                                        (abs)        000F7E
_PORTAbits                                       (abs)        000F80
_PORTD                                           (abs)        000F83
_PORTDbits                                       (abs)        000F83
_RCONbits                                        (abs)        000FD0
_RCREG1                                          (abs)        000FAE
_RCSTA1                                          (abs)        000FAB
_RCSTA1bits                                      (abs)        000FAB
_SPBRG1                                          (abs)        000FAF
_SPBRGH1                                         (abs)        000FB0
_SYSTEM_Initialize                               text69       003A98
_T0CON                                           (abs)        000FD5
_T0CONbits                                       (abs)        000FD5
_T1CON                                           (abs)        000FCD
_T1CONbits                                       (abs)        000FCD
_T1GCON                                          (abs)        000FCC
_T1GCONbits                                      (abs)        000FCC
_T5CON                                           (abs)        000F4E
_T5CONbits                                       (abs)        000F4E
_T5GCON                                          (abs)        000F4D
_T5GCONbits                                      (abs)        000F4D
_TMR0H                                           (abs)        000FD7
_TMR0L                                           (abs)        000FD6
_TMR0_CallBack                                   text83       0039F6
_TMR0_DefaultInterruptHandler                    text84       003C32
_TMR0_ISR                                        text82       003B46
_TMR0_Initialize                                 text74       00384A
_TMR0_InterruptHandler                           nvBANK0      0000F8
_TMR0_SetInterruptHandler                        text76       003BFA
_TMR0_StartTimer                                 text75       003C2A
_TMR0_StopTimer                                  text68       003C22
_TMR1                                            (abs)        000FCE
_TMR1H                                           (abs)        000FCF
_TMR1L                                           (abs)        000FCE
_TMR1_HasOverflowOccured                         text38       003BC4
_TMR1_Initialize                                 text72       003A3C
_TMR1_InterruptHandler                           bssBANK0     000070
_TMR1_Reload                                     text37       003BB8
_TMR1_StartTimer                                 text73       003C26
_TMR1_StopTimer                                  text36       003C1E
_TMR5                                            (abs)        000F4F
_TMR5H                                           (abs)        000F50
_TMR5L                                           (abs)        000F4F
_TMR5_Initialize                                 text70       0039D0
_TMR5_InterruptHandler                           bssBANK0     000072
_TMR5_StartTimer                                 text71       003C18
_TMR5_StopTimer                                  text67       003C12
_TRISA                                           (abs)        000F92
_TRISB                                           (abs)        000F93
_TRISC                                           (abs)        000F94
_TRISD                                           (abs)        000F95
_TRISE                                           (abs)        000F96
_TXREG1                                          (abs)        000FAD
_TXSTA1                                          (abs)        000FAC
_WPUB                                            (abs)        000F61
__CFG_BOREN$SBORDIS                              (abs)        000000
__CFG_BORV$190                                   (abs)        000000
__CFG_CCP2MX$PORTC1                              (abs)        000000
__CFG_CCP3MX$PORTB5                              (abs)        000000
__CFG_CP0$OFF                                    (abs)        000000
__CFG_CP1$OFF                                    (abs)        000000
__CFG_CP2$OFF                                    (abs)        000000
__CFG_CP3$OFF                                    (abs)        000000
__CFG_CPB$OFF                                    (abs)        000000
__CFG_CPD$OFF                                    (abs)        000000
__CFG_DEBUG$OFF                                  (abs)        000000
__CFG_EBTR0$OFF                                  (abs)        000000
__CFG_EBTR1$OFF                                  (abs)        000000
__CFG_EBTR2$OFF                                  (abs)        000000
__CFG_EBTR3$OFF                                  (abs)        000000
__CFG_EBTRB$OFF                                  (abs)        000000
__CFG_FCMEN$OFF                                  (abs)        000000
__CFG_FOSC$INTIO67                               (abs)        000000
__CFG_HFOFST$ON                                  (abs)        000000
__CFG_IESO$OFF                                   (abs)        000000
__CFG_LVP$ON                                     (abs)        000000
__CFG_MCLRE$EXTMCLR                              (abs)        000000
__CFG_P2BMX$PORTD2                               (abs)        000000
__CFG_PBADEN$ON                                  (abs)        000000
__CFG_PLLCFG$ON                                  (abs)        000000
__CFG_PRICLKEN$ON                                (abs)        000000
__CFG_PWRTEN$OFF                                 (abs)        000000
__CFG_STVREN$ON                                  (abs)        000000
__CFG_T3CMX$PORTC0                               (abs)        000000
__CFG_WDTEN$OFF                                  (abs)        000000
__CFG_WDTPS$32768                                (abs)        000000
__CFG_WRT0$OFF                                   (abs)        000000
__CFG_WRT1$OFF                                   (abs)        000000
__CFG_WRT2$OFF                                   (abs)        000000
__CFG_WRT3$OFF                                   (abs)        000000
__CFG_WRTB$OFF                                   (abs)        000000
__CFG_WRTC$OFF                                   (abs)        000000
__CFG_WRTD$OFF                                   (abs)        000000
__CFG_XINST$OFF                                  (abs)        000000
__HRAM                                           (abs)        000000
__Habs1                                          abs1         000000
__Hbank0                                         bank0        000000
__Hbank1                                         bank1        000000
__Hbank10                                        bank10       000000
__Hbank11                                        bank11       000000
__Hbank12                                        bank12       000000
__Hbank13                                        bank13       000000
__Hbank14                                        bank14       000000
__Hbank15                                        bank15       000000
__Hbank2                                         bank2        000000
__Hbank3                                         bank3        000000
__Hbank4                                         bank4        000000
__Hbank5                                         bank5        000000
__Hbank6                                         bank6        000000
__Hbank7                                         bank7        000000
__Hbank8                                         bank8        000000
__Hbank9                                         bank9        000000
__Hbigbss                                        bigbss       000000
__Hbigdata                                       bigdata      000000
__Hbigram                                        bigram       000000
__Hbss                                           bss          000000
__HbssBANK0                                      bssBANK0     000000
__HbssBANK1                                      bssBANK1     000000
__HbssBANK2                                      bssBANK2     000000
__HbssBIGRAM                                     bssBIGRAM    000000
__HbssCOMRAM                                     bssCOMRAM    000000
__Hcinit                                         cinit        000000
__Hclrtext                                       clrtext      000000
__Hcomram                                        comram       000000
__Hconfig                                        config       30000E
__Hconst                                         const        000000
__HcstackBANK0                                   cstackBANK0  000000
__HcstackCOMRAM                                  cstackCOMRAM 000000
__Hdata                                          data         000000
__HdataBANK0                                     dataBANK0    000000
__Heeprom_data                                   eeprom_data  000000
__Hfarbss                                        farbss       000000
__Hfardata                                       fardata      000000
__Hibigdata                                      ibigdata     000000
__Hidata                                         idata        000000
__HidataBANK0                                    idataBANK0   000000
__Hidloc                                         idloc        200008
__Hifardata                                      ifardata     000000
__Hinit                                          init         0000AA
__Hintcode                                       intcode      0000A6
__Hintcode_body                                  intcode_body 000000
__Hintcodelo                                     intcodelo    0000A6
__Hintentry                                      intentry     000000
__Hintret                                        intret       000000
__Hintsave_regs                                  intsave_regs 000000
__Hirdata                                        irdata       000000
__Hmediumconst                                   mediumconst  010000
__HnvBANK0                                       nvBANK0      000000
__HnvCOMRAM                                      nvCOMRAM     000000
__HnvFARRAM                                      nvFARRAM     000000
__Hnvbit                                         nvbit        000000
__Hnvrram                                        nvrram       000000
__Hparam                                         rparam       000000
__Hpowerup                                       powerup      0000A6
__Hram                                           ram          000000
__Hramtop                                        ramtop       001000
__Hrbit                                          rbit         000000
__Hrbss                                          rbss         000000
__Hrdata                                         rdata        000000
__Hreset_vec                                     reset_vec    000004
__Hrparam                                        rparam       000000
__Hsfr                                           sfr          000000
__Hsmallconst                                    smallconst   000000
__Hspace_0                                       (abs)        30000E
__Hspace_1                                       (abs)        0006CE
__Hspace_2                                       (abs)        000000
__Hstack                                         stack        000000
__Hstruct                                        struct       000000
__Htemp                                          temp         000051
__Htext                                          text         000000
__Htext0                                         text0        000000
__Htext1                                         text1        000000
__Htext10                                        text10       000000
__Htext11                                        text11       000000
__Htext12                                        text12       000000
__Htext13                                        text13       000000
__Htext14                                        text14       000000
__Htext15                                        text15       000000
__Htext16                                        text16       000000
__Htext17                                        text17       000000
__Htext18                                        text18       000000
__Htext19                                        text19       000000
__Htext2                                         text2        000000
__Htext20                                        text20       000000
__Htext21                                        text21       000000
__Htext22                                        text22       000000
__Htext23                                        text23       000000
__Htext24                                        text24       000000
__Htext25                                        text25       000000
__Htext26                                        text26       000000
__Htext27                                        text27       000000
__Htext28                                        text28       000000
__Htext29                                        text29       000000
__Htext3                                         text3        000000
__Htext30                                        text30       000000
__Htext31                                        text31       000000
__Htext32                                        text32       000000
__Htext33                                        text33       000000
__Htext34                                        text34       000000
__Htext35                                        text35       000000
__Htext36                                        text36       000000
__Htext37                                        text37       000000
__Htext38                                        text38       000000
__Htext39                                        text39       000000
__Htext4                                         text4        000000
__Htext40                                        text40       000000
__Htext41                                        text41       000000
__Htext42                                        text42       000000
__Htext43                                        text43       000000
__Htext44                                        text44       000000
__Htext45                                        text45       000000
__Htext46                                        text46       000000
__Htext47                                        text47       000000
__Htext48                                        text48       000000
__Htext49                                        text49       000000
__Htext5                                         text5        000000
__Htext50                                        text50       000000
__Htext51                                        text51       000000
__Htext52                                        text52       000000
__Htext53                                        text53       000000
__Htext54                                        text54       000000
__Htext55                                        text55       000000
__Htext56                                        text56       000000
__Htext57                                        text57       000000
__Htext58                                        text58       000000
__Htext59                                        text59       000000
__Htext6                                         text6        000000
__Htext60                                        text60       000000
__Htext61                                        text61       000000
__Htext62                                        text62       000000
__Htext63                                        text63       000000
__Htext64                                        text64       000000
__Htext65                                        text65       000000
__Htext66                                        text66       000000
__Htext67                                        text67       000000
__Htext68                                        text68       000000
__Htext69                                        text69       000000
__Htext7                                         text7        000000
__Htext70                                        text70       000000
__Htext71                                        text71       000000
__Htext72                                        text72       000000
__Htext73                                        text73       000000
__Htext74                                        text74       000000
__Htext75                                        text75       000000
__Htext76                                        text76       000000
__Htext77                                        text77       000000
__Htext78                                        text78       000000
__Htext79                                        text79       000000
__Htext8                                         text8        000000
__Htext80                                        text80       000000
__Htext82                                        text82       000000
__Htext83                                        text83       000000
__Htext84                                        text84       000000
__Htext85                                        text85       000000
__Htext86                                        text86       000000
__Htext87                                        text87       000000
__Htext88                                        text88       000000
__Htext89                                        text89       000000
__Htext9                                         text9        000000
__LRAM                                           (abs)        000001
__Labs1                                          abs1         000000
__Lbank0                                         bank0        000000
__Lbank1                                         bank1        000000
__Lbank10                                        bank10       000000
__Lbank11                                        bank11       000000
__Lbank12                                        bank12       000000
__Lbank13                                        bank13       000000
__Lbank14                                        bank14       000000
__Lbank15                                        bank15       000000
__Lbank2                                         bank2        000000
__Lbank3                                         bank3        000000
__Lbank4                                         bank4        000000
__Lbank5                                         bank5        000000
__Lbank6                                         bank6        000000
__Lbank7                                         bank7        000000
__Lbank8                                         bank8        000000
__Lbank9                                         bank9        000000
__Lbigbss                                        bigbss       000000
__Lbigdata                                       bigdata      000000
__Lbigram                                        bigram       000000
__Lbss                                           bss          000000
__LbssBANK0                                      bssBANK0     000000
__LbssBANK1                                      bssBANK1     000000
__LbssBANK2                                      bssBANK2     000000
__LbssBIGRAM                                     bssBIGRAM    000000
__LbssCOMRAM                                     bssCOMRAM    000000
__Lcinit                                         cinit        000000
__Lclrtext                                       clrtext      000000
__Lcomram                                        comram       000000
__Lconfig                                        config       300000
__Lconst                                         const        000000
__LcstackBANK0                                   cstackBANK0  000000
__LcstackCOMRAM                                  cstackCOMRAM 000000
__Ldata                                          data         000000
__LdataBANK0                                     dataBANK0    000000
__Leeprom_data                                   eeprom_data  000000
__Lfarbss                                        farbss       000000
__Lfardata                                       fardata      000000
__Libigdata                                      ibigdata     000000
__Lidata                                         idata        000000
__LidataBANK0                                    idataBANK0   000000
__Lidloc                                         idloc        200000
__Lifardata                                      ifardata     000000
__Linit                                          init         0000A6
__Lintcode                                       intcode      000008
__Lintcode_body                                  intcode_body 000000
__Lintcodelo                                     intcodelo    0000A6
__Lintentry                                      intentry     000000
__Lintret                                        intret       000000
__Lintsave_regs                                  intsave_regs 000000
__Lirdata                                        irdata       000000
__Lmediumconst                                   mediumconst  00FCE8
__LnvBANK0                                       nvBANK0      000000
__LnvCOMRAM                                      nvCOMRAM     000000
__LnvFARRAM                                      nvFARRAM     000000
__Lnvbit                                         nvbit        000000
__Lnvrram                                        nvrram       000000
__Lparam                                         rparam       000000
__Lpowerup                                       powerup      0000A6
__Lram                                           ram          000000
__Lramtop                                        ramtop       001000
__Lrbit                                          rbit         000000
__Lrbss                                          rbss         000000
__Lrdata                                         rdata        000000
__Lreset_vec                                     reset_vec    000000
__Lrparam                                        rparam       000000
__Lsfr                                           sfr          000000
__Lsmallconst                                    smallconst   000000
__Lspace_0                                       (abs)        000000
__Lspace_1                                       (abs)        000000
__Lspace_2                                       (abs)        000000
__Lstack                                         stack        000000
__Lstruct                                        struct       000000
__Ltemp                                          temp         000050
__Ltext                                          text         000000
__Ltext0                                         text0        000000
__Ltext1                                         text1        000000
__Ltext10                                        text10       000000
__Ltext11                                        text11       000000
__Ltext12                                        text12       000000
__Ltext13                                        text13       000000
__Ltext14                                        text14       000000
__Ltext15                                        text15       000000
__Ltext16                                        text16       000000
__Ltext17                                        text17       000000
__Ltext18                                        text18       000000
__Ltext19                                        text19       000000
__Ltext2                                         text2        000000
__Ltext20                                        text20       000000
__Ltext21                                        text21       000000
__Ltext22                                        text22       000000
__Ltext23                                        text23       000000
__Ltext24                                        text24       000000
__Ltext25                                        text25       000000
__Ltext26                                        text26       000000
__Ltext27                                        text27       000000
__Ltext28                                        text28       000000
__Ltext29                                        text29       000000
__Ltext3                                         text3        000000
__Ltext30                                        text30       000000
__Ltext31                                        text31       000000
__Ltext32                                        text32       000000
__Ltext33                                        text33       000000
__Ltext34                                        text34       000000
__Ltext35                                        text35       000000
__Ltext36                                        text36       000000
__Ltext37                                        text37       000000
__Ltext38                                        text38       000000
__Ltext39                                        text39       000000
__Ltext4                                         text4        000000
__Ltext40                                        text40       000000
__Ltext41                                        text41       000000
__Ltext42                                        text42       000000
__Ltext43                                        text43       000000
__Ltext44                                        text44       000000
__Ltext45                                        text45       000000
__Ltext46                                        text46       000000
__Ltext47                                        text47       000000
__Ltext48                                        text48       000000
__Ltext49                                        text49       000000
__Ltext5                                         text5        000000
__Ltext50                                        text50       000000
__Ltext51                                        text51       000000
__Ltext52                                        text52       000000
__Ltext53                                        text53       000000
__Ltext54                                        text54       000000
__Ltext55                                        text55       000000
__Ltext56                                        text56       000000
__Ltext57                                        text57       000000
__Ltext58                                        text58       000000
__Ltext59                                        text59       000000
__Ltext6                                         text6        000000
__Ltext60                                        text60       000000
__Ltext61                                        text61       000000
__Ltext62                                        text62       000000
__Ltext63                                        text63       000000
__Ltext64                                        text64       000000
__Ltext65                                        text65       000000
__Ltext66                                        text66       000000
__Ltext67                                        text67       000000
__Ltext68                                        text68       000000
__Ltext69                                        text69       000000
__Ltext7                                         text7        000000
__Ltext70                                        text70       000000
__Ltext71                                        text71       000000
__Ltext72                                        text72       000000
__Ltext73                                        text73       000000
__Ltext74                                        text74       000000
__Ltext75                                        text75       000000
__Ltext76                                        text76       000000
__Ltext77                                        text77       000000
__Ltext78                                        text78       000000
__Ltext79                                        text79       000000
__Ltext8                                         text8        000000
__Ltext80                                        text80       000000
__Ltext82                                        text82       000000
__Ltext83                                        text83       000000
__Ltext84                                        text84       000000
__Ltext85                                        text85       000000
__Ltext86                                        text86       000000
__Ltext87                                        text87       000000
__Ltext88                                        text88       000000
__Ltext89                                        text89       000000
__Ltext9                                         text9        000000
__S0                                             (abs)        30000E
__S1                                             (abs)        0006CE
__S2                                             (abs)        000000
___awdiv                                         text39       00310C
___awdiv@counter                                 cstackCOMRAM 000014
___awdiv@dividend                                cstackCOMRAM 000010
___awdiv@divisor                                 cstackCOMRAM 000012
___awdiv@quotient                                cstackCOMRAM 000016
___awdiv@sign                                    cstackCOMRAM 000015
___inthi_sp                                      stack        000000
___intlo_sp                                      stack        000000
___lwdiv                                         text61       0034B0
___lwdiv@counter                                 cstackCOMRAM 000014
___lwdiv@dividend                                cstackCOMRAM 000010
___lwdiv@divisor                                 cstackCOMRAM 000012
___lwdiv@quotient                                cstackCOMRAM 000015
___lwmod                                         text60       003750
___lwmod@counter                                 cstackCOMRAM 00001B
___lwmod@dividend                                cstackCOMRAM 000017
___lwmod@divisor                                 cstackCOMRAM 000019
___param_bank                                    (abs)        000000
___rparam_used                                   (abs)        000001
___sp                                            stack        000000
___wmul                                          text64       0039AA
___wmul@multiplicand                             cstackCOMRAM 00001A
___wmul@multiplier                               cstackCOMRAM 000018
___wmul@product                                  cstackCOMRAM 00001C
__accesstop                                      (abs)        000060
__activetblptr                                   (abs)        000003
__delay_MS                                       text35       00370C
__delay_MS@delay                                 cstackCOMRAM 000010
__delay_MS@val                                   cstackCOMRAM 000013
__end_of_EUSART1_Initialize                      text80       0038B8
__end_of_EUSART1_Read                            text66       0038EC
__end_of_EUSART1_Receive_ISR                     text88       0039AA
__end_of_EUSART1_Transmit_ISR                    text87       003950
__end_of_EUSART1_Write                           text59       003810
__end_of_INTERRUPT_Initialize                    text79       003C32
__end_of_INTERRUPT_InterruptManager              intcode      0000A6
__end_of_OSCILLATOR_Initialize                   text78       003BAA
__end_of_PIN_MANAGER_Initialize                  text77       003680
__end_of_SYSTEM_Initialize                       text69       003AB6
__end_of_TMR0_CallBack                           text83       003A1A
__end_of_TMR0_DefaultInterruptHandler            text84       003C34
__end_of_TMR0_ISR                                text82       003B56
__end_of_TMR0_Initialize                         text74       003882
__end_of_TMR0_SetInterruptHandler                text76       003C04
__end_of_TMR0_StartTimer                         text75       003C2E
__end_of_TMR0_StopTimer                          text68       003C26
__end_of_TMR1_HasOverflowOccured                 text38       003BD0
__end_of_TMR1_Initialize                         text72       003A5C
__end_of_TMR1_Reload                             text37       003BC4
__end_of_TMR1_StartTimer                         text73       003C2A
__end_of_TMR1_StopTimer                          text36       003C22
__end_of_TMR5_Initialize                         text70       0039F6
__end_of_TMR5_StartTimer                         text71       003C1E
__end_of_TMR5_StopTimer                          text67       003C18
__end_of___awdiv                                 text39       003190
__end_of___lwdiv                                 text61       003502
__end_of___lwmod                                 text60       003792
__end_of___wmul                                  text64       0039D0
__end_of__delay_MS                               text35       003750
__end_of__initialization                         cinit        0032DA
__end_of_atoi                                    text62       0027C6
__end_of_char_enter_mode_left_to_right           text13       003C0C
__end_of_clcd_display_string_config              text30       003404
__end_of_clcd_max_col                            text41       003B9C
__end_of_clcd_max_row                            text40       003B8E
__end_of_clear_cmd_data                          text2        00391E
__end_of_clear_display_array                     text27       003A3C
__end_of_clear_display_structure                 text29       003A7A
__end_of_cmd_consol_task                         text3        0020B4
__end_of_collect_column                          text55       002AFE
__end_of_collect_row                             text54       002A10
__end_of_conflict_check                          text15       001C34
__end_of_console_init                            text1        003206
__end_of_copy_data                               text14       0022AE
__end_of_cputs                                   text18       00397E
__end_of_delay                                   text33       003636
__end_of_display_text                            text11       00310C
__end_of_dpowers                                 mediumconst  00FCF3
__end_of_get_direction                           text53       002CC6
__end_of_get_dis_frq                             text52       002BE2
__end_of_get_str                                 text49       00334C
__end_of_getch                                   text65       003C12
__end_of_heart_beat                              text86       003AD4
__end_of_init_CLCD_config                        text24       002FE6
__end_of_init_clcd_cusotom_lcd                   text23       002DA4
__end_of_isdigit                                 text63       003A98
__end_of_main                                    text0        00345C
__end_of_make_array                              text85       003BDC
__end_of_make_display                            text6        002490
__end_of_max_display_str                         text22       003B80
__end_of_max_display_support                     text21       003BE6
__end_of_max_uid_range                           text20       003B72
__end_of_memcpy                                  text34       0037D2
__end_of_memset                                  text51       00370C
__end_of_min_uid_range                           text19       003B64
__end_of_parse_cmd_str                           text42       000FB4
__end_of_printf                                  text57       002668
__end_of_putch                                   text58       003BFA
__end_of_puts                                    text17       003B36
__end_of_reply_to_host                           text4        00166C
__end_of_reset_clcd                              text26       003BF0
__end_of_reset_display_structure_count           text28       003B46
__end_of_scroll_left_to_right                    text10       0019A4
__end_of_scroll_off                              text9        002922
__end_of_scroll_right_to_left                    text7        00131E
__end_of_set_cursor                              text12       003B22
__end_of_strchr                                  text48       003276
__end_of_strcmp                                  text16       0035EC
__end_of_strcpy                                  text50       0036C6
__end_of_strcspn                                 text45       0035A2
__end_of_strlen                                  text56       0034B0
__end_of_strncmp                                 text47       002E74
__end_of_strncpy                                 text8        0033AA
__end_of_strspn                                  text44       003552
__end_of_strstr                                  text46       003086
__end_of_strtok                                  text43       002F32
__end_of_update_string_data                      text5        001E98
__end_of_write_lcd_cmd                           text25       003AF0
__end_of_write_lcd_data                          text32       003B0C
__end_of_write_str                               text31       00384A
__initialization                                 cinit        003276
__mediumconst                                    mediumconst  00FCE8
__pbssBANK0                                      bssBANK0     000060
__pbssBANK1                                      bssBANK1     000100
__pbssBANK2                                      bssBANK2     000200
__pbssBIGRAM                                     bssBIGRAM    000296
__pbssCOMRAM                                     bssCOMRAM    000041
__pcinit                                         cinit        003276
__pcstackBANK0                                   cstackBANK0  0000DB
__pcstackCOMRAM                                  cstackCOMRAM 000001
__pdataBANK0                                     dataBANK0    0000EB
__pidataBANK0                                    idataBANK0   003BAA
__pintcode                                       intcode      000008
__pmediumconst                                   mediumconst  00FCE8
__pnvBANK0                                       nvBANK0      0000F8
__pnvCOMRAM                                      nvCOMRAM     00004E
__ptext0                                         text0        003404
__ptext1                                         text1        003190
__ptext10                                        text10       00166C
__ptext11                                        text11       003086
__ptext12                                        text12       003B0C
__ptext13                                        text13       003C04
__ptext14                                        text14       0020B4
__ptext15                                        text15       0019A4
__ptext16                                        text16       0035A2
__ptext17                                        text17       003B22
__ptext18                                        text18       003950
__ptext19                                        text19       003B56
__ptext2                                         text2        0038EC
__ptext20                                        text20       003B64
__ptext21                                        text21       003BDC
__ptext22                                        text22       003B72
__ptext23                                        text23       002CC6
__ptext24                                        text24       002F32
__ptext25                                        text25       003AD4
__ptext26                                        text26       003BE6
__ptext27                                        text27       003A1A
__ptext28                                        text28       003B36
__ptext29                                        text29       003A5C
__ptext3                                         text3        001E98
__ptext30                                        text30       0033AA
__ptext31                                        text31       003810
__ptext32                                        text32       003AF0
__ptext33                                        text33       0035EC
__ptext34                                        text34       003792
__ptext35                                        text35       00370C
__ptext36                                        text36       003C1E
__ptext37                                        text37       003BB8
__ptext38                                        text38       003BC4
__ptext39                                        text39       00310C
__ptext4                                         text4        00131E
__ptext40                                        text40       003B80
__ptext41                                        text41       003B8E
__ptext42                                        text42       0000AA
__ptext43                                        text43       002E74
__ptext44                                        text44       003502
__ptext45                                        text45       003552
__ptext46                                        text46       002FE6
__ptext47                                        text47       002DA4
__ptext48                                        text48       003206
__ptext49                                        text49       0032E4
__ptext5                                         text5        001C34
__ptext50                                        text50       003680
__ptext51                                        text51       0036C6
__ptext52                                        text52       002AFE
__ptext53                                        text53       002BE2
__ptext54                                        text54       002922
__ptext55                                        text55       002A10
__ptext56                                        text56       00345C
__ptext57                                        text57       002490
__ptext58                                        text58       003BF0
__ptext59                                        text59       0037D2
__ptext6                                         text6        0022AE
__ptext60                                        text60       003750
__ptext61                                        text61       0034B0
__ptext62                                        text62       002668
__ptext63                                        text63       003A7A
__ptext64                                        text64       0039AA
__ptext65                                        text65       003C0C
__ptext66                                        text66       0038B8
__ptext67                                        text67       003C12
__ptext68                                        text68       003C22
__ptext69                                        text69       003A98
__ptext7                                         text7        000FB4
__ptext70                                        text70       0039D0
__ptext71                                        text71       003C18
__ptext72                                        text72       003A3C
__ptext73                                        text73       003C26
__ptext74                                        text74       00384A
__ptext75                                        text75       003C2A
__ptext76                                        text76       003BFA
__ptext77                                        text77       003636
__ptext78                                        text78       003B9C
__ptext79                                        text79       003C2E
__ptext8                                         text8        00334C
__ptext80                                        text80       003882
__ptext82                                        text82       003B46
__ptext83                                        text83       0039F6
__ptext84                                        text84       003C32
__ptext85                                        text85       003BD0
__ptext86                                        text86       003AB6
__ptext87                                        text87       00391E
__ptext88                                        text88       00397E
__ptext89                                        text89       000000
__ptext9                                         text9        0027C6
__ramtop                                         ramtop       001000
__size_of_EUSART1_Initialize                     (abs)        000000
__size_of_EUSART1_Read                           (abs)        000000
__size_of_EUSART1_Receive_ISR                    (abs)        000000
__size_of_EUSART1_Transmit_ISR                   (abs)        000000
__size_of_EUSART1_Write                          (abs)        000000
__size_of_INTERRUPT_Initialize                   (abs)        000000
__size_of_INTERRUPT_InterruptManager             (abs)        000000
__size_of_OSCILLATOR_Initialize                  (abs)        000000
__size_of_PIN_MANAGER_Initialize                 (abs)        000000
__size_of_SYSTEM_Initialize                      (abs)        000000
__size_of_TMR0_CallBack                          (abs)        000000
__size_of_TMR0_DefaultInterruptHandler           (abs)        000000
__size_of_TMR0_ISR                               (abs)        000000
__size_of_TMR0_Initialize                        (abs)        000000
__size_of_TMR0_SetInterruptHandler               (abs)        000000
__size_of_TMR0_StartTimer                        (abs)        000000
__size_of_TMR0_StopTimer                         (abs)        000000
__size_of_TMR1_HasOverflowOccured                (abs)        000000
__size_of_TMR1_Initialize                        (abs)        000000
__size_of_TMR1_Reload                            (abs)        000000
__size_of_TMR1_StartTimer                        (abs)        000000
__size_of_TMR1_StopTimer                         (abs)        000000
__size_of_TMR5_Initialize                        (abs)        000000
__size_of_TMR5_StartTimer                        (abs)        000000
__size_of_TMR5_StopTimer                         (abs)        000000
__size_of___awdiv                                (abs)        000000
__size_of___lwdiv                                (abs)        000000
__size_of___lwmod                                (abs)        000000
__size_of___wmul                                 (abs)        000000
__size_of__delay_MS                              (abs)        000000
__size_of_atoi                                   (abs)        000000
__size_of_char_enter_mode_left_to_right          (abs)        000000
__size_of_clcd_display_string_config             (abs)        000000
__size_of_clcd_max_col                           (abs)        000000
__size_of_clcd_max_row                           (abs)        000000
__size_of_clear_cmd_data                         (abs)        000000
__size_of_clear_display_array                    (abs)        000000
__size_of_clear_display_structure                (abs)        000000
__size_of_cmd_consol_task                        (abs)        000000
__size_of_collect_column                         (abs)        000000
__size_of_collect_row                            (abs)        000000
__size_of_conflict_check                         (abs)        000000
__size_of_console_init                           (abs)        000000
__size_of_copy_data                              (abs)        000000
__size_of_cputs                                  (abs)        000000
__size_of_delay                                  (abs)        000000
__size_of_display_text                           (abs)        000000
__size_of_get_direction                          (abs)        000000
__size_of_get_dis_frq                            (abs)        000000
__size_of_get_str                                (abs)        000000
__size_of_getch                                  (abs)        000000
__size_of_heart_beat                             (abs)        000000
__size_of_init_CLCD_config                       (abs)        000000
__size_of_init_clcd_cusotom_lcd                  (abs)        000000
__size_of_isdigit                                (abs)        000000
__size_of_main                                   (abs)        000000
__size_of_make_array                             (abs)        000000
__size_of_make_display                           (abs)        000000
__size_of_max_display_str                        (abs)        000000
__size_of_max_display_support                    (abs)        000000
__size_of_max_uid_range                          (abs)        000000
__size_of_memcpy                                 (abs)        000000
__size_of_memset                                 (abs)        000000
__size_of_min_uid_range                          (abs)        000000
__size_of_parse_cmd_str                          (abs)        000000
__size_of_printf                                 (abs)        000000
__size_of_putch                                  (abs)        000000
__size_of_puts                                   (abs)        000000
__size_of_reply_to_host                          (abs)        000000
__size_of_reset_clcd                             (abs)        000000
__size_of_reset_display_structure_count          (abs)        000000
__size_of_scroll_left_to_right                   (abs)        000000
__size_of_scroll_off                             (abs)        000000
__size_of_scroll_right_to_left                   (abs)        000000
__size_of_set_cursor                             (abs)        000000
__size_of_strchr                                 (abs)        000000
__size_of_strcmp                                 (abs)        000000
__size_of_strcpy                                 (abs)        000000
[...]
 Tracked objects:
		On entry : 
		On exit  : 
		Unchanged: 
 Data sizes:     COMRAM   BANK0   BANK1   BANK2   BANK3   BANK4   BANK5   BANK6   BANK7   BANK8   BANK9  BANK10  BANK11  BANK12  BANK13  BANK14  BANK15
      Params:         0       0       0       0       0       0       0       0       0       0       0       0       0       0       0       0       0
      Locals:         0       0       0       0       0       0       0       0       0       0       0       0       0       0       0       0       0
      Temps:         14       0       0       0       0       0       0       0       0       0       0       0       0       0       0       0       0
      Totals:        14       0       0       0       0       0       0       0       0       0       0       0       0       0       0       0       0
Total ram usage:       14 bytes
 Hardware stack levels used:    1
 Hardware stack levels required when called:    4
 This function calls:
		_EUSART1_Receive_ISR
		_EUSART1_Transmit_ISR
		_TMR0_ISR
 This function is called by:
		Interrupt level 2
 This function uses a non-reentrant model


 *************** function _TMR0_ISR *****************
 Defined at:
		line 134 in file "mcc_generated_files/tmr0.c"
 Parameters:    Size  Location     Type
		None
 Auto vars:     Size  Location     Type
		None
 Return value:  Size  Location     Type
                  1    wreg      void 
 Registers used:
		wreg, status,2, status,0, pclath, tosl, cstack
 Tracked objects:
		On entry : 
		On exit  : 
		Unchanged: 
 Data sizes:     COMRAM   BANK0   BANK1   BANK2   BANK3   BANK4   BANK5   BANK6   BANK7   BANK8   BANK9  BANK10  BANK11  BANK12  BANK13  BANK14  BANK15
      Params:         0       0       0       0       0       0       0       0       0       0       0       0       0       0       0       0       0
      Locals:         0       0       0       0       0       0       0       0       0       0       0       0       0       0       0       0       0
      Temps:          0       0       0       0       0       0       0       0       0       0       0       0       0       0       0       0       0
      Totals:         0       0       0       0       0       0       0       0       0       0       0       0       0       0       0       0       0
Total ram usage:        0 bytes
 Hardware stack levels used:    1
 Hardware stack levels required when called:    3
 This function calls:
		_TMR0_CallBack
 This function is called by:
		_INTERRUPT_InterruptManager
 This function uses a non-reentrant model


 *************** function _TMR0_CallBack *****************
 Defined at:
		line 152 in file "mcc_generated_files/tmr0.c"
 Parameters:    Size  Location     Type
		None
 Auto vars:     Size  Location     Type
		None
 Return value:  Size  Location     Type
                  1    wreg      void 
 Registers used:
		wreg, status,2, status,0, pclath, tosl, cstack
 Tracked objects:
		On entry : 
		On exit  : 
		Unchanged: 
 Data sizes:     COMRAM   BANK0   BANK1   BANK2   BANK3   BANK4   BANK5   BANK6   BANK7   BANK8   BANK9  BANK10  BANK11  BANK12  BANK13  BANK14  BANK15
      Params:         0       0       0       0       0       0       0       0       0       0       0       0       0       0       0       0       0
      Locals:         0       0       0       0       0       0       0       0       0       0       0       0       0       0       0       0       0
      Temps:          0       0       0       0       0       0       0       0       0       0       0       0       0       0       0       0       0
      Totals:         0       0       0       0       0       0       0       0       0       0       0       0       0       0       0       0       0
Total ram usage:        0 bytes
 Hardware stack levels used:    1
 Hardware stack levels required when called:    2
 This function calls:
		Absolute function
		_TMR0_DefaultInterruptHandler
		_make_array
 This function is called by:
		_TMR0_ISR
 This function uses a non-reentrant model


 *************** function _TMR0_DefaultInterruptHandler *****************
 Defined at:
		line 166 in file "mcc_generated_files/tmr0.c"
 Parameters:    Size  Location     Type
		None
 Auto vars:     Size  Location     Type
		None
 Return value:  Size  Location     Type
                  1    wreg      void 
 Registers used:
		None
 Tracked objects:
		On entry : 
		On exit  : 
		Unchanged: 
 Data sizes:     COMRAM   BANK0   BANK1   BANK2   BANK3   BANK4   BANK5   BANK6   BANK7   BANK8   BANK9  BANK10  BANK11  BANK12  BANK13  BANK14  BANK15
      Params:         0       0       0       0       0       0       0       0       0       0       0       0       0       0       0       0       0
      Locals:         0       0       0       0       0       0       0       0       0       0       0       0       0       0       0       0       0
      Temps:          0       0       0       0       0       0       0       0       0       0       0       0       0       0       0       0       0
      Totals:         0       0       0       0       0       0       0       0       0       0       0       0       0       0       0       0       0
Total ram usage:        0 bytes
 Hardware stack levels used:    1
 This function calls:
		Nothing
 This function is called by:
		_TMR0_Initialize
		_TMR0_CallBack
 This function uses a non-reentrant model


 *************** function _make_array *****************
 Defined at:
		line 59 in file "main.c"
 Parameters:    Size  Location     Type
		None
 Auto vars:     Size  Location     Type
		None
 Return value:  Size  Location     Type
                  1    wreg      void 
 Registers used:
		wreg, status,2, status,0, cstack
 Tracked objects:
		On entry : 
		On exit  : 
		Unchanged: 
 Data sizes:     COMRAM   BANK0   BANK1   BANK2   BANK3   BANK4   BANK5   BANK6   BANK7   BANK8   BANK9  BANK10  BANK11  BANK12  BANK13  BANK14  BANK15
      Params:         0       0       0       0       0       0       0       0       0       0       0       0       0       0       0       0       0
      Locals:         0       0       0       0       0       0       0       0       0       0       0       0       0       0       0       0       0
      Temps:          0       0       0       0       0       0       0       0       0       0       0       0       0       0       0       0       0
      Totals:         0       0       0       0       0       0       0       0       0       0       0       0       0       0       0       0       0
Total ram usage:        0 bytes
 Hardware stack levels used:    1
 Hardware stack levels required when called:    1
 This function calls:
		_heart_beat
 This function is called by:
		_main
		_TMR0_CallBack
 This function uses a non-reentrant model


 *************** function _heart_beat *****************
 Defined at:
		line 54 in file "main.c"
 Parameters:    Size  Location     Type
		None
 Auto vars:     Size  Location     Type
		None
 Return value:  Size  Location     Type
                  1    wreg      void 
 Registers used:
		wreg, status,2, status,0
 Tracked objects:
		On entry : 
		On exit  : 
		Unchanged: 
 Data sizes:     COMRAM   BANK0   BANK1   BANK2   BANK3   BANK4   BANK5   BANK6   BANK7   BANK8   BANK9  BANK10  BANK11  BANK12  BANK13  BANK14  BANK15
      Params:         0       0       0       0       0       0       0       0       0       0       0       0       0       0       0       0       0
      Locals:         0       0       0       0       0       0       0       0       0       0       0       0       0       0       0       0       0
      Temps:          1       0       0       0       0       0       0       0       0       0       0       0       0       0       0       0       0
      Totals:         1       0       0       0       0       0       0       0       0       0       0       0       0       0       0       0       0
Total ram usage:        1 bytes
 Hardware stack levels used:    1
 This function calls:
		Nothing
 This function is called by:
		_make_array
 This function uses a non-reentrant model


 *************** function _EUSART1_Transmit_ISR *****************
 Defined at:
		line 165 in file "mcc_generated_files/eusart1.c"
 Parameters:    Size  Location     Type
		None
 Auto vars:     Size  Location     Type
		None
 Return value:  Size  Location     Type
                  1    wreg      void 
 Registers used:
		wreg, fsr2l, fsr2h, status,2, status,0, prodl, prodh
 Tracked objects:
		On entry : 
		On exit  : 
		Unchanged: 
 Data sizes:     COMRAM   BANK0   BANK1   BANK2   BANK3   BANK4   BANK5   BANK6   BANK7   BANK8   BANK9  BANK10  BANK11  BANK12  BANK13  BANK14  BANK15
      Params:         0       0       0       0       0       0       0       0       0       0       0       0       0       0       0       0       0
      Locals:         0       0       0       0       0       0       0       0       0       0       0       0       0       0       0       0       0
      Temps:          0       0       0       0       0       0       0       0       0       0       0       0       0       0       0       0       0
      Totals:         0       0       0       0       0       0       0       0       0       0       0       0       0       0       0       0       0
Total ram usage:        0 bytes
 Hardware stack levels used:    1
 This function calls:
		Nothing
 This function is called by:
		_INTERRUPT_InterruptManager
 This function uses a non-reentrant model


 *************** function _EUSART1_Receive_ISR *****************
 Defined at:
		line 184 in file "mcc_generated_files/eusart1.c"
 Parameters:    Size  Location     Type
		None
 Auto vars:     Size  Location     Type
		None
 Return value:  Size  Location     Type
                  1    wreg      void 
 Registers used:
		wreg, fsr2l, fsr2h, status,2, status,0, prodl, prodh
 Tracked objects:
		On entry : 
		On exit  : 
		Unchanged: 
 Data sizes:     COMRAM   BANK0   BANK1   BANK2   BANK3   BANK4   BANK5   BANK6   BANK7   BANK8   BANK9  BANK10  BANK11  BANK12  BANK13  BANK14  BANK15
      Params:         0       0       0       0       0       0       0       0       0       0       0       0       0       0       0       0       0
      Locals:         0       0       0       0       0       0       0       0       0       0       0       0       0       0       0       0       0
      Temps:          0       0       0       0       0       0       0       0       0       0       0       0       0       0       0       0       0
      Totals:         0       0       0       0       0       0       0       0       0       0       0       0       0       0       0       0       0
Total ram usage:        0 bytes
 Hardware stack levels used:    1
 This function calls:
		Nothing
 This function is called by:
		_INTERRUPT_InterruptManager
 This function uses a non-reentrant model



MODULE INFORMATION

Module		Function		Class		Link	Load	Size
C:\Program Files (x86)\Microchip\xc8\v1.40\sources\common\strcpy.c
		_strcpy        		CODE           	3680	0000	71

C:\Program Files (x86)\Microchip\xc8\v1.40\sources\common\strcpy.c estimated size: 71

C:\Program Files (x86)\Microchip\xc8\v1.40\sources\common\memset.c
		_memset        		CODE           	36C6	0000	71

C:\Program Files (x86)\Microchip\xc8\v1.40\sources\common\memset.c estimated size: 71

delay.c
		_delay         		CODE           	35EC	0000	75
		__delay_MS     		CODE           	370C	0000	69

delay.c estimated size: 144

C:\Program Files (x86)\Microchip\xc8\v1.40\sources\common\doprnt.c
		_printf        		CODE           	2490	0000	473

C:\Program Files (x86)\Microchip\xc8\v1.40\sources\common\doprnt.c estimated size: 473

mcc_generated_files/interrupt_manager.c
		_INTERRUPT_Initialize		CODE           	3C2E	0000	5
		_INTERRUPT_InterruptManager		CODE           	0008	0000	159

mcc_generated_files/interrupt_manager.c estimated size: 164

C:\Program Files (x86)\Microchip\xc8\v1.40\sources\common\strncmp.c
		_strncmp       		CODE           	2DA4	0000	209

C:\Program Files (x86)\Microchip\xc8\v1.40\sources\common\strncmp.c estimated size: 209

C:\Program Files (x86)\Microchip\xc8\v1.40\sources\common\strspn.c
		_strspn        		CODE           	3502	0000	81

C:\Program Files (x86)\Microchip\xc8\v1.40\sources\common\strspn.c estimated size: 81

C:\Program Files (x86)\Microchip\xc8\v1.40\sources\common\strncpy.c
		_strncpy       		CODE           	334C	0000	95

C:\Program Files (x86)\Microchip\xc8\v1.40\sources\common\strncpy.c estimated size: 95

C:\Program Files (x86)\Microchip\xc8\v1.40\sources\common\cputs.c
		_cputs         		CODE           	3950	0000	47

C:\Program Files (x86)\Microchip\xc8\v1.40\sources\common\cputs.c estimated size: 47

mcc_generated_files/tmr0.c
		_TMR0_SetInterruptHandler		CODE           	3BFA	0000	11
		_TMR0_StopTimer		CODE           	3C22	0000	5
		_TMR0_DefaultInterruptHandler		CODE           	3C32	0000	3
		_TMR0_CallBack 		CODE           	39F6	0000	37
		_TMR0_StartTimer		CODE           	3C2A	0000	5
		_TMR0_ISR      		CODE           	3B46	0000	17
		_TMR0_Initialize		CODE           	384A	0000	57

mcc_generated_files/tmr0.c estimated size: 135

mcc_generated_files/pin_manager.c
		_PIN_MANAGER_Initialize		CODE           	3636	0000	75

mcc_generated_files/pin_manager.c estimated size: 75

cmd_consol.c
		_reply_to_host 		CODE           	131E	0000	847
		_get_direction 		CODE           	2BE2	0000	229
		_cmd_consol_task		CODE           	1E98	0000	541
		_parse_cmd_str 		CODE           	00AA	0000	3851
		_get_str       		CODE           	32E4	0000	105
		_collect_row   		CODE           	2922	0000	239
		_clear_cmd_data		CODE           	38EC	0000	51
		_console_init  		CODE           	3190	0000	119
		_get_dis_frq   		CODE           	2AFE	0000	229
		_collect_column		CODE           	2A10	0000	239

cmd_consol.c estimated size: 6450

C:\Program Files (x86)\Microchip\xc8\v1.40\sources\common\memcpy.c
		_memcpy        		CODE           	3792	0000	65

C:\Program Files (x86)\Microchip\xc8\v1.40\sources\common\memcpy.c estimated size: 65

C:\Program Files (x86)\Microchip\xc8\v1.40\sources\common\strstr.c
		_strstr        		CODE           	2FE6	0000	161

C:\Program Files (x86)\Microchip\xc8\v1.40\sources\common\strstr.c estimated size: 161

C:\Program Files (x86)\Microchip\xc8\v1.40\sources\common\Umul16.c
		___wmul        		CODE           	39AA	0000	39

C:\Program Files (x86)\Microchip\xc8\v1.40\sources\common\Umul16.c estimated size: 39

C:\Program Files (x86)\Microchip\xc8\v1.40\sources\common\lwmod.c
		___lwmod       		CODE           	3750	0000	67

C:\Program Files (x86)\Microchip\xc8\v1.40\sources\common\lwmod.c estimated size: 67

C:\Program Files (x86)\Microchip\xc8\v1.40\sources\common\strcspn.c
		_strcspn       		CODE           	3552	0000	81

C:\Program Files (x86)\Microchip\xc8\v1.40\sources\common\strcspn.c estimated size: 81

C:\Program Files (x86)\Microchip\xc8\v1.40\sources\common\isdigit.c
		_isdigit       		CODE           	3A7A	0000	31

C:\Program Files (x86)\Microchip\xc8\v1.40\sources\common\isdigit.c estimated size: 31

mcc_generated_files/tmr5.c
		_TMR5_Initialize		CODE           	39D0	0000	39
		_TMR5_StopTimer		CODE           	3C12	0000	7
		_TMR5_StartTimer		CODE           	3C18	0000	7

mcc_generated_files/tmr5.c estimated size: 53

C:\Program Files (x86)\Microchip\xc8\v1.40\sources\common\strtok.c
		_strtok        		CODE           	2E74	0000	191

C:\Program Files (x86)\Microchip\xc8\v1.40\sources\common\strtok.c estimated size: 191

shared
		_dpowers       		MEDIUMCONST    	FCE9	0000	11
		__initialization		CODE           	3276	0000	101

shared estimated size: 112

mcc_generated_files/eusart1.c
		_EUSART1_Initialize		CODE           	3882	0000	55
		_putch         		CODE           	3BF0	0000	11
		_EUSART1_Read  		CODE           	38B8	0000	53
		_EUSART1_Write 		CODE           	37D2	0000	63
		_EUSART1_Receive_ISR		CODE           	397E	0000	45
		_getch         		CODE           	3C0C	0000	7
		_EUSART1_Transmit_ISR		CODE           	391E	0000	51

mcc_generated_files/eusart1.c estimated size: 285

clcd.c
		_conflict_check		CODE           	19A4	0000	657
		_copy_data     		CODE           	20B4	0000	507
		_clear_display_structure		CODE           	3A5C	0000	31
		_display_text  		CODE           	3086	0000	135
		_set_cursor    		CODE           	3B0C	0000	23
		_write_str     		CODE           	3810	0000	59
		_clcd_display_string_config		CODE           	33AA	0000	91
		_init_clcd_cusotom_lcd		CODE           	2CC6	0000	223
		_min_uid_range 		CODE           	3B56	0000	15
		_char_enter_mode_left_to_right		CODE           	3C04	0000	9
		_make_display  		CODE           	22AE	0000	483
		_reset_display_structure_count		CODE           	3B36	0000	17
		_max_display_str		CODE           	3B72	0000	15
		_scroll_right_to_left		CODE           	0FB4	0000	875
		_write_lcd_cmd 		CODE           	3AD4	0000	29
		_update_string_data		CODE           	1C34	0000	613
		_max_uid_range 		CODE           	3B64	0000	15
		_init_CLCD_config		CODE           	2F32	0000	181
		_reset_clcd    		CODE           	3BE6	0000	11
		_clear_display_array		CODE           	3A1A	0000	35
		_write_lcd_data		CODE           	3AF0	0000	29
		_scroll_left_to_right		CODE           	166C	0000	825
		_max_display_support		CODE           	3BDC	0000	11
		_clcd_max_col  		CODE           	3B8E	0000	15
		_clcd_max_row  		CODE           	3B80	0000	15
		_scroll_off    		CODE           	27C6	0000	349

clcd.c estimated size: 5268

mcc_generated_files/mcc.c
		_OSCILLATOR_Initialize		CODE           	3B9C	0000	15
		_SYSTEM_Initialize		CODE           	3A98	0000	31

mcc_generated_files/mcc.c estimated size: 46

C:\Program Files (x86)\Microchip\xc8\v1.40\sources\common\atoi.c
		_atoi          		CODE           	2668	0000	351

C:\Program Files (x86)\Microchip\xc8\v1.40\sources\common\atoi.c estimated size: 351

mcc_generated_files/tmr1.c
		_TMR1_Initialize		CODE           	3A3C	0000	33
		_TMR1_StopTimer		CODE           	3C1E	0000	5
		_TMR1_Reload   		CODE           	3BB8	0000	13
		_TMR1_StartTimer		CODE           	3C26	0000	5
		_TMR1_HasOverflowOccured		CODE           	3BC4	0000	13

mcc_generated_files/tmr1.c estimated size: 69

C:\Program Files (x86)\Microchip\xc8\v1.40\sources\common\puts.c
		_puts          		CODE           	3B22	0000	21

C:\Program Files (x86)\Microchip\xc8\v1.40\sources\common\puts.c estimated size: 21

C:\Program Files (x86)\Microchip\xc8\v1.40\sources\common\lwdiv.c
		___lwdiv       		CODE           	34B0	0000	83

C:\Program Files (x86)\Microchip\xc8\v1.40\sources\common\lwdiv.c estimated size: 83

C:\Program Files (x86)\Microchip\xc8\v1.40\sources\common\awdiv.c
		___awdiv       		CODE           	310C	0000	133

C:\Program Files (x86)\Microchip\xc8\v1.40\sources\common\awdiv.c estimated size: 133

main.c
		_main          		CODE           	3404	0000	89
		_heart_beat    		CODE           	3AB6	0000	31
		_make_array    		CODE           	3BD0	0000	13

main.c estimated size: 133

C:\Program Files (x86)\Microchip\xc8\v1.40\sources\common\strlen.c
		_strlen        		CODE           	345C	0000	85

C:\Program Files (x86)\Microchip\xc8\v1.40\sources\common\strlen.c estimated size: 85

C:\Program Files (x86)\Microchip\xc8\v1.40\sources\common\strcmp.c
		_strcmp        		CODE           	35A2	0000	75

C:\Program Files (x86)\Microchip\xc8\v1.40\sources\common\strcmp.c estimated size: 75

C:\Program Files (x86)\Microchip\xc8\v1.40\sources\common\strchr.c
		_strchr        		CODE           	3206	0000	113

C:\Program Files (x86)\Microchip\xc8\v1.40\sources\common\strchr.c estimated size: 113

