Microchip MPLAB XC8 Compiler V1.44 ()

Linker command line:

-W-3 --edf=C:\Program Files\Microchip\xc8\v1.44\dat\en_msgs.txt -cs \
  -h+dist/default/production\clcd_usart_cmd_consol.X.production.sym \
  --cmf=dist/default/production\clcd_usart_cmd_consol.X.production.cmf -z \
  -Q18F46K22 -oC:\Users\Noyel\AppData\Local\Temp\s3s4.2 \
  -Mdist/default/production/clcd_usart_cmd_consol.X.production.map -E1 \
  -ver=XC8 -ASTACK=06E2h-0f37h -pstack=STACK -ACODE=00h-0FFFFh \
  -ACONST=00h-0FFFFh -ASMALLCONST=01000h-010FFhx240 \
  -AMEDIUMCONST=01000h-0FFFFh -ACOMRAM=01h-05Fh -AABS1=00h-0F37h \
  -ABIGRAM=01h-0F37h -ARAM=060h-0FFh,0100h-01FFhx14,0F00h-0F37h \
  -ABANK0=060h-0FFh -ABANK1=0100h-01FFh -ABANK2=0200h-02FFh \
  -ABANK3=0300h-03FFh -ABANK4=0400h-04FFh -ABANK5=0500h-05FFh \
  -ABANK6=0600h-06FFh -ABANK7=0700h-07FFh -ABANK8=0800h-08FFh \
  -ABANK9=0900h-09FFh -ABANK10=0A00h-0AFFh -ABANK11=0B00h-0BFFh \
  -ABANK12=0C00h-0CFFh -ABANK13=0D00h-0DFFh -ABANK14=0E00h-0EFFh \
  -ABANK15=0F00h-0F37h -ASFR=0F38h-0F5Fh,0F60h-0FFFh \
  -preset_vec=00h,intcode=08h,intcodelo,powerup,init -pramtop=01000h \
  -psmallconst=SMALLCONST -pmediumconst=MEDIUMCONST -pconst=CONST \
  -AFARRAM=00h-00h -ACONFIG=0300000h-030000Dh -pconfig=CONFIG \
  -AIDLOC=0200000h-0200007h -pidloc=IDLOC -AEEDATA=0F00000h-0F003FFh \
  -peeprom_data=EEDATA \
  -prdata=COMRAM,nvrram=COMRAM,nvbit=COMRAM,rbss=COMRAM,rbit=COMRAM \
  -pfarbss=FARRAM,fardata=FARRAM,nvFARRAM=FARRAM \
  -pintsave_regs=BIGRAM,bigbss=BIGRAM,bigdata=BIGRAM -pbss=RAM \
  -pidata=CODE,irdata=CODE,ibigdata=CODE,ifardata=CODE -prparam=COMRAM \
  C:\Users\Noyel\AppData\Local\Temp\s3s4.obj \
  dist/default/production\clcd_usart_cmd_consol.X.production.obj 

Object code version is 3.11

Machine type is 18F46K22

Call graph: (short form)




                Name                               Link     Load   Length Selector   Space Scale
C:\Users\Noyel\AppData\Local\Temp\s3s4.obj
                init                                 C6       C6        4        4       0
                reset_vec                             0        0        4        0       0
                idloc                            200000   200000        8   200000       0
                config                           300000   300000        E   300000       0
dist/default/production\clcd_usart_cmd_consol.X.production.obj
                intcode                               8        8       BE        4       0
                temp                                 4C       4C        1        1       1
                mediumconst                        FCD6     FCD6      32A     7E6B       0
                text89                             39E4     39E4       2C        4       0
                text88                             3986     3986       30        4       0
                text87                             3B3C     3B3C       1E        4       0
                text86                             3C5A     3C5A        C     1DE7       0
                text85                             3CBC     3CBC        2     1DE7       0
                text84                             3AC2     3AC2       20        4       0
                text83                             3BDE     3BDE       10     1DE7       0
                text81                             391C     391C       36        4       0
                text80                             3CB8     3CB8        4     1DE7       0
                text79                             3C34     3C34        E     1DE7       0
                text78                             382C     382C       42        4       0
                text77                             3C84     3C84        A     1DE7       0
                text76                             3CB4     3CB4        4     1DE7       0
                text75                             38E4     38E4       38        4       0
                text74                             3CB0     3CB0        4     1DE7       0
                text73                             3AA2     3AA2       20        4       0
                text72                             3CA2     3CA2        6     1DE7       0
                text71                             3A82     3A82       20        4       0
                text70                             3B1E     3B1E       1E        4       0
                text69                             3CAC     3CAC        4     1DE7       0
                text68                             3C9C     3C9C        6     1DE7       0
                text67                             3952     3952       34        4       0
                text66                             3C96     3C96        6     1DE7       0
                text65                             3A3A     3A3A       26        4       0
                text64                             3B00     3B00       1E        4       0
                text63                             260E     260E      15E        4       0
                text62                             3550     3550       52        4       0
                text61                             37EA     37EA       42        4       0
                text60                             386E     386E       3C        4       0
                text59                             3C7A     3C7A        A     1DE7       0
                text58                             2436     2436      1D8        4       0
                text57                             34FC     34FC       54        4       0
                text56                             29C0     29C0       F8        4       0
                text55                             28C8     28C8       F8        4       0
                text54                             2AB8     2AB8       F0        4       0
                text53                             2C8A     2C8A       E2        4       0
                text52                             2BA8     2BA8       E2        4       0
                text51                             371C     371C       46        4       0
                text50                             36D6     36D6       46        4       0
                text49                             3386     3386       66        4       0
                text48                             3316     3316       70        4       0
                text47                             2E4A     2E4A       D0        4       0
                text46                             307E     307E       A0        4       0
                text45                             35F2     35F2       50        4       0
                text44                             35A2     35A2       50        4       0
                text43                             2FCE     2FCE       B0        4       0
                text42                               CA       CA      EBC        4       0
                text41                             3C26     3C26        E     1DE7       0
                text40                             3C18     3C18        E     1DE7       0
                text39                             311E     311E       84        4       0
                text38                             3C4E     3C4E        C     1DE7       0
                text37                             3C42     3C42        C     1DE7       0
                text36                             3CA8     3CA8        4     1DE7       0
                text35                             37A6     37A6       44        4       0
                text34                             3762     3762       44        4       0
                text33                             368C     368C       4A        4       0
                text32                             3B76     3B76       1C        4       0
                text31                             38AA     38AA       3A        4       0
                text30                             344A     344A       5A        4       0
                text29                             3AE2     3AE2       1E        4       0
                text28                             3BCE     3BCE       10     1DE7       0
                text27                             3A60     3A60       22        4       0
                text26                             3C70     3C70        A     1DE7       0
                text25                             3B5A     3B5A       1C        4       0
                text24                             2F1A     2F1A       B4        4       0
                text23                             2D6C     2D6C       DE        4       0
                text22                             3C0A     3C0A        E     1DE7       0
                text21                             3C66     3C66        A     1DE7       0
                text20                             3BFC     3BFC        E     1DE7       0
                text19                             3BEE     3BEE        E     1DE7       0
                text18                             39B6     39B6       2E        4       0
                text17                             3BA8     3BA8       14        4       0
                text16                             3642     3642       4A        4       0
                text15                             196A     196A      2A2        4       0
                text14                             1E5C     1E5C      1FE        4       0
                text13                             3C8E     3C8E        8     1DE7       0
                text12                             3B92     3B92       16        4       0
                text11                             31A2     31A2       82        4       0
                text10                             12E8     12E8      348        4       0
                text9                              276C     276C      15C        4       0
                text8                              33EC     33EC       5E        4       0
                text7                               F86      F86      362        4       0
                text6                              2254     2254      1E2        4       0
                text5                              1C0C     1C0C      250        4       0
                text4                              1630     1630      33A        4       0
                text3                              205A     205A      1FA        4       0
                text2                              3A10     3A10       2A        4       0
                text1                              32A4     32A4       72        4       0
                text0                              34A4     34A4       58        4       0
                cstackCOMRAM                          1        1       38        1       1
                cstackBANK0                          C6       C6       1F       60       1
                bssBIGRAM                           296      296      44C      296       1
                bssBANK2                            200      200       96      200       1
                bssBANK1                            100      100       A0      100       1
                dataBANK0                            E5       E5       11       60       1
                bssBANK0                             60       60       66       60       1
                dataCOMRAM                           4B       4B        1        1       1
                bssCOMRAM                            39       39       10        1       1
                cinit                              3224     3224       80        4       0
                nvBANK0                              F6       F6        7       60       1
                nvCOMRAM                             49       49        2        1       1
                idataBANK0                         3BBC     3BBC       11        4       0
                idataCOMRAM                        3CBE     3CBE        1     1DE7       0

TOTAL           Name                               Link     Load   Length     Space
        CLASS   STACK          

        CLASS   CODE           
                intcode                               8        8       BE         0
                init                                 C6       C6        4         0
                reset_vec                             0        0        4         0
                text89                             39E4     39E4       2C         0
                text88                             3986     3986       30         0
                text87                             3B3C     3B3C       1E         0
                text86                             3C5A     3C5A        C         0
                text85                             3CBC     3CBC        2         0
                text84                             3AC2     3AC2       20         0
                text83                             3BDE     3BDE       10         0
                text81                             391C     391C       36         0
                text80                             3CB8     3CB8        4         0
                text79                             3C34     3C34        E         0
                text78                             382C     382C       42         0
                text77                             3C84     3C84        A         0
                text76                             3CB4     3CB4        4         0
                text75                             38E4     38E4       38         0
                text74                             3CB0     3CB0        4         0
                text73                             3AA2     3AA2       20         0
                text72                             3CA2     3CA2        6         0
                text71                             3A82     3A82       20         0
                text70                             3B1E     3B1E       1E         0
                text69                             3CAC     3CAC        4         0
                text68                             3C9C     3C9C        6         0
                text67                             3952     3952       34         0
                text66                             3C96     3C96        6         0
                text65                             3A3A     3A3A       26         0
                text64                             3B00     3B00       1E         0
                text63                             260E     260E      15E         0
                text62                             3550     3550       52         0
                text61                             37EA     37EA       42         0
                text60                             386E     386E       3C         0
                text59                             3C7A     3C7A        A         0
                text58                             2436     2436      1D8         0
                text57                             34FC     34FC       54         0
                text56                             29C0     29C0       F8         0
                text55                             28C8     28C8       F8         0
                text54                             2AB8     2AB8       F0         0
                text53                             2C8A     2C8A       E2         0
                text52                             2BA8     2BA8       E2         0
                text51                             371C     371C       46         0
                text50                             36D6     36D6       46         0
                text49                             3386     3386       66         0
                text48                             3316     3316       70         0
                text47                             2E4A     2E4A       D0         0
                text46                             307E     307E       A0         0
                text45                             35F2     35F2       50         0
                text44                             35A2     35A2       50         0
                text43                             2FCE     2FCE       B0         0
                text42                               CA       CA      EBC         0
                text41                             3C26     3C26        E         0
                text40                             3C18     3C18        E         0
                text39                             311E     311E       84         0
                text38                             3C4E     3C4E        C         0
                text37                             3C42     3C42        C         0
                text36                             3CA8     3CA8        4         0
                text35                             37A6     37A6       44         0
                text34                             3762     3762       44         0
                text33                             368C     368C       4A         0
                text32                             3B76     3B76       1C         0
                text31                             38AA     38AA       3A         0
                text30                             344A     344A       5A         0
                text29                             3AE2     3AE2       1E         0
                text28                             3BCE     3BCE       10         0
                text27                             3A60     3A60       22         0
                text26                             3C70     3C70        A         0
                text25                             3B5A     3B5A       1C         0
                text24                             2F1A     2F1A       B4         0
                text23                             2D6C     2D6C       DE         0
                text22                             3C0A     3C0A        E         0
                text21                             3C66     3C66        A         0
                text20                             3BFC     3BFC        E         0
                text19                             3BEE     3BEE        E         0
                text18                             39B6     39B6       2E         0
                text17                             3BA8     3BA8       14         0
                text16                             3642     3642       4A         0
                text15                             196A     196A      2A2         0
                text14                             1E5C     1E5C      1FE         0
                text13                             3C8E     3C8E        8         0
                text12                             3B92     3B92       16         0
                text11                             31A2     31A2       82         0
                text10                             12E8     12E8      348         0
                text9                              276C     276C      15C         0
                text8                              33EC     33EC       5E         0
                text7                               F86      F86      362         0
                text6                              2254     2254      1E2         0
                text5                              1C0C     1C0C      250         0
                text4                              1630     1630      33A         0
                text3                              205A     205A      1FA         0
                text2                              3A10     3A10       2A         0
                text1                              32A4     32A4       72         0
                text0                              34A4     34A4       58         0
                cinit                              3224     3224       80         0
                idataBANK0                         3BBC     3BBC       11         0
                idataCOMRAM                        3CBE     3CBE        1         0

        CLASS   CONST          

        CLASS   SMALLCONST     

        CLASS   MEDIUMCONST    
                mediumconst                        FCD6     FCD6      32A         0

        CLASS   COMRAM         
                temp                                 4C       4C        1         1
                cstackCOMRAM                          1        1       38         1
                dataCOMRAM                           4B       4B        1         1
                bssCOMRAM                            39       39       10         1
                nvCOMRAM                             49       49        2         1

        CLASS   ABS1           

        CLASS   BIGRAM         
                bssBIGRAM                           296      296      44C         1

        CLASS   RAM            

        CLASS   BANK0          
                cstackBANK0                          C6       C6       1F         1
                dataBANK0                            E5       E5       11         1
                bssBANK0                             60       60       66         1
                nvBANK0                              F6       F6        7         1

        CLASS   BANK1          
                bssBANK1                            100      100       A0         1

        CLASS   BANK2          
                bssBANK2                            200      200       96         1

        CLASS   BANK3          

        CLASS   BANK4          

        CLASS   BANK5          

        CLASS   BANK6          

        CLASS   BANK7          

        CLASS   BANK8          

        CLASS   BANK9          

        CLASS   BANK10         

        CLASS   BANK11         

        CLASS   BANK12         

        CLASS   BANK13         

        CLASS   BANK14         

        CLASS   BANK15         

        CLASS   SFR            

        CLASS   FARRAM         

        CLASS   CONFIG         
                config                           300000   300000        E         0

        CLASS   IDLOC          
                idloc                            200000   200000        8         0

        CLASS   EEDATA         



SEGMENTS        Name                           Load    Length   Top    Selector   Space  Class

                reset_vec                      000000  000004  000004         0       0  CODE    
                cstackCOMRAM                   000001  00004C  00004D         1       1  COMRAM  
                intcode                        000008  003BC5  003BCD         4       0  CODE    
                bssBANK0                       000060  00009D  0000FD        60       1  BANK0   
                bssBANK1                       000100  0000A0  0001A0       100       1  BANK1   
                bssBANK2                       000200  000096  000296       200       1  BANK2   
                bssBIGRAM                      000296  00044C  0006E2       296       1  BIGRAM  
                text28                         003BCE  0000F1  003CBF      1DE7       0  CODE    
                mediumconst                    00FCD6  00032A  010000      7E6B       0  MEDIUMCO
                idloc                          200000  000008  200008    200000       0  IDLOC   
                config                         300000  00000E  30000E    300000       0  CONFIG  


UNUSED ADDRESS RANGES

        Name                Unused          Largest block    Delta
        BANK0            0000FD-0000FF                3
        BANK1            0001A0-0001FF               60
        BANK10           000A00-000AFF              100
        BANK11           000B00-000BFF              100
        BANK12           000C00-000CFF              100
        BANK13           000D00-000DFF              100
        BANK14           000E00-000EFF              100
        BANK15           000F00-000F37               38
        BANK6            0006E2-0006FF               1E
        BANK7            000700-0007FF              100
        BANK8            000800-0008FF              100
        BANK9            000900-0009FF              100
        BIGRAM           00004D-00005F               13
                         0000FD-0000FF                3
                         0001A0-0001FF               60
                         0006E2-000F37              856
        CODE             000004-000007                4
                         003BCD-003BCD                1
                         003CBF-00FCD5             C017
        COMRAM           00004D-00005F               13
        CONST            000004-000007                4
                         003BCD-003BCD                1
                         003CBF-00FCD5             C017
        EEDATA           F00000-F003FF              400
        MEDIUMCONST      003BCD-003BCD                1
                         003CBF-00FCD5             C017
        RAM              0000FD-0000FF                3
                         0001A0-0001FF               60
                         0006E2-000F37              100
        SFR              000F38-000FFF               28
        SMALLCONST       003BCD-003BCD                1
                         003CBF-00FCD5              100
        STACK            0006E2-000F37              856

                                  Symbol Table

?___awdiv                                        cstackCOMRAM 000014
?___lwdiv                                        cstackCOMRAM 000014
?___lwmod                                        cstackCOMRAM 00001B
?___wmul                                         cstackCOMRAM 00001C
?_atoi                                           cstackCOMRAM 000022
?_max_display_support                            cstackCOMRAM 000014
?_printf                                         cstackCOMRAM 000022
?_strchr                                         cstackCOMRAM 000014
?_strcmp                                         cstackCOMRAM 000014
?_strcspn                                        cstackCOMRAM 00001A
?_strlen                                         cstackCOMRAM 000022
?_strncmp                                        cstackCOMRAM 000028
?_strspn                                         cstackCOMRAM 00001A
?_strstr                                         cstackCOMRAM 000031
?_strtok                                         cstackCOMRAM 000021
EUSART1_Read@readValue                           cstackCOMRAM 000014
EUSART1_Write@txData                             cstackCOMRAM 000014
TMR0_SetInterruptHandler@InterruptHandler        cstackCOMRAM 000014
_ANSELA                                          (abs)        000F38
_ANSELB                                          (abs)        000F39
_ANSELC                                          (abs)        000F3A
_ANSELD                                          (abs)        000F3B
_ANSELE                                          (abs)        000F3C
_BAUDCON1                                        (abs)        000FB8
_CMD                                             bssBANK0     0000B7
_EUSART1_Initialize                              text81       00391C
_EUSART1_Read                                    text67       003952
_EUSART1_Receive_ISR                             text89       0039E4
_EUSART1_Transmit_ISR                            text88       003986
_EUSART1_Write                                   text60       00386E
_INTCON2bits                                     (abs)        000FF1
_INTCONbits                                      (abs)        000FF2
_INTERRUPT_Initialize                            text80       003CB8
_INTERRUPT_InterruptManager                      intcode      000008
_LATA                                            (abs)        000F89
_LATB                                            (abs)        000F8A
_LATC                                            (abs)        000F8B
_LATD                                            (abs)        000F8C
_LATE                                            (abs)        000F8D
_LATEbits                                        (abs)        000F8D
_LCD_16x2_DISPLAY                                bssCOMRAM    00003E
_LCD_20x4_DISPLAY                                bssCOMRAM    00003D
_OSCCON                                          (abs)        000FD3
_OSCCON2                                         (abs)        000FD2
_OSCILLATOR_Initialize                           text79       003C34
_OSCTUNE                                         (abs)        000F9B
_PIE1bits                                        (abs)        000F9D
_PIN_MANAGER_Initialize                          text78       00382C
_PIR1bits                                        (abs)        000F9E
_PIR5bits                                        (abs)        000F7E
_PORTAbits                                       (abs)        000F80
_PORTD                                           (abs)        000F83
_PORTDbits                                       (abs)        000F83
_RCONbits                                        (abs)        000FD0
_RCREG1                                          (abs)        000FAE
_RCSTA1                                          (abs)        000FAB
_RCSTA1bits                                      (abs)        000FAB
_SPBRG1                                          (abs)        000FAF
_SPBRGH1                                         (abs)        000FB0
_SYSTEM_Initialize                               text70       003B1E
_T0CON                                           (abs)        000FD5
_T0CONbits                                       (abs)        000FD5
_T1CON                                           (abs)        000FCD
_T1CONbits                                       (abs)        000FCD
_T1GCON                                          (abs)        000FCC
_T1GCONbits                                      (abs)        000FCC
_T5CON                                           (abs)        000F4E
_T5CONbits                                       (abs)        000F4E
_T5GCON                                          (abs)        000F4D
_T5GCONbits                                      (abs)        000F4D
_TMR0H                                           (abs)        000FD7
_TMR0L                                           (abs)        000FD6
_TMR0_CallBack                                   text84       003AC2
_TMR0_DefaultInterruptHandler                    text85       003CBC
_TMR0_ISR                                        text83       003BDE
_TMR0_Initialize                                 text75       0038E4
_TMR0_InterruptHandler                           nvBANK0      0000F6
_TMR0_SetInterruptHandler                        text77       003C84
_TMR0_StartTimer                                 text76       003CB4
_TMR0_StopTimer                                  text69       003CAC
_TMR1                                            (abs)        000FCE
_TMR1H                                           (abs)        000FCF
_TMR1L                                           (abs)        000FCE
_TMR1_HasOverflowOccured                         text38       003C4E
_TMR1_Initialize                                 text73       003AA2
_TMR1_InterruptHandler                           bssBANK0     000078
_TMR1_Reload                                     text37       003C42
_TMR1_StartTimer                                 text74       003CB0
_TMR1_StopTimer                                  text36       003CA8
_TMR5                                            (abs)        000F4F
_TMR5H                                           (abs)        000F50
_TMR5L                                           (abs)        000F4F
_TMR5_Initialize                                 text71       003A82
_TMR5_InterruptHandler                           bssBANK0     00007A
_TMR5_StartTimer                                 text72       003CA2
_TMR5_StopTimer                                  text68       003C9C
_TRISA                                           (abs)        000F92
_TRISB                                           (abs)        000F93
_TRISC                                           (abs)        000F94
_TRISD                                           (abs)        000F95
_TRISE                                           (abs)        000F96
_TXREG1                                          (abs)        000FAD
_TXSTA1                                          (abs)        000FAC
_WPUB                                            (abs)        000F61
__CFG_BOREN$SBORDIS                              (abs)        000000
__CFG_BORV$190                                   (abs)        000000
__CFG_CCP2MX$PORTC1                              (abs)        000000
__CFG_CCP3MX$PORTB5                              (abs)        000000
__CFG_CP0$OFF                                    (abs)        000000
__CFG_CP1$OFF                                    (abs)        000000
__CFG_CP2$OFF                                    (abs)        000000
__CFG_CP3$OFF                                    (abs)        000000
__CFG_CPB$OFF                                    (abs)        000000
__CFG_CPD$OFF                                    (abs)        000000
__CFG_DEBUG$OFF                                  (abs)        000000
__CFG_EBTR0$OFF                                  (abs)        000000
__CFG_EBTR1$OFF                                  (abs)        000000
__CFG_EBTR2$OFF                                  (abs)        000000
__CFG_EBTR3$OFF                                  (abs)        000000
__CFG_EBTRB$OFF                                  (abs)        000000
__CFG_FCMEN$OFF                                  (abs)        000000
__CFG_FOSC$INTIO67                               (abs)        000000
__CFG_HFOFST$ON                                  (abs)        000000
__CFG_IESO$OFF                                   (abs)        000000
__CFG_LVP$ON                                     (abs)        000000
__CFG_MCLRE$EXTMCLR                              (abs)        000000
__CFG_P2BMX$PORTD2                               (abs)        000000
__CFG_PBADEN$ON                                  (abs)        000000
__CFG_PLLCFG$ON                                  (abs)        000000
__CFG_PRICLKEN$ON                                (abs)        000000
__CFG_PWRTEN$OFF                                 (abs)        000000
__CFG_STVREN$ON                                  (abs)        000000
__CFG_T3CMX$PORTC0                               (abs)        000000
__CFG_WDTEN$OFF                                  (abs)        000000
__CFG_WDTPS$32768                                (abs)        000000
__CFG_WRT0$OFF                                   (abs)        000000
__CFG_WRT1$OFF                                   (abs)        000000
__CFG_WRT2$OFF                                   (abs)        000000
__CFG_WRT3$OFF                                   (abs)        000000
__CFG_WRTB$OFF                                   (abs)        000000
__CFG_WRTC$OFF                                   (abs)        000000
__CFG_WRTD$OFF                                   (abs)        000000
__CFG_XINST$OFF                                  (abs)        000000
__HRAM                                           (abs)        000000
__Habs1                                          abs1         000000
__Hbank0                                         bank0        000000
__Hbank1                                         bank1        000000
__Hbank10                                        bank10       000000
__Hbank11                                        bank11       000000
__Hbank12                                        bank12       000000
__Hbank13                                        bank13       000000
__Hbank14                                        bank14       000000
__Hbank15                                        bank15       000000
__Hbank2                                         bank2        000000
__Hbank3                                         bank3        000000
__Hbank4                                         bank4        000000
__Hbank5                                         bank5        000000
__Hbank6                                         bank6        000000
__Hbank7                                         bank7        000000
__Hbank8                                         bank8        000000
__Hbank9                                         bank9        000000
__Hbigbss                                        bigbss       000000
__Hbigdata                                       bigdata      000000
__Hbigram                                        bigram       000000
__Hbss                                           bss          000000
__HbssBANK0                                      bssBANK0     000000
__HbssBANK1                                      bssBANK1     000000
__HbssBANK2                                      bssBANK2     000000
__HbssBIGRAM                                     bssBIGRAM    000000
__HbssCOMRAM                                     bssCOMRAM    000000
__Hcinit                                         cinit        000000
__Hclrtext                                       clrtext      000000
__Hcomram                                        comram       000000
__Hconfig                                        config       30000E
__Hconst                                         const        000000
__HcstackBANK0                                   cstackBANK0  000000
__HcstackCOMRAM                                  cstackCOMRAM 000000
__Hdata                                          data         000000
__HdataBANK0                                     dataBANK0    000000
__HdataCOMRAM                                    dataCOMRAM   000000
__Heeprom_data                                   eeprom_data  000000
__Hfarbss                                        farbss       000000
__Hfardata                                       fardata      000000
__Hibigdata                                      ibigdata     000000
__Hidata                                         idata        000000
__HidataBANK0                                    idataBANK0   000000
__HidataCOMRAM                                   idataCOMRAM  000000
__Hidloc                                         idloc        200008
__Hifardata                                      ifardata     000000
__Hinit                                          init         0000CA
__Hintcode                                       intcode      0000C6
__Hintcode_body                                  intcode_body 000000
__Hintcodelo                                     intcodelo    0000C6
__Hintentry                                      intentry     000000
__Hintret                                        intret       000000
__Hintsave_regs                                  intsave_regs 000000
__Hirdata                                        irdata       000000
__Hmediumconst                                   mediumconst  010000
__HnvBANK0                                       nvBANK0      000000
__HnvCOMRAM                                      nvCOMRAM     000000
__HnvFARRAM                                      nvFARRAM     000000
__Hnvbit                                         nvbit        000000
__Hnvrram                                        nvrram       000000
__Hparam                                         rparam       000000
__Hpowerup                                       powerup      0000C6
__Hram                                           ram          000000
__Hramtop                                        ramtop       001000
__Hrbit                                          rbit         000000
__Hrbss                                          rbss         000000
__Hrdata                                         rdata        000000
__Hreset_vec                                     reset_vec    000004
__Hrparam                                        rparam       000000
__Hsfr                                           sfr          000000
__Hsmallconst                                    smallconst   000000
__Hspace_0                                       (abs)        30000E
__Hspace_1                                       (abs)        0006E2
__Hspace_2                                       (abs)        000000
__Hstack                                         stack        000000
__Hstruct                                        struct       000000
__Htemp                                          temp         00004D
__Htext                                          text         000000
__Htext0                                         text0        000000
__Htext1                                         text1        000000
__Htext10                                        text10       000000
__Htext11                                        text11       000000
__Htext12                                        text12       000000
__Htext13                                        text13       000000
__Htext14                                        text14       000000
__Htext15                                        text15       000000
__Htext16                                        text16       000000
__Htext17                                        text17       000000
__Htext18                                        text18       000000
__Htext19                                        text19       000000
__Htext2                                         text2        000000
__Htext20                                        text20       000000
__Htext21                                        text21       000000
__Htext22                                        text22       000000
__Htext23                                        text23       000000
__Htext24                                        text24       000000
__Htext25                                        text25       000000
__Htext26                                        text26       000000
__Htext27                                        text27       000000
__Htext28                                        text28       000000
__Htext29                                        text29       000000
__Htext3                                         text3        000000
__Htext30                                        text30       000000
__Htext31                                        text31       000000
__Htext32                                        text32       000000
__Htext33                                        text33       000000
__Htext34                                        text34       000000
__Htext35                                        text35       000000
__Htext36                                        text36       000000
__Htext37                                        text37       000000
__Htext38                                        text38       000000
__Htext39                                        text39       000000
__Htext4                                         text4        000000
__Htext40                                        text40       000000
__Htext41                                        text41       000000
__Htext42                                        text42       000000
__Htext43                                        text43       000000
__Htext44                                        text44       000000
__Htext45                                        text45       000000
__Htext46                                        text46       000000
__Htext47                                        text47       000000
__Htext48                                        text48       000000
__Htext49                                        text49       000000
__Htext5                                         text5        000000
__Htext50                                        text50       000000
__Htext51                                        text51       000000
__Htext52                                        text52       000000
__Htext53                                        text53       000000
__Htext54                                        text54       000000
__Htext55                                        text55       000000
__Htext56                                        text56       000000
__Htext57                                        text57       000000
__Htext58                                        text58       000000
__Htext59                                        text59       000000
__Htext6                                         text6        000000
__Htext60                                        text60       000000
__Htext61                                        text61       000000
__Htext62                                        text62       000000
__Htext63                                        text63       000000
__Htext64                                        text64       000000
__Htext65                                        text65       000000
__Htext66                                        text66       000000
__Htext67                                        text67       000000
__Htext68                                        text68       000000
__Htext69                                        text69       000000
__Htext7                                         text7        000000
__Htext70                                        text70       000000
__Htext71                                        text71       000000
__Htext72                                        text72       000000
__Htext73                                        text73       000000
__Htext74                                        text74       000000
__Htext75                                        text75       000000
__Htext76                                        text76       000000
__Htext77                                        text77       000000
__Htext78                                        text78       000000
__Htext79                                        text79       000000
__Htext8                                         text8        000000
__Htext80                                        text80       000000
__Htext81                                        text81       000000
__Htext83                                        text83       000000
__Htext84                                        text84       000000
__Htext85                                        text85       000000
__Htext86                                        text86       000000
__Htext87                                        text87       000000
__Htext88                                        text88       000000
__Htext89                                        text89       000000
__Htext9                                         text9        000000
__Htext90                                        text90       000000
__LRAM                                           (abs)        000001
__Labs1                                          abs1         000000
__Lbank0                                         bank0        000000
__Lbank1                                         bank1        000000
__Lbank10                                        bank10       000000
__Lbank11                                        bank11       000000
__Lbank12                                        bank12       000000
__Lbank13                                        bank13       000000
__Lbank14                                        bank14       000000
__Lbank15                                        bank15       000000
__Lbank2                                         bank2        000000
__Lbank3                                         bank3        000000
__Lbank4                                         bank4        000000
__Lbank5                                         bank5        000000
__Lbank6                                         bank6        000000
__Lbank7                                         bank7        000000
__Lbank8                                         bank8        000000
__Lbank9                                         bank9        000000
__Lbigbss                                        bigbss       000000
__Lbigdata                                       bigdata      000000
__Lbigram                                        bigram       000000
__Lbss                                           bss          000000
__LbssBANK0                                      bssBANK0     000000
__LbssBANK1                                      bssBANK1     000000
__LbssBANK2                                      bssBANK2     000000
__LbssBIGRAM                                     bssBIGRAM    000000
__LbssCOMRAM                                     bssCOMRAM    000000
__Lcinit                                         cinit        000000
__Lclrtext                                       clrtext      000000
__Lcomram                                        comram       000000
__Lconfig                                        config       300000
__Lconst                                         const        000000
__LcstackBANK0                                   cstackBANK0  000000
__LcstackCOMRAM                                  cstackCOMRAM 000000
__Ldata                                          data         000000
__LdataBANK0                                     dataBANK0    000000
__LdataCOMRAM                                    dataCOMRAM   000000
__Leeprom_data                                   eeprom_data  000000
__Lfarbss                                        farbss       000000
__Lfardata                                       fardata      000000
__Libigdata                                      ibigdata     000000
__Lidata                                         idata        000000
__LidataBANK0                                    idataBANK0   000000
__LidataCOMRAM                                   idataCOMRAM  000000
__Lidloc                                         idloc        200000
__Lifardata                                      ifardata     000000
__Linit                                          init         0000C6
__Lintcode                                       intcode      000008
__Lintcode_body                                  intcode_body 000000
__Lintcodelo                                     intcodelo    0000C6
__Lintentry                                      intentry     000000
__Lintret                                        intret       000000
__Lintsave_regs                                  intsave_regs 000000
__Lirdata                                        irdata       000000
__Lmediumconst                                   mediumconst  00FCD6
__LnvBANK0                                       nvBANK0      000000
__LnvCOMRAM                                      nvCOMRAM     000000
__LnvFARRAM                                      nvFARRAM     000000
__Lnvbit                                         nvbit        000000
__Lnvrram                                        nvrram       000000
__Lparam                                         rparam       000000
__Lpowerup                                       powerup      0000C6
__Lram                                           ram          000000
__Lramtop                                        ramtop       001000
__Lrbit                                          rbit         000000
__Lrbss                                          rbss         000000
__Lrdata                                         rdata        000000
__Lreset_vec                                     reset_vec    000000
__Lrparam                                        rparam       000000
__Lsfr                                           sfr          000000
__Lsmallconst                                    smallconst   000000
__Lspace_0                                       (abs)        000000
__Lspace_1                                       (abs)        000000
__Lspace_2                                       (abs)        000000
__Lstack                                         stack        000000
__Lstruct                                        struct       000000
__Ltemp                                          temp         00004C
__Ltext                                          text         000000
__Ltext0                                         text0        000000
__Ltext1                                         text1        000000
__Ltext10                                        text10       000000
__Ltext11                                        text11       000000
__Ltext12                                        text12       000000
__Ltext13                                        text13       000000
__Ltext14                                        text14       000000
__Ltext15                                        text15       000000
__Ltext16                                        text16       000000
__Ltext17                                        text17       000000
__Ltext18                                        text18       000000
__Ltext19                                        text19       000000
__Ltext2                                         text2        000000
__Ltext20                                        text20       000000
__Ltext21                                        text21       000000
__Ltext22                                        text22       000000
__Ltext23                                        text23       000000
__Ltext24                                        text24       000000
__Ltext25                                        text25       000000
__Ltext26                                        text26       000000
__Ltext27                                        text27       000000
__Ltext28                                        text28       000000
__Ltext29                                        text29       000000
__Ltext3                                         text3        000000
__Ltext30                                        text30       000000
__Ltext31                                        text31       000000
__Ltext32                                        text32       000000
__Ltext33                                        text33       000000
__Ltext34                                        text34       000000
__Ltext35                                        text35       000000
__Ltext36                                        text36       000000
__Ltext37                                        text37       000000
__Ltext38                                        text38       000000
__Ltext39                                        text39       000000
__Ltext4                                         text4        000000
__Ltext40                                        text40       000000
__Ltext41                                        text41       000000
__Ltext42                                        text42       000000
__Ltext43                                        text43       000000
__Ltext44                                        text44       000000
__Ltext45                                        text45       000000
__Ltext46                                        text46       000000
__Ltext47                                        text47       000000
__Ltext48                                        text48       000000
__Ltext49                                        text49       000000
__Ltext5                                         text5        000000
__Ltext50                                        text50       000000
__Ltext51                                        text51       000000
__Ltext52                                        text52       000000
__Ltext53                                        text53       000000
__Ltext54                                        text54       000000
__Ltext55                                        text55       000000
__Ltext56                                        text56       000000
__Ltext57                                        text57       000000
__Ltext58                                        text58       000000
__Ltext59                                        text59       000000
__Ltext6                                         text6        000000
__Ltext60                                        text60       000000
__Ltext61                                        text61       000000
__Ltext62                                        text62       000000
__Ltext63                                        text63       000000
__Ltext64                                        text64       000000
__Ltext65                                        text65       000000
__Ltext66                                        text66       000000
__Ltext67                                        text67       000000
__Ltext68                                        text68       000000
__Ltext69                                        text69       000000
__Ltext7                                         text7        000000
__Ltext70                                        text70       000000
__Ltext71                                        text71       000000
__Ltext72                                        text72       000000
__Ltext73                                        text73       000000
__Ltext74                                        text74       000000
__Ltext75                                        text75       000000
__Ltext76                                        text76       000000
__Ltext77                                        text77       000000
__Ltext78                                        text78       000000
__Ltext79                                        text79       000000
__Ltext8                                         text8        000000
__Ltext80                                        text80       000000
__Ltext81                                        text81       000000
__Ltext83                                        text83       000000
__Ltext84                                        text84       000000
__Ltext85                                        text85       000000
__Ltext86                                        text86       000000
__Ltext87                                        text87       000000
__Ltext88                                        text88       000000
__Ltext89                                        text89       000000
__Ltext9                                         text9        000000
__Ltext90                                        text90       000000
__S0                                             (abs)        30000E
__S1                                             (abs)        0006E2
__S2                                             (abs)        000000
___awdiv                                         text39       00311E
___awdiv@counter                                 cstackCOMRAM 000018
___awdiv@dividend                                cstackCOMRAM 000014
___awdiv@divisor                                 cstackCOMRAM 000016
___awdiv@quotient                                cstackCOMRAM 00001A
___awdiv@sign                                    cstackCOMRAM 000019
___inthi_sp                                      stack        000000
___intlo_sp                                      stack        000000
___lwdiv                                         text62       003550
___lwdiv@counter                                 cstackCOMRAM 000018
___lwdiv@dividend                                cstackCOMRAM 000014
___lwdiv@divisor                                 cstackCOMRAM 000016
___lwdiv@quotient                                cstackCOMRAM 000019
___lwmod                                         text61       0037EA
___lwmod@counter                                 cstackCOMRAM 00001F
___lwmod@dividend                                cstackCOMRAM 00001B
___lwmod@divisor                                 cstackCOMRAM 00001D
___param_bank                                    (abs)        000000
___rparam_used                                   (abs)        000001
___sp                                            stack        000000
___wmul                                          text65       003A3A
___wmul@multiplicand                             cstackCOMRAM 00001E
___wmul@multiplier                               cstackCOMRAM 00001C
___wmul@product                                  cstackCOMRAM 000020
__accesstop                                      (abs)        000060
__activetblptr                                   (abs)        000003
__delay_MS                                       text35       0037A6
__delay_MS@delay                                 cstackCOMRAM 000014
__delay_MS@val                                   cstackCOMRAM 000017
__end_of_EUSART1_Initialize                      text81       003952
__end_of_EUSART1_Read                            text67       003986
__end_of_EUSART1_Receive_ISR                     text89       003A10
__end_of_EUSART1_Transmit_ISR                    text88       0039B6
__end_of_EUSART1_Write                           text60       0038AA
__end_of_INTERRUPT_Initialize                    text80       003CBC
__end_of_INTERRUPT_InterruptManager              intcode      0000C6
__end_of_OSCILLATOR_Initialize                   text79       003C42
__end_of_PIN_MANAGER_Initialize                  text78       00386E
__end_of_SYSTEM_Initialize                       text70       003B3C
__end_of_TMR0_CallBack                           text84       003AE2
__end_of_TMR0_DefaultInterruptHandler            text85       003CBE
__end_of_TMR0_ISR                                text83       003BEE
__end_of_TMR0_Initialize                         text75       00391C
__end_of_TMR0_SetInterruptHandler                text77       003C8E
__end_of_TMR0_StartTimer                         text76       003CB8
__end_of_TMR0_StopTimer                          text69       003CB0
__end_of_TMR1_HasOverflowOccured                 text38       003C5A
__end_of_TMR1_Initialize                         text73       003AC2
__end_of_TMR1_Reload                             text37       003C4E
__end_of_TMR1_StartTimer                         text74       003CB4
__end_of_TMR1_StopTimer                          text36       003CAC
__end_of_TMR5_Initialize                         text71       003AA2
__end_of_TMR5_StartTimer                         text72       003CA8
__end_of_TMR5_StopTimer                          text68       003CA2
__end_of___awdiv                                 text39       0031A2
__end_of___lwdiv                                 text62       0035A2
__end_of___lwmod                                 text61       00382C
__end_of___wmul                                  text65       003A60
__end_of__delay_MS                               text35       0037EA
__end_of__initialization                         cinit        00329A
__end_of_atoi                                    text63       00276C
__end_of_char_enter_mode_left_to_right           text13       003C96
__end_of_clcd_display_string_config              text30       0034A4
__end_of_clcd_max_col                            text41       003C34
__end_of_clcd_max_row                            text40       003C26
__end_of_clear_cmd_data                          text2        003A3A
__end_of_clear_display_array                     text27       003A82
__end_of_clear_display_structure                 text29       003B00
__end_of_cmd_consol_task                         text3        002254
__end_of_collect_column                          text56       002AB8
__end_of_collect_row                             text55       0029C0
__end_of_conflict_check                          text15       001C0C
__end_of_console_init                            text1        003316
__end_of_copy_data                               text14       00205A
__end_of_cputs                                   text18       0039E4
__end_of_delay                                   text33       0036D6
__end_of_display_text                            text11       003224
__end_of_dpowers                                 mediumconst  00FCE1
__end_of_get_direction                           text54       002BA8
__end_of_get_dis_frq                             text53       002D6C
__end_of_get_over_write_data                     text52       002C8A
__end_of_get_str                                 text49       0033EC
__end_of_getch                                   text66       003C9C
__end_of_heart_beat                              text87       003B5A
__end_of_init_CLCD_config                        text24       002FCE
__end_of_init_clcd_cusotom_lcd                   text23       002E4A
__end_of_isdigit                                 text64       003B1E
__end_of_main                                    text0        0034FC
__end_of_make_array                              text86       003C66
__end_of_make_display                            text6        002436
__end_of_max_display_str                         text22       003C18
__end_of_max_display_support                     text21       003C70
__end_of_max_uid_range                           text20       003C0A
__end_of_memcpy                                  text34       0037A6
__end_of_memset                                  text51       003762
__end_of_min_uid_range                           text19       003BFC
__end_of_parse_cmd_str                           text42       000F86
__end_of_printf                                  text58       00260E
__end_of_putch                                   text59       003C84
__end_of_puts                                    text17       003BBC
__end_of_reply_to_host                           text4        00196A
__end_of_reset_clcd                              text26       003C7A
__end_of_reset_display_structure_count           text28       003BDE
__end_of_scroll_left_to_right                    text10       001630
__end_of_scroll_off                              text9        0028C8
__end_of_scroll_right_to_left                    text7        0012E8
__end_of_set_cursor                              text12       003BA8
__end_of_strchr                                  text48       003386
__end_of_strcmp                                  text16       00368C
__end_of_strcpy                                  text50       00371C
__end_of_strcspn                                 text45       003642
__end_of_strlen                                  text57       003550
__end_of_strncmp                                 text47       002F1A
__end_of_strncpy                                 text8        00344A
__end_of_strspn                                  text44       0035F2
__end_of_strstr                                  text46       00311E
__end_of_strtok                                  text43       00307E
__end_of_update_string_data                      text5        001E5C
__end_of_write_lcd_cmd                           text25       003B76
__end_of_write_lcd_data                          text32       003B92
__end_of_write_str                               text31       0038E4
__initialization                                 cinit        003224
__mediumconst                                    mediumconst  00FCD6
__pbssBANK0                                      bssBANK0     000060
__pbssBANK1                                      bssBANK1     000100
__pbssBANK2                                      bssBANK2     000200
__pbssBIGRAM                                     bssBIGRAM    000296
__pbssCOMRAM                                     bssCOMRAM    000039
__pcinit                                         cinit        003224
__pcstackBANK0                                   cstackBANK0  0000C6
__pcstackCOMRAM                                  cstackCOMRAM 000001
__pdataBANK0                                     dataBANK0    0000E5
__pdataCOMRAM                                    dataCOMRAM   00004B
__pidataBANK0                                    idataBANK0   003BBC
__pidataCOMRAM                                   idataCOMRAM  003CBE
__pintcode                                       intcode      000008
__pmediumconst                                   mediumconst  00FCD6
__pnvBANK0                                       nvBANK0      0000F6
__pnvCOMRAM                                      nvCOMRAM     000049
__ptext0                                         text0        0034A4
__ptext1                                         text1        0032A4
__ptext10                                        text10       0012E8
__ptext11                                        text11       0031A2
__ptext12                                        text12       003B92
__ptext13                                        text13       003C8E
__ptext14                                        text14       001E5C
__ptext15                                        text15       00196A
__ptext16                                        text16       003642
__ptext17                                        text17       003BA8
__ptext18                                        text18       0039B6
__ptext19                                        text19       003BEE
__ptext2                                         text2        003A10
__ptext20                                        text20       003BFC
__ptext21                                        text21       003C66
__ptext22                                        text22       003C0A
__ptext23                                        text23       002D6C
__ptext24                                        text24       002F1A
__ptext25                                        text25       003B5A
__ptext26                                        text26       003C70
__ptext27                                        text27       003A60
__ptext28                                        text28       003BCE
__ptext29                                        text29       003AE2
__ptext3                                         text3        00205A
__ptext30                                        text30       00344A
__ptext31                                        text31       0038AA
__ptext32                                        text32       003B76
__ptext33                                        text33       00368C
__ptext34                                        text34       003762
__ptext35                                        text35       0037A6
__ptext36                                        text36       003CA8
__ptext37                                        text37       003C42
__ptext38                                        text38       003C4E
__ptext39                                        text39       00311E
__ptext4                                         text4        001630
__ptext40                                        text40       003C18
__ptext41                                        text41       003C26
__ptext42                                        text42       0000CA
__ptext43                                        text43       002FCE
__ptext44                                        text44       0035A2
__ptext45                                        text45       0035F2
__ptext46                                        text46       00307E
__ptext47                                        text47       002E4A
__ptext48                                        text48       003316
__ptext49                                        text49       003386
__ptext5                                         text5        001C0C
__ptext50                                        text50       0036D6
__ptext51                                        text51       00371C
__ptext52                                        text52       002BA8
__ptext53                                        text53       002C8A
__ptext54                                        text54       002AB8
__ptext55                                        text55       0028C8
__ptext56                                        text56       0029C0
__ptext57                                        text57       0034FC
__ptext58                                        text58       002436
__ptext59                                        text59       003C7A
__ptext6                                         text6        002254
__ptext60                                        text60       00386E
__ptext61                                        text61       0037EA
__ptext62                                        text62       003550
__ptext63                                        text63       00260E
__ptext64                                        text64       003B00
__ptext65                                        text65       003A3A
__ptext66                                        text66       003C96
__ptext67                                        text67       003952
__ptext68                                        text68       003C9C
__ptext69                                        text69       003CAC
__ptext7                                         text7        000F86
__ptext70                                        text70       003B1E
__ptext71                                        text71       003A82
__ptext72                                        text72       003CA2
__ptext73                                        text73       003AA2
__ptext74                                        text74       003CB0
__ptext75                                        text75       0038E4
__ptext76                                        text76       003CB4
__ptext77                                        text77       003C84
__ptext78                                        text78       00382C
__ptext79                                        text79       003C34
__ptext8                                         text8        0033EC
__ptext80                                        text80       003CB8
__ptext81                                        text81       00391C
__ptext83                                        text83       003BDE
__ptext84                                        text84       003AC2
__ptext85                                        text85       003CBC
__ptext86                                        text86       003C5A
__ptext87                                        text87       003B3C
__ptext88                                        text88       003986
__ptext89                                        text89       0039E4
__ptext9                                         text9        00276C
__ptext90                                        text90       000000
__ramtop                                         ramtop       001000
__size_of_EUSART1_Initialize                     (abs)        000000
__size_of_EUSART1_Read                           (abs)        000000
__size_of_EUSART1_Receive_ISR                    (abs)        000000
__size_of_EUSART1_Transmit_ISR                   (abs)        000000
__size_of_EUSART1_Write                          (abs)        000000
__size_of_INTERRUPT_Initialize                   (abs)        000000
__size_of_INTERRUPT_InterruptManager             (abs)        000000
__size_of_OSCILLATOR_Initialize                  (abs)        000000
__size_of_PIN_MANAGER_Initialize                 (abs)        000000
__size_of_SYSTEM_Initialize                      (abs)        000000
__size_of_TMR0_CallBack                          (abs)        000000
__size_of_TMR0_DefaultInterruptHandler           (abs)        000000
__size_of_TMR0_ISR                               (abs)        000000
__size_of_TMR0_Initialize                        (abs)        000000
__size_of_TMR0_SetInterruptHandler               (abs)        000000
__size_of_TMR0_StartTimer                        (abs)        000000
__size_of_TMR0_StopTimer                         (abs)        000000
__size_of_TMR1_HasOverflowOccured                (abs)        000000
__size_of_TMR1_Initialize                        (abs)        000000
__size_of_TMR1_Reload                            (abs)        000000
__size_of_TMR1_StartTimer                        (abs)        000000
__size_of_TMR1_StopTimer                         (abs)        000000
__size_of_TMR5_Initialize                        (abs)        000000
__size_of_TMR5_StartTimer                        (abs)        000000
__size_of_TMR5_StopTimer                         (abs)        000000
__size_of___awdiv                                (abs)        000000
__size_of___lwdiv                                (abs)        000000
__size_of___lwmod                                (abs)        000000
__size_of___wmul                                 (abs)        000000
__size_of__delay_MS                              (abs)        000000
__size_of_atoi                                   (abs)        000000
__size_of_char_enter_mode_left_to_right          (abs)        000000
__size_of_clcd_display_string_config             (abs)        000000
__size_of_clcd_max_col                           (abs)        000000
__size_of_clcd_max_row                           (abs)        000000
__size_of_clear_cmd_data                         (abs)        000000
__size_of_clear_display_array                    (abs)        000000
__size_of_clear_display_structure                (abs)        000000
__size_of_cmd_consol_task                        (abs)        000000
__size_of_collect_column                         (abs)        000000
__size_of_collect_row                            (abs)        000000
__size_of_conflict_check                         (abs)        000000
__size_of_console_init                           (abs)        000000
__size_of_copy_data                              (abs)        000000
__size_of_cputs                                  (abs)        000000
__size_of_delay                                  (abs)        000000
__size_of_display_text                           (abs)        000000
__size_of_get_direction                          (abs)        000000
__size_of_get_dis_frq                            (abs)        000000
__size_of_get_over_write_data                    (abs)        000000
__size_of_get_str                                (abs)        000000
__size_of_getch                                  (abs)        000000
__size_of_heart_beat                             (abs)        000000
__size_of_init_CLCD_config                       (abs)        000000
__size_of_init_clcd_cusotom_lcd                  (abs)        000000
__size_of_isdigit                                (abs)        000000
__size_of_main                                   (abs)        000000
__size_of_make_array                             (abs)        000000
__size_of_make_display                           (abs)        000000
__size_of_max_display_str                        (abs)        000000
__size_of_max_display_support                    (abs)        000000
[...]
		None
 Return value:  Size  Location     Type
                  1    wreg      void 
 Registers used:
		wreg, fsr2l, fsr2h, status,2, status,0, pclath, tosl, prodl, prodh, cstack
 Tracked objects:
		On entry : 
		On exit  : 
		Unchanged: 
 Data sizes:     COMRAM   BANK0   BANK1   BANK2   BANK3   BANK4   BANK5   BANK6   BANK7   BANK8   BANK9  BANK10  BANK11  BANK12  BANK13  BANK14  BANK15
      Params:         0       0       0       0       0       0       0       0       0       0       0       0       0       0       0       0       0
      Locals:         0       0       0       0       0       0       0       0       0       0       0       0       0       0       0       0       0
      Temps:         18       0       0       0       0       0       0       0       0       0       0       0       0       0       0       0       0
      Totals:        18       0       0       0       0       0       0       0       0       0       0       0       0       0       0       0       0
Total ram usage:       18 bytes
 Hardware stack levels used:    1
 Hardware stack levels required when called:    4
 This function calls:
		_EUSART1_Receive_ISR
		_EUSART1_Transmit_ISR
		_TMR0_ISR
 This function is called by:
		Interrupt level 2
 This function uses a non-reentrant model


 *************** function _TMR0_ISR *****************
 Defined at:
		line 134 in file "mcc_generated_files/tmr0.c"
 Parameters:    Size  Location     Type
		None
 Auto vars:     Size  Location     Type
		None
 Return value:  Size  Location     Type
                  1    wreg      void 
 Registers used:
		wreg, status,2, status,0, pclath, tosl, cstack
 Tracked objects:
		On entry : 
		On exit  : 
		Unchanged: 
 Data sizes:     COMRAM   BANK0   BANK1   BANK2   BANK3   BANK4   BANK5   BANK6   BANK7   BANK8   BANK9  BANK10  BANK11  BANK12  BANK13  BANK14  BANK15
      Params:         0       0       0       0       0       0       0       0       0       0       0       0       0       0       0       0       0
      Locals:         0       0       0       0       0       0       0       0       0       0       0       0       0       0       0       0       0
      Temps:          0       0       0       0       0       0       0       0       0       0       0       0       0       0       0       0       0
      Totals:         0       0       0       0       0       0       0       0       0       0       0       0       0       0       0       0       0
Total ram usage:        0 bytes
 Hardware stack levels used:    1
 Hardware stack levels required when called:    3
 This function calls:
		_TMR0_CallBack
 This function is called by:
		_INTERRUPT_InterruptManager
 This function uses a non-reentrant model


 *************** function _TMR0_CallBack *****************
 Defined at:
		line 152 in file "mcc_generated_files/tmr0.c"
 Parameters:    Size  Location     Type
		None
 Auto vars:     Size  Location     Type
		None
 Return value:  Size  Location     Type
                  1    wreg      void 
 Registers used:
		wreg, status,2, status,0, pclath, tosl, cstack
 Tracked objects:
		On entry : 
		On exit  : 
		Unchanged: 
 Data sizes:     COMRAM   BANK0   BANK1   BANK2   BANK3   BANK4   BANK5   BANK6   BANK7   BANK8   BANK9  BANK10  BANK11  BANK12  BANK13  BANK14  BANK15
      Params:         0       0       0       0       0       0       0       0       0       0       0       0       0       0       0       0       0
      Locals:         0       0       0       0       0       0       0       0       0       0       0       0       0       0       0       0       0
      Temps:          0       0       0       0       0       0       0       0       0       0       0       0       0       0       0       0       0
      Totals:         0       0       0       0       0       0       0       0       0       0       0       0       0       0       0       0       0
Total ram usage:        0 bytes
 Hardware stack levels used:    1
 Hardware stack levels required when called:    2
 This function calls:
		Absolute function
		_TMR0_DefaultInterruptHandler
		_make_array
 This function is called by:
		_TMR0_ISR
 This function uses a non-reentrant model


 *************** function _TMR0_DefaultInterruptHandler *****************
 Defined at:
		line 166 in file "mcc_generated_files/tmr0.c"
 Parameters:    Size  Location     Type
		None
 Auto vars:     Size  Location     Type
		None
 Return value:  Size  Location     Type
                  1    wreg      void 
 Registers used:
		None
 Tracked objects:
		On entry : 
		On exit  : 
		Unchanged: 
 Data sizes:     COMRAM   BANK0   BANK1   BANK2   BANK3   BANK4   BANK5   BANK6   BANK7   BANK8   BANK9  BANK10  BANK11  BANK12  BANK13  BANK14  BANK15
      Params:         0       0       0       0       0       0       0       0       0       0       0       0       0       0       0       0       0
      Locals:         0       0       0       0       0       0       0       0       0       0       0       0       0       0       0       0       0
      Temps:          0       0       0       0       0       0       0       0       0       0       0       0       0       0       0       0       0
      Totals:         0       0       0       0       0       0       0       0       0       0       0       0       0       0       0       0       0
Total ram usage:        0 bytes
 Hardware stack levels used:    1
 This function calls:
		Nothing
 This function is called by:
		_TMR0_Initialize
		_TMR0_CallBack
 This function uses a non-reentrant model


 *************** function _make_array *****************
 Defined at:
		line 59 in file "main.c"
 Parameters:    Size  Location     Type
		None
 Auto vars:     Size  Location     Type
		None
 Return value:  Size  Location     Type
                  1    wreg      void 
 Registers used:
		wreg, status,2, status,0, cstack
 Tracked objects:
		On entry : 
		On exit  : 
		Unchanged: 
 Data sizes:     COMRAM   BANK0   BANK1   BANK2   BANK3   BANK4   BANK5   BANK6   BANK7   BANK8   BANK9  BANK10  BANK11  BANK12  BANK13  BANK14  BANK15
      Params:         0       0       0       0       0       0       0       0       0       0       0       0       0       0       0       0       0
      Locals:         0       0       0       0       0       0       0       0       0       0       0       0       0       0       0       0       0
      Temps:          0       0       0       0       0       0       0       0       0       0       0       0       0       0       0       0       0
      Totals:         0       0       0       0       0       0       0       0       0       0       0       0       0       0       0       0       0
Total ram usage:        0 bytes
 Hardware stack levels used:    1
 Hardware stack levels required when called:    1
 This function calls:
		_heart_beat
 This function is called by:
		_main
		_TMR0_CallBack
 This function uses a non-reentrant model


 *************** function _heart_beat *****************
 Defined at:
		line 54 in file "main.c"
 Parameters:    Size  Location     Type
		None
 Auto vars:     Size  Location     Type
		None
 Return value:  Size  Location     Type
                  1    wreg      void 
 Registers used:
		wreg, status,2, status,0
 Tracked objects:
		On entry : 
		On exit  : 
		Unchanged: 
 Data sizes:     COMRAM   BANK0   BANK1   BANK2   BANK3   BANK4   BANK5   BANK6   BANK7   BANK8   BANK9  BANK10  BANK11  BANK12  BANK13  BANK14  BANK15
      Params:         0       0       0       0       0       0       0       0       0       0       0       0       0       0       0       0       0
      Locals:         0       0       0       0       0       0       0       0       0       0       0       0       0       0       0       0       0
      Temps:          1       0       0       0       0       0       0       0       0       0       0       0       0       0       0       0       0
      Totals:         1       0       0       0       0       0       0       0       0       0       0       0       0       0       0       0       0
Total ram usage:        1 bytes
 Hardware stack levels used:    1
 This function calls:
		Nothing
 This function is called by:
		_make_array
 This function uses a non-reentrant model


 *************** function _EUSART1_Transmit_ISR *****************
 Defined at:
		line 165 in file "mcc_generated_files/eusart1.c"
 Parameters:    Size  Location     Type
		None
 Auto vars:     Size  Location     Type
		None
 Return value:  Size  Location     Type
                  1    wreg      void 
 Registers used:
		wreg, fsr2l, fsr2h, status,2, status,0, prodl, prodh
 Tracked objects:
		On entry : 
		On exit  : 
		Unchanged: 
 Data sizes:     COMRAM   BANK0   BANK1   BANK2   BANK3   BANK4   BANK5   BANK6   BANK7   BANK8   BANK9  BANK10  BANK11  BANK12  BANK13  BANK14  BANK15
      Params:         0       0       0       0       0       0       0       0       0       0       0       0       0       0       0       0       0
      Locals:         0       0       0       0       0       0       0       0       0       0       0       0       0       0       0       0       0
      Temps:          0       0       0       0       0       0       0       0       0       0       0       0       0       0       0       0       0
      Totals:         0       0       0       0       0       0       0       0       0       0       0       0       0       0       0       0       0
Total ram usage:        0 bytes
 Hardware stack levels used:    1
 This function calls:
		Nothing
 This function is called by:
		_INTERRUPT_InterruptManager
 This function uses a non-reentrant model


 *************** function _EUSART1_Receive_ISR *****************
 Defined at:
		line 184 in file "mcc_generated_files/eusart1.c"
 Parameters:    Size  Location     Type
		None
 Auto vars:     Size  Location     Type
		None
 Return value:  Size  Location     Type
                  1    wreg      void 
 Registers used:
		wreg, fsr2l, fsr2h, status,2, status,0, prodl, prodh
 Tracked objects:
		On entry : 
		On exit  : 
		Unchanged: 
 Data sizes:     COMRAM   BANK0   BANK1   BANK2   BANK3   BANK4   BANK5   BANK6   BANK7   BANK8   BANK9  BANK10  BANK11  BANK12  BANK13  BANK14  BANK15
      Params:         0       0       0       0       0       0       0       0       0       0       0       0       0       0       0       0       0
      Locals:         0       0       0       0       0       0       0       0       0       0       0       0       0       0       0       0       0
      Temps:          0       0       0       0       0       0       0       0       0       0       0       0       0       0       0       0       0
      Totals:         0       0       0       0       0       0       0       0       0       0       0       0       0       0       0       0       0
Total ram usage:        0 bytes
 Hardware stack levels used:    1
 This function calls:
		Nothing
 This function is called by:
		_INTERRUPT_InterruptManager
 This function uses a non-reentrant model



MODULE INFORMATION

Module		Function		Class		Link	Load	Size
C:\Program Files\Microchip\xc8\v1.44\sources\common\doprnt.c
		_printf        		CODE           	2436	0000	473

C:\Program Files\Microchip\xc8\v1.44\sources\common\doprnt.c estimated size: 473

delay.c
		_delay         		CODE           	368C	0000	75
		__delay_MS     		CODE           	37A6	0000	69

delay.c estimated size: 144

C:\Program Files\Microchip\xc8\v1.44\sources\common\strstr.c
		_strstr        		CODE           	307E	0000	161

C:\Program Files\Microchip\xc8\v1.44\sources\common\strstr.c estimated size: 161

C:\Program Files\Microchip\xc8\v1.44\sources\common\Umul16.c
		___wmul        		CODE           	3A3A	0000	39

C:\Program Files\Microchip\xc8\v1.44\sources\common\Umul16.c estimated size: 39

C:\Program Files\Microchip\xc8\v1.44\sources\common\lwdiv.c
		___lwdiv       		CODE           	3550	0000	83

C:\Program Files\Microchip\xc8\v1.44\sources\common\lwdiv.c estimated size: 83

mcc_generated_files/interrupt_manager.c
		_INTERRUPT_Initialize		CODE           	3CB8	0000	5
		_INTERRUPT_InterruptManager		CODE           	0008	0000	191

mcc_generated_files/interrupt_manager.c estimated size: 196

C:\Program Files\Microchip\xc8\v1.44\sources\common\strtok.c
		_strtok        		CODE           	2FCE	0000	177

C:\Program Files\Microchip\xc8\v1.44\sources\common\strtok.c estimated size: 177

C:\Program Files\Microchip\xc8\v1.44\sources\common\memcpy.c
		_memcpy        		CODE           	3762	0000	69

C:\Program Files\Microchip\xc8\v1.44\sources\common\memcpy.c estimated size: 69

mcc_generated_files/tmr0.c
		_TMR0_SetInterruptHandler		CODE           	3C84	0000	11
		_TMR0_StopTimer		CODE           	3CAC	0000	5
		_TMR0_DefaultInterruptHandler		CODE           	3CBC	0000	3
		_TMR0_CallBack 		CODE           	3AC2	0000	33
		_TMR0_StartTimer		CODE           	3CB4	0000	5
		_TMR0_ISR      		CODE           	3BDE	0000	17
		_TMR0_Initialize		CODE           	38E4	0000	57

mcc_generated_files/tmr0.c estimated size: 131

mcc_generated_files/pin_manager.c
		_PIN_MANAGER_Initialize		CODE           	382C	0000	67

mcc_generated_files/pin_manager.c estimated size: 67

C:\Program Files\Microchip\xc8\v1.44\sources\common\puts.c
		_puts          		CODE           	3BA8	0000	21

C:\Program Files\Microchip\xc8\v1.44\sources\common\puts.c estimated size: 21

cmd_consol.c
		_reply_to_host 		CODE           	1630	0000	827
		_get_direction 		CODE           	2AB8	0000	241
		_cmd_consol_task		CODE           	205A	0000	507
		_get_over_write_data		CODE           	2BA8	0000	227
		_parse_cmd_str 		CODE           	00CA	0000	3773
		_get_str       		CODE           	3386	0000	103
		_collect_row   		CODE           	28C8	0000	249
		_clear_cmd_data		CODE           	3A10	0000	43
		_console_init  		CODE           	32A4	0000	115
		_get_dis_frq   		CODE           	2C8A	0000	227
		_collect_column		CODE           	29C0	0000	249

cmd_consol.c estimated size: 6561

C:\Program Files\Microchip\xc8\v1.44\sources\common\awdiv.c
		___awdiv       		CODE           	311E	0000	133

C:\Program Files\Microchip\xc8\v1.44\sources\common\awdiv.c estimated size: 133

C:\Program Files\Microchip\xc8\v1.44\sources\common\atoi.c
		_atoi          		CODE           	260E	0000	351

C:\Program Files\Microchip\xc8\v1.44\sources\common\atoi.c estimated size: 351

C:\Program Files\Microchip\xc8\v1.44\sources\common\strlen.c
		_strlen        		CODE           	34FC	0000	85

C:\Program Files\Microchip\xc8\v1.44\sources\common\strlen.c estimated size: 85

C:\Program Files\Microchip\xc8\v1.44\sources\common\strcmp.c
		_strcmp        		CODE           	3642	0000	75

C:\Program Files\Microchip\xc8\v1.44\sources\common\strcmp.c estimated size: 75

C:\Program Files\Microchip\xc8\v1.44\sources\common\strncmp.c
		_strncmp       		CODE           	2E4A	0000	209

C:\Program Files\Microchip\xc8\v1.44\sources\common\strncmp.c estimated size: 209

C:\Program Files\Microchip\xc8\v1.44\sources\common\strchr.c
		_strchr        		CODE           	3316	0000	113

C:\Program Files\Microchip\xc8\v1.44\sources\common\strchr.c estimated size: 113

C:\Program Files\Microchip\xc8\v1.44\sources\common\strcpy.c
		_strcpy        		CODE           	36D6	0000	71

C:\Program Files\Microchip\xc8\v1.44\sources\common\strcpy.c estimated size: 71

C:\Program Files\Microchip\xc8\v1.44\sources\common\strncpy.c
		_strncpy       		CODE           	33EC	0000	95

C:\Program Files\Microchip\xc8\v1.44\sources\common\strncpy.c estimated size: 95

mcc_generated_files/tmr5.c
		_TMR5_Initialize		CODE           	3A82	0000	33
		_TMR5_StopTimer		CODE           	3C9C	0000	7
		_TMR5_StartTimer		CODE           	3CA2	0000	7

mcc_generated_files/tmr5.c estimated size: 47

shared
		_dpowers       		MEDIUMCONST    	FCD7	0000	11
		__initialization		CODE           	3224	0000	119

shared estimated size: 130

mcc_generated_files/eusart1.c
		_EUSART1_Initialize		CODE           	391C	0000	55
		_putch         		CODE           	3C7A	0000	11
		_EUSART1_Read  		CODE           	3952	0000	53
		_EUSART1_Write 		CODE           	386E	0000	61
		_EUSART1_Receive_ISR		CODE           	39E4	0000	45
		_getch         		CODE           	3C96	0000	7
		_EUSART1_Transmit_ISR		CODE           	3986	0000	49

mcc_generated_files/eusart1.c estimated size: 281

clcd.c
		_conflict_check		CODE           	196A	0000	675
		_copy_data     		CODE           	1E5C	0000	511
		_clear_display_structure		CODE           	3AE2	0000	31
		_display_text  		CODE           	31A2	0000	131
		_set_cursor    		CODE           	3B92	0000	23
		_write_str     		CODE           	38AA	0000	59
		_clcd_display_string_config		CODE           	344A	0000	91
		_init_clcd_cusotom_lcd		CODE           	2D6C	0000	223
		_min_uid_range 		CODE           	3BEE	0000	15
		_char_enter_mode_left_to_right		CODE           	3C8E	0000	9
		_make_display  		CODE           	2254	0000	483
		_reset_display_structure_count		CODE           	3BCE	0000	17
		_max_display_str		CODE           	3C0A	0000	15
		_scroll_right_to_left		CODE           	0F86	0000	867
		_write_lcd_cmd 		CODE           	3B5A	0000	29
		_update_string_data		CODE           	1C0C	0000	593
		_max_uid_range 		CODE           	3BFC	0000	15
		_init_CLCD_config		CODE           	2F1A	0000	181
		_reset_clcd    		CODE           	3C70	0000	11
		_clear_display_array		CODE           	3A60	0000	35
		_write_lcd_data		CODE           	3B76	0000	29
		_scroll_left_to_right		CODE           	12E8	0000	841
		_max_display_support		CODE           	3C66	0000	11
		_clcd_max_col  		CODE           	3C26	0000	15
		_clcd_max_row  		CODE           	3C18	0000	15
		_scroll_off    		CODE           	276C	0000	349

clcd.c estimated size: 5274

mcc_generated_files/mcc.c
		_OSCILLATOR_Initialize		CODE           	3C34	0000	15
		_SYSTEM_Initialize		CODE           	3B1E	0000	31

mcc_generated_files/mcc.c estimated size: 46

mcc_generated_files/tmr1.c
		_TMR1_Initialize		CODE           	3AA2	0000	33
		_TMR1_StopTimer		CODE           	3CA8	0000	5
		_TMR1_Reload   		CODE           	3C42	0000	13
		_TMR1_StartTimer		CODE           	3CB0	0000	5
		_TMR1_HasOverflowOccured		CODE           	3C4E	0000	13

mcc_generated_files/tmr1.c estimated size: 69

C:\Program Files\Microchip\xc8\v1.44\sources\common\isdigit.c
		_isdigit       		CODE           	3B00	0000	31

C:\Program Files\Microchip\xc8\v1.44\sources\common\isdigit.c estimated size: 31

C:\Program Files\Microchip\xc8\v1.44\sources\common\cputs.c
		_cputs         		CODE           	39B6	0000	47

C:\Program Files\Microchip\xc8\v1.44\sources\common\cputs.c estimated size: 47

C:\Program Files\Microchip\xc8\v1.44\sources\common\lwmod.c
		___lwmod       		CODE           	37EA	0000	67

C:\Program Files\Microchip\xc8\v1.44\sources\common\lwmod.c estimated size: 67

C:\Program Files\Microchip\xc8\v1.44\sources\common\strspn.c
		_strspn        		CODE           	35A2	0000	81

C:\Program Files\Microchip\xc8\v1.44\sources\common\strspn.c estimated size: 81

C:\Program Files\Microchip\xc8\v1.44\sources\common\memset.c
		_memset        		CODE           	371C	0000	71

C:\Program Files\Microchip\xc8\v1.44\sources\common\memset.c estimated size: 71

main.c
		_main          		CODE           	34A4	0000	89
		_heart_beat    		CODE           	3B3C	0000	31
		_make_array    		CODE           	3C5A	0000	13

main.c estimated size: 133

C:\Program Files\Microchip\xc8\v1.44\sources\common\strcspn.c
		_strcspn       		CODE           	35F2	0000	81

C:\Program Files\Microchip\xc8\v1.44\sources\common\strcspn.c estimated size: 81

